Component: ARM Compiler 5.05 update 2 (build 169) Tool: armlink [4d0f33]

==============================================================================

Section Cross References

    startup_stm32f429xx.o(RESET) refers to startup_stm32f429xx.o(STACK) for __initial_sp
    startup_stm32f429xx.o(RESET) refers to startup_stm32f429xx.o(.text) for Reset_Handler
    startup_stm32f429xx.o(RESET) refers to stm32f4xx_it.o(i.SysTick_Handler) for SysTick_Handler
    startup_stm32f429xx.o(RESET) refers to stm32f4xx_it.o(i.OTG_FS_IRQHandler) for OTG_FS_IRQHandler
    startup_stm32f429xx.o(.text) refers to system_stm32f4xx.o(i.SystemInit) for SystemInit
    startup_stm32f429xx.o(.text) refers to entry.o(.ARM.Collect$$$$00000000) for __main
    main.o(i.MX_FMC_Init) refers to stm32f4xx_hal_sdram.o(i.HAL_SDRAM_Init) for HAL_SDRAM_Init
    main.o(i.MX_FMC_Init) refers to main.o(.bss) for .bss
    main.o(i.MX_GPIO_Init) refers to stm32f4xx_hal_gpio.o(i.HAL_GPIO_Init) for HAL_GPIO_Init
    main.o(i.MX_LTDC_Init) refers to stm32f4xx_hal_ltdc.o(i.HAL_LTDC_Init) for HAL_LTDC_Init
    main.o(i.MX_LTDC_Init) refers to stm32f4xx_hal_ltdc.o(i.HAL_LTDC_ConfigLayer) for HAL_LTDC_ConfigLayer
    main.o(i.MX_LTDC_Init) refers to main.o(.bss) for .bss
    main.o(i.SDRAM_Initialization_Sequence) refers to stm32f4xx_hal_sdram.o(i.HAL_SDRAM_SendCommand) for HAL_SDRAM_SendCommand
    main.o(i.SDRAM_Initialization_Sequence) refers to stm32f4xx_hal.o(i.HAL_Delay) for HAL_Delay
    main.o(i.SDRAM_Initialization_Sequence) refers to stm32f4xx_hal_sdram.o(i.HAL_SDRAM_ProgramRefreshRate) for HAL_SDRAM_ProgramRefreshRate
    main.o(i.SystemClock_Config) refers to stm32f4xx_hal_rcc.o(i.HAL_RCC_OscConfig) for HAL_RCC_OscConfig
    main.o(i.SystemClock_Config) refers to stm32f4xx_hal_rcc.o(i.HAL_RCC_ClockConfig) for HAL_RCC_ClockConfig
    main.o(i.SystemClock_Config) refers to stm32f4xx_hal_rcc_ex.o(i.HAL_RCCEx_PeriphCLKConfig) for HAL_RCCEx_PeriphCLKConfig
    main.o(i.SystemClock_Config) refers to stm32f4xx_hal_rcc.o(i.HAL_RCC_GetHCLKFreq) for HAL_RCC_GetHCLKFreq
    main.o(i.SystemClock_Config) refers to stm32f4xx_hal_cortex.o(i.HAL_SYSTICK_Config) for HAL_SYSTICK_Config
    main.o(i.SystemClock_Config) refers to stm32f4xx_hal_cortex.o(i.HAL_SYSTICK_CLKSourceConfig) for HAL_SYSTICK_CLKSourceConfig
    main.o(i.main) refers to stm32f4xx_hal.o(i.HAL_Init) for HAL_Init
    main.o(i.main) refers to main.o(i.SystemClock_Config) for SystemClock_Config
    main.o(i.main) refers to main.o(i.MX_GPIO_Init) for MX_GPIO_Init
    main.o(i.main) refers to stm32f4xx_hal_crc.o(i.HAL_CRC_Init) for HAL_CRC_Init
    main.o(i.main) refers to main.o(i.MX_FMC_Init) for MX_FMC_Init
    main.o(i.main) refers to main.o(i.MX_LTDC_Init) for MX_LTDC_Init
    main.o(i.main) refers to fatfs.o(i.MX_FATFS_Init) for MX_FATFS_Init
    main.o(i.main) refers to usb_device.o(i.MX_USB_DEVICE_Init) for MX_USB_DEVICE_Init
    main.o(i.main) refers to ff.o(i.f_open) for f_open
    main.o(i.main) refers to usbd_cdc.o(i.USBD_CDC_SetTxBuffer) for USBD_CDC_SetTxBuffer
    main.o(i.main) refers to usbd_cdc.o(i.USBD_CDC_TransmitPacket) for USBD_CDC_TransmitPacket
    main.o(i.main) refers to ff.o(i.f_read) for f_read
    main.o(i.main) refers to main.o(i.SDRAM_Initialization_Sequence) for SDRAM_Initialization_Sequence
    main.o(i.main) refers to stm32f4xx_hal.o(i.HAL_Delay) for HAL_Delay
    main.o(i.main) refers to main.o(.data) for .data
    main.o(i.main) refers to main.o(.bss) for .bss
    main.o(i.main) refers to usb_device.o(.bss) for hUsbDeviceFS
    stm32f4xx_it.o(i.OTG_FS_IRQHandler) refers to stm32f4xx_hal_pcd.o(i.HAL_PCD_IRQHandler) for HAL_PCD_IRQHandler
    stm32f4xx_it.o(i.OTG_FS_IRQHandler) refers to usbd_conf.o(.bss) for hpcd_USB_OTG_FS
    stm32f4xx_it.o(i.SysTick_Handler) refers to stm32f4xx_hal.o(i.HAL_IncTick) for HAL_IncTick
    stm32f4xx_it.o(i.SysTick_Handler) refers to stm32f4xx_hal_cortex.o(i.HAL_SYSTICK_IRQHandler) for HAL_SYSTICK_IRQHandler
    stm32f4xx_hal_msp.o(i.HAL_FMC_MspInit) refers to stm32f4xx_hal_gpio.o(i.HAL_GPIO_Init) for HAL_GPIO_Init
    stm32f4xx_hal_msp.o(i.HAL_FMC_MspInit) refers to stm32f4xx_hal_msp.o(.data) for .data
    stm32f4xx_hal_msp.o(i.HAL_LTDC_MspDeInit) refers to stm32f4xx_hal_gpio.o(i.HAL_GPIO_DeInit) for HAL_GPIO_DeInit
    stm32f4xx_hal_msp.o(i.HAL_LTDC_MspInit) refers to stm32f4xx_hal_gpio.o(i.HAL_GPIO_Init) for HAL_GPIO_Init
    stm32f4xx_hal_msp.o(i.HAL_MspInit) refers to stm32f4xx_hal_cortex.o(i.HAL_NVIC_SetPriorityGrouping) for HAL_NVIC_SetPriorityGrouping
    stm32f4xx_hal_msp.o(i.HAL_MspInit) refers to stm32f4xx_hal_cortex.o(i.HAL_NVIC_SetPriority) for HAL_NVIC_SetPriority
    stm32f4xx_hal_msp.o(i.HAL_SDRAM_MspDeInit) refers to stm32f4xx_hal_gpio.o(i.HAL_GPIO_DeInit) for HAL_GPIO_DeInit
    stm32f4xx_hal_msp.o(i.HAL_SDRAM_MspDeInit) refers to stm32f4xx_hal_msp.o(.data) for .data
    stm32f4xx_hal_msp.o(i.HAL_SDRAM_MspInit) refers to stm32f4xx_hal_msp.o(i.HAL_FMC_MspInit) for HAL_FMC_MspInit
[...]
    i.USBD_CDC_Init                          0x0800347c   Section        0  usbd_cdc.o(i.USBD_CDC_Init)
    USBD_CDC_Init                            0x0800347d   Thumb Code   136  usbd_cdc.o(i.USBD_CDC_Init)
    i.USBD_CDC_ReceivePacket                 0x08003504   Section        0  usbd_cdc.o(i.USBD_CDC_ReceivePacket)
    i.USBD_CDC_RegisterInterface             0x0800352c   Section        0  usbd_cdc.o(i.USBD_CDC_RegisterInterface)
    i.USBD_CDC_SetRxBuffer                   0x0800353c   Section        0  usbd_cdc.o(i.USBD_CDC_SetRxBuffer)
    i.USBD_CDC_SetTxBuffer                   0x08003548   Section        0  usbd_cdc.o(i.USBD_CDC_SetTxBuffer)
    i.USBD_CDC_Setup                         0x08003558   Section        0  usbd_cdc.o(i.USBD_CDC_Setup)
    USBD_CDC_Setup                           0x08003559   Thumb Code   106  usbd_cdc.o(i.USBD_CDC_Setup)
    i.USBD_CDC_TransmitPacket                0x080035c8   Section        0  usbd_cdc.o(i.USBD_CDC_TransmitPacket)
    i.USBD_ClrClassConfig                    0x080035f8   Section        0  usbd_core.o(i.USBD_ClrClassConfig)
    i.USBD_CtlContinueRx                     0x08003606   Section        0  usbd_ioreq.o(i.USBD_CtlContinueRx)
    i.USBD_CtlContinueSendData               0x08003616   Section        0  usbd_ioreq.o(i.USBD_CtlContinueSendData)
    i.USBD_CtlError                          0x08003626   Section        0  usbd_ctlreq.o(i.USBD_CtlError)
    i.USBD_CtlPrepareRx                      0x0800363c   Section        0  usbd_ioreq.o(i.USBD_CtlPrepareRx)
    i.USBD_CtlReceiveStatus                  0x0800365a   Section        0  usbd_ioreq.o(i.USBD_CtlReceiveStatus)
    i.USBD_CtlSendData                       0x08003670   Section        0  usbd_ioreq.o(i.USBD_CtlSendData)
    i.USBD_CtlSendStatus                     0x0800368a   Section        0  usbd_ioreq.o(i.USBD_CtlSendStatus)
    i.USBD_FS_ConfigStrDescriptor            0x080036a0   Section        0  usbd_desc.o(i.USBD_FS_ConfigStrDescriptor)
    i.USBD_FS_DeviceDescriptor               0x080036c0   Section        0  usbd_desc.o(i.USBD_FS_DeviceDescriptor)
    i.USBD_FS_InterfaceStrDescriptor         0x080036cc   Section        0  usbd_desc.o(i.USBD_FS_InterfaceStrDescriptor)
    i.USBD_FS_LangIDStrDescriptor            0x080036f0   Section        0  usbd_desc.o(i.USBD_FS_LangIDStrDescriptor)
    i.USBD_FS_ManufacturerStrDescriptor      0x080036fc   Section        0  usbd_desc.o(i.USBD_FS_ManufacturerStrDescriptor)
    i.USBD_FS_ProductStrDescriptor           0x08003718   Section        0  usbd_desc.o(i.USBD_FS_ProductStrDescriptor)
    i.USBD_FS_SerialStrDescriptor            0x08003734   Section        0  usbd_desc.o(i.USBD_FS_SerialStrDescriptor)
    i.USBD_GetDescriptor                     0x08003758   Section        0  usbd_ctlreq.o(i.USBD_GetDescriptor)
    USBD_GetDescriptor                       0x08003759   Thumb Code   224  usbd_ctlreq.o(i.USBD_GetDescriptor)
    i.USBD_GetString                         0x08003838   Section        0  usbd_ctlreq.o(i.USBD_GetString)
    i.USBD_Init                              0x0800387e   Section        0  usbd_core.o(i.USBD_Init)
    i.USBD_LL_ClearStallEP                   0x080038a8   Section        0  usbd_conf.o(i.USBD_LL_ClearStallEP)
    i.USBD_LL_CloseEP                        0x080038b6   Section        0  usbd_conf.o(i.USBD_LL_CloseEP)
    i.USBD_LL_DataInStage                    0x080038c4   Section        0  usbd_core.o(i.USBD_LL_DataInStage)
    i.USBD_LL_DataOutStage                   0x0800396e   Section        0  usbd_core.o(i.USBD_LL_DataOutStage)
    i.USBD_LL_DevConnected                   0x080039d8   Section        0  usbd_core.o(i.USBD_LL_DevConnected)
    i.USBD_LL_DevDisconnected                0x080039dc   Section        0  usbd_core.o(i.USBD_LL_DevDisconnected)
    i.USBD_LL_GetRxDataSize                  0x080039f2   Section        0  usbd_conf.o(i.USBD_LL_GetRxDataSize)
    i.USBD_LL_Init                           0x080039fc   Section        0  usbd_conf.o(i.USBD_LL_Init)
    i.USBD_LL_IsStallEP                      0x08003a58   Section        0  usbd_conf.o(i.USBD_LL_IsStallEP)
    i.USBD_LL_IsoINIncomplete                0x08003a78   Section        0  usbd_core.o(i.USBD_LL_IsoINIncomplete)
    i.USBD_LL_IsoOUTIncomplete               0x08003a7c   Section        0  usbd_core.o(i.USBD_LL_IsoOUTIncomplete)
    i.USBD_LL_OpenEP                         0x08003a80   Section        0  usbd_conf.o(i.USBD_LL_OpenEP)
    i.USBD_LL_PrepareReceive                 0x08003a94   Section        0  usbd_conf.o(i.USBD_LL_PrepareReceive)
    i.USBD_LL_Reset                          0x08003aa2   Section        0  usbd_core.o(i.USBD_LL_Reset)
    i.USBD_LL_Resume                         0x08003ae0   Section        0  usbd_core.o(i.USBD_LL_Resume)
    i.USBD_LL_SOF                            0x08003aec   Section        0  usbd_core.o(i.USBD_LL_SOF)
    i.USBD_LL_SetSpeed                       0x08003b04   Section        0  usbd_core.o(i.USBD_LL_SetSpeed)
    i.USBD_LL_SetUSBAddress                  0x08003b0a   Section        0  usbd_conf.o(i.USBD_LL_SetUSBAddress)
    i.USBD_LL_SetupStage                     0x08003b18   Section        0  usbd_core.o(i.USBD_LL_SetupStage)
    i.USBD_LL_StallEP                        0x08003b72   Section        0  usbd_conf.o(i.USBD_LL_StallEP)
    i.USBD_LL_Start                          0x08003b80   Section        0  usbd_conf.o(i.USBD_LL_Start)
    i.USBD_LL_Suspend                        0x08003b8e   Section        0  usbd_core.o(i.USBD_LL_Suspend)
    i.USBD_LL_Transmit                       0x08003ba0   Section        0  usbd_conf.o(i.USBD_LL_Transmit)
    i.USBD_ParseSetupRequest                 0x08003bae   Section        0  usbd_ctlreq.o(i.USBD_ParseSetupRequest)
    i.USBD_RegisterClass                     0x08003bd6   Section        0  usbd_core.o(i.USBD_RegisterClass)
    i.USBD_SetClassConfig                    0x08003be6   Section        0  usbd_core.o(i.USBD_SetClassConfig)
    i.USBD_SetConfig                         0x08003bfc   Section        0  usbd_ctlreq.o(i.USBD_SetConfig)
    USBD_SetConfig                           0x08003bfd   Thumb Code   110  usbd_ctlreq.o(i.USBD_SetConfig)
    i.USBD_Start                             0x08003c70   Section        0  usbd_core.o(i.USBD_Start)
    i.USBD_StdDevReq                         0x08003c7a   Section        0  usbd_ctlreq.o(i.USBD_StdDevReq)
    i.USBD_StdEPReq                          0x08003d6c   Section        0  usbd_ctlreq.o(i.USBD_StdEPReq)
    i.USBD_StdItfReq                         0x08003e48   Section        0  usbd_ctlreq.o(i.USBD_StdItfReq)
    i.USB_ActivateEndpoint                   0x08003e7c   Section        0  stm32f4xx_ll_usb.o(i.USB_ActivateEndpoint)
    i.USB_ActivateSetup                      0x08003efc   Section        0  stm32f4xx_ll_usb.o(i.USB_ActivateSetup)
    i.USB_CoreInit                           0x08003f30   Section        0  stm32f4xx_ll_usb.o(i.USB_CoreInit)
    i.USB_CoreReset                          0x08003f9c   Section        0  stm32f4xx_ll_usb.o(i.USB_CoreReset)
    USB_CoreReset                            0x08003f9d   Thumb Code    50  stm32f4xx_ll_usb.o(i.USB_CoreReset)
    i.USB_DeactivateEndpoint                 0x08003fd4   Section        0  stm32f4xx_ll_usb.o(i.USB_DeactivateEndpoint)
    i.USB_DevConnect                         0x08004042   Section        0  stm32f4xx_ll_usb.o(i.USB_DevConnect)
    i.USB_DevDisconnect                      0x0800405a   Section        0  stm32f4xx_ll_usb.o(i.USB_DevDisconnect)
    i.USB_DevInit                            0x08004074   Section        0  stm32f4xx_ll_usb.o(i.USB_DevInit)
    i.USB_DisableGlobalInt                   0x080041b8   Section        0  stm32f4xx_ll_usb.o(i.USB_DisableGlobalInt)
    i.USB_EP0StartXfer                       0x080041c4   Section        0  stm32f4xx_ll_usb.o(i.USB_EP0StartXfer)
    i.USB_EP0_OutStart                       0x08004304   Section        0  stm32f4xx_ll_usb.o(i.USB_EP0_OutStart)
    i.USB_EPClearStall                       0x08004342   Section        0  stm32f4xx_ll_usb.o(i.USB_EPClearStall)
    i.USB_EPSetStall                         0x080043a6   Section        0  stm32f4xx_ll_usb.o(i.USB_EPSetStall)
    i.USB_EPStartXfer                        0x08004404   Section        0  stm32f4xx_ll_usb.o(i.USB_EPStartXfer)
    i.USB_EnableGlobalInt                    0x08004620   Section        0  stm32f4xx_ll_usb.o(i.USB_EnableGlobalInt)
    i.USB_FlushRxFifo                        0x0800462c   Section        0  stm32f4xx_ll_usb.o(i.USB_FlushRxFifo)
    i.USB_FlushTxFifo                        0x0800464c   Section        0  stm32f4xx_ll_usb.o(i.USB_FlushTxFifo)
    i.USB_GetDevSpeed                        0x08004670   Section        0  stm32f4xx_ll_usb.o(i.USB_GetDevSpeed)
    i.USB_GetMode                            0x080046ac   Section        0  stm32f4xx_ll_usb.o(i.USB_GetMode)
    i.USB_ReadDevAllInEpInterrupt            0x080046b4   Section        0  stm32f4xx_ll_usb.o(i.USB_ReadDevAllInEpInterrupt)
    i.USB_ReadDevAllOutEpInterrupt           0x080046c2   Section        0  stm32f4xx_ll_usb.o(i.USB_ReadDevAllOutEpInterrupt)
    i.USB_ReadDevInEPInterrupt               0x080046d0   Section        0  stm32f4xx_ll_usb.o(i.USB_ReadDevInEPInterrupt)
    i.USB_ReadDevOutEPInterrupt              0x080046ee   Section        0  stm32f4xx_ll_usb.o(i.USB_ReadDevOutEPInterrupt)
    i.USB_ReadInterrupts                     0x080046fe   Section        0  stm32f4xx_ll_usb.o(i.USB_ReadInterrupts)
    i.USB_ReadPacket                         0x08004706   Section        0  stm32f4xx_ll_usb.o(i.USB_ReadPacket)
    i.USB_SetCurrentMode                     0x08004726   Section        0  stm32f4xx_ll_usb.o(i.USB_SetCurrentMode)
    i.USB_SetDevAddress                      0x08004752   Section        0  stm32f4xx_ll_usb.o(i.USB_SetDevAddress)
    i.USB_WritePacket                        0x08004774   Section        0  stm32f4xx_ll_usb.o(i.USB_WritePacket)
    i.__scatterload_copy                     0x0800479c   Section       14  handlers.o(i.__scatterload_copy)
    i.__scatterload_null                     0x080047aa   Section        2  handlers.o(i.__scatterload_null)
    i.__scatterload_zeroinit                 0x080047ac   Section       14  handlers.o(i.__scatterload_zeroinit)
    i.check_fs                               0x080047bc   Section        0  ff.o(i.check_fs)
    check_fs                                 0x080047bd   Thumb Code    90  ff.o(i.check_fs)
    i.chk_chr                                0x0800481c   Section        0  ff.o(i.chk_chr)
    chk_chr                                  0x0800481d   Thumb Code    16  ff.o(i.chk_chr)
    i.chk_lock                               0x0800482c   Section        0  ff.o(i.chk_lock)
    chk_lock                                 0x0800482d   Thumb Code   102  ff.o(i.chk_lock)
    i.clear_lock                             0x08004898   Section        0  ff.o(i.clear_lock)
    clear_lock                               0x08004899   Thumb Code    32  ff.o(i.clear_lock)
    i.clmt_clust                             0x080048bc   Section        0  ff.o(i.clmt_clust)
    clmt_clust                               0x080048bd   Thumb Code    42  ff.o(i.clmt_clust)
    i.clust2sect                             0x080048e6   Section        0  ff.o(i.clust2sect)
    i.create_chain                           0x08004904   Section        0  ff.o(i.create_chain)
    create_chain                             0x08004905   Thumb Code   176  ff.o(i.create_chain)
    i.create_name                            0x080049b4   Section        0  ff.o(i.create_name)
    create_name                              0x080049b5   Thumb Code   492  ff.o(i.create_name)
    i.dir_find                               0x08004bb8   Section        0  ff.o(i.dir_find)
    dir_find                                 0x08004bb9   Thumb Code   320  ff.o(i.dir_find)
    i.dir_next                               0x08004cfc   Section        0  ff.o(i.dir_next)
    dir_next                                 0x08004cfd   Thumb Code   286  ff.o(i.dir_next)
    i.dir_register                           0x08004e1c   Section        0  ff.o(i.dir_register)
    dir_register                             0x08004e1d   Thumb Code   460  ff.o(i.dir_register)
    i.dir_sdi                                0x08004fec   Section        0  ff.o(i.dir_sdi)
    dir_sdi                                  0x08004fed   Thumb Code   152  ff.o(i.dir_sdi)
    i.disk_initialize                        0x08005084   Section        0  diskio.o(i.disk_initialize)
    i.disk_read                              0x080050a8   Section        0  diskio.o(i.disk_read)
    i.disk_status                            0x080050c8   Section        0  diskio.o(i.disk_status)
    i.disk_write                             0x080050d8   Section        0  diskio.o(i.disk_write)
    i.f_mount                                0x080050f8   Section        0  ff.o(i.f_mount)
    i.f_open                                 0x08005154   Section        0  ff.o(i.f_open)
    i.f_read                                 0x08005324   Section        0  ff.o(i.f_read)
    i.ff_convert                             0x080054b0   Section        0  unicode.o(i.ff_convert)
    i.ff_memalloc                            0x080054e8   Section        0  syscall.o(i.ff_memalloc)
    i.ff_memfree                             0x080054ec   Section        0  syscall.o(i.ff_memfree)
    i.ff_wtoupper                            0x080054f0   Section        0  unicode.o(i.ff_wtoupper)
    i.find_volume                            0x08005514   Section        0  ff.o(i.find_volume)
    find_volume                              0x08005515   Thumb Code   588  ff.o(i.find_volume)
    i.follow_path                            0x0800576c   Section        0  ff.o(i.follow_path)
    follow_path                              0x0800576d   Thumb Code   114  ff.o(i.follow_path)
    i.free                                   0x080057e0   Section        0  malloc.o(i.free)
    i.gen_numname                            0x08005830   Section        0  ff.o(i.gen_numname)
    gen_numname                              0x08005831   Thumb Code   122  ff.o(i.gen_numname)
    i.get_fat                                0x080058b0   Section        0  ff.o(i.get_fat)
    i.get_fattime                            0x08005968   Section        0  diskio.o(i.get_fattime)
    i.get_ldnumber                           0x0800596c   Section        0  ff.o(i.get_ldnumber)
    get_ldnumber                             0x0800596d   Thumb Code    60  ff.o(i.get_ldnumber)
    i.inc_lock                               0x080059a8   Section        0  ff.o(i.inc_lock)
    inc_lock                                 0x080059a9   Thumb Code   154  ff.o(i.inc_lock)
    i.ld_clust                               0x08005a48   Section        0  ff.o(i.ld_clust)
    ld_clust                                 0x08005a49   Thumb Code    20  ff.o(i.ld_clust)
    i.main                                   0x08005a5c   Section        0  main.o(i.main)
    i.malloc                                 0x08005b18   Section        0  malloc.o(i.malloc)
    i.mem_cpy                                0x08005b84   Section        0  ff.o(i.mem_cpy)
    mem_cpy                                  0x08005b85   Thumb Code    18  ff.o(i.mem_cpy)
    i.mem_set                                0x08005b96   Section        0  ff.o(i.mem_set)
    mem_set                                  0x08005b97   Thumb Code    14  ff.o(i.mem_set)
    i.move_window                            0x08005ba4   Section        0  ff.o(i.move_window)
    move_window                              0x08005ba5   Thumb Code    50  ff.o(i.move_window)
    i.put_fat                                0x08005bd8   Section        0  ff.o(i.put_fat)
    i.remove_chain                           0x08005cd6   Section        0  ff.o(i.remove_chain)
    remove_chain                             0x08005cd7   Thumb Code   110  ff.o(i.remove_chain)
    i.st_clust                               0x08005d44   Section        0  ff.o(i.st_clust)
    st_clust                                 0x08005d45   Thumb Code    16  ff.o(i.st_clust)
    i.sum_sfn                                0x08005d54   Section        0  ff.o(i.sum_sfn)
    sum_sfn                                  0x08005d55   Thumb Code    26  ff.o(i.sum_sfn)
    i.sync_window                            0x08005d6e   Section        0  ff.o(i.sync_window)
    sync_window                              0x08005d6f   Thumb Code    90  ff.o(i.sync_window)
    i.validate                               0x08005dc8   Section        0  ff.o(i.validate)
    validate                                 0x08005dc9   Thumb Code    48  ff.o(i.validate)
    .constdata                               0x08005df8   Section       16  stm32f4xx_hal_rcc.o(.constdata)
    .constdata                               0x08005e08   Section      186  ff.o(.constdata)
    ExCvt                                    0x08005e08   Data         128  ff.o(.constdata)
    LfnOfs                                   0x08005e88   Data          13  ff.o(.constdata)
    vst                                      0x08005e96   Data          22  ff.o(.constdata)
    cst                                      0x08005eac   Data          22  ff.o(.constdata)
    .constdata                               0x08005ec2   Section     1216  unicode.o(.constdata)
    Tbl                                      0x08005ec2   Data         256  unicode.o(.constdata)
    tbl_lower                                0x08005fc2   Data         480  unicode.o(.constdata)
    tbl_upper                                0x080061a2   Data         480  unicode.o(.constdata)
    .data                                    0x20000000   Section        8  main.o(.data)
    .data                                    0x20000008   Section        8  stm32f4xx_hal_msp.o(.data)
    FMC_Initialized                          0x20000008   Data           4  stm32f4xx_hal_msp.o(.data)
    FMC_DeInitialized                        0x2000000c   Data           4  stm32f4xx_hal_msp.o(.data)
    .data                                    0x20000010   Section       16  usbd_cdc_if.o(.data)
    .data                                    0x20000020   Section       12  usbd_cdc_if.o(.data)
    .data                                    0x2000002c   Section       28  usbd_desc.o(.data)
    .data                                    0x20000048   Section       22  usbd_desc.o(.data)
    .data                                    0x2000005e   Section        5  fatfs.o(.data)
    .data                                    0x20000064   Section        4  stm32f4xx_hal.o(.data)
    uwTick                                   0x20000064   Data           4  stm32f4xx_hal.o(.data)
    .data                                    0x20000068   Section        4  system_stm32f4xx.o(.data)
    .data                                    0x2000006c   Section      219  usbd_cdc.o(.data)
    ifalt                                    0x2000006c   Data           1  usbd_cdc.o(.data)
    USBD_CDC_DeviceQualifierDesc             0x20000070   Data          10  usbd_cdc.o(.data)
    .data                                    0x20000148   Section       56  usbd_cdc.o(.data)
    .data                                    0x20000180   Section        1  usbd_ctlreq.o(.data)
    cfgidx                                   0x20000180   Data           1  usbd_ctlreq.o(.data)
    .data                                    0x20000184   Section        8  ff.o(.data)
    Fsid                                     0x20000184   Data           2  ff.o(.data)
    FatFs                                    0x20000188   Data           4  ff.o(.data)
    .data                                    0x2000018c   Section        1  sd_diskio.o(.data)
    Stat                                     0x2000018c   Data           1  sd_diskio.o(.data)
    .data                                    0x20000190   Section       20  sd_diskio.o(.data)
    .data                                    0x200001a4   Section        4  mvars.o(.data)
    .data                                    0x200001a8   Section        4  mvars.o(.data)
    .bss                                     0x200001ac   Section      332  main.o(.bss)
    .bss                                     0x200002f8   Section       88  main.o(.bss)
    .bss                                     0x20000350   Section     1024  usbd_cdc_if.o(.bss)
    buff_RX                                  0x20000350   Data         512  usbd_cdc_if.o(.bss)
    buff_TX                                  0x20000550   Data         512  usbd_cdc_if.o(.bss)
    .bss                                     0x20000750   Section      548  usb_device.o(.bss)
    .bss                                     0x20000974   Section      948  usbd_conf.o(.bss)
    .bss                                     0x20000d28   Section      512  usbd_desc.o(.bss)
    .bss                                     0x20000f28   Section      560  fatfs.o(.bss)
    .bss                                     0x20001158   Section       24  ff.o(.bss)
    Files                                    0x20001158   Data          24  ff.o(.bss)
    .bss                                     0x20001170   Section       12  ff_gen_drv.o(.bss)
    HEAP                                     0x20001180   Section     8192  startup_stm32f429xx.o(HEAP)
    STACK                                    0x20003180   Section     1024  startup_stm32f429xx.o(STACK)

    Global Symbols

    Symbol Name                              Value     Ov Type        Size  Object(Section)

    BuildAttributes$$THM_ISAv4$E$P$D$K$B$S$7EM$VFPi3$EXTD16$VFPS$VFMA$PE$A:L22UL41UL21$X:L11$S22US41US21$IEEE1$IW$USESV6$~STKCKD$USESV7$~SHL$OSPACE$EBA8$MICROLIB$REQ8$PRES8$EABIv2 0x00000000   Number         0  anon$$obj.o ABSOLUTE
    __ARM_use_no_argv                        0x00000000   Number         0  main.o ABSOLUTE
    __cpp_initialize__aeabi_                  - Undefined Weak Reference
    __cxa_finalize                            - Undefined Weak Reference
    _clock_init                               - Undefined Weak Reference
    _microlib_exit                            - Undefined Weak Reference
    __Vectors_Size                           0x000001ac   Number         0  startup_stm32f429xx.o ABSOLUTE
    __Vectors                                0x08000000   Data           4  startup_stm32f429xx.o(RESET)
    __Vectors_End                            0x080001ac   Data           0  startup_stm32f429xx.o(RESET)
    __main                                   0x080001ad   Thumb Code     0  entry.o(.ARM.Collect$$$$00000000)
    _main_stk                                0x080001ad   Thumb Code     0  entry2.o(.ARM.Collect$$$$00000001)
    _main_scatterload                        0x080001b1   Thumb Code     0  entry5.o(.ARM.Collect$$$$00000004)
    __main_after_scatterload                 0x080001b5   Thumb Code     0  entry5.o(.ARM.Collect$$$$00000004)
    _main_clock                              0x080001b5   Thumb Code     0  entry7b.o(.ARM.Collect$$$$00000008)
    _main_cpp_init                           0x080001b5   Thumb Code     0  entry8b.o(.ARM.Collect$$$$0000000A)
    _main_init                               0x080001b5   Thumb Code     0  entry9a.o(.ARM.Collect$$$$0000000B)
    __rt_final_cpp                           0x080001bd   Thumb Code     0  entry10a.o(.ARM.Collect$$$$0000000D)
    __rt_final_exit                          0x080001bd   Thumb Code     0  entry11a.o(.ARM.Collect$$$$0000000F)
    Reset_Handler                            0x080001c1   Thumb Code     8  startup_stm32f429xx.o(.text)
    NMI_Handler                              0x080001c9   Thumb Code     2  startup_stm32f429xx.o(.text)
    HardFault_Handler                        0x080001cb   Thumb Code     2  startup_stm32f429xx.o(.text)
    MemManage_Handler                        0x080001cd   Thumb Code     2  startup_stm32f429xx.o(.text)
    BusFault_Handler                         0x080001cf   Thumb Code     2  startup_stm32f429xx.o(.text)
    UsageFault_Handler                       0x080001d1   Thumb Code     2  startup_stm32f429xx.o(.text)
    SVC_Handler                              0x080001d3   Thumb Code     2  startup_stm32f429xx.o(.text)
    DebugMon_Handler                         0x080001d5   Thumb Code     2  startup_stm32f429xx.o(.text)
    PendSV_Handler                           0x080001d7   Thumb Code     2  startup_stm32f429xx.o(.text)
    ADC_IRQHandler                           0x080001db   Thumb Code     0  startup_stm32f429xx.o(.text)
    CAN1_RX0_IRQHandler                      0x080001db   Thumb Code     0  startup_stm32f429xx.o(.text)
    CAN1_RX1_IRQHandler                      0x080001db   Thumb Code     0  startup_stm32f429xx.o(.text)
    CAN1_SCE_IRQHandler                      0x080001db   Thumb Code     0  startup_stm32f429xx.o(.text)
    CAN1_TX_IRQHandler                       0x080001db   Thumb Code     0  startup_stm32f429xx.o(.text)
    CAN2_RX0_IRQHandler                      0x080001db   Thumb Code     0  startup_stm32f429xx.o(.text)
    CAN2_RX1_IRQHandler                      0x080001db   Thumb Code     0  startup_stm32f429xx.o(.text)
    CAN2_SCE_IRQHandler                      0x080001db   Thumb Code     0  startup_stm32f429xx.o(.text)
    CAN2_TX_IRQHandler                       0x080001db   Thumb Code     0  startup_stm32f429xx.o(.text)
    DCMI_IRQHandler                          0x080001db   Thumb Code     0  startup_stm32f429xx.o(.text)
    DMA1_Stream0_IRQHandler                  0x080001db   Thumb Code     0  startup_stm32f429xx.o(.text)
    DMA1_Stream1_IRQHandler                  0x080001db   Thumb Code     0  startup_stm32f429xx.o(.text)
    DMA1_Stream2_IRQHandler                  0x080001db   Thumb Code     0  startup_stm32f429xx.o(.text)
    DMA1_Stream3_IRQHandler                  0x080001db   Thumb Code     0  startup_stm32f429xx.o(.text)
    DMA1_Stream4_IRQHandler                  0x080001db   Thumb Code     0  startup_stm32f429xx.o(.text)
    DMA1_Stream5_IRQHandler                  0x080001db   Thumb Code     0  startup_stm32f429xx.o(.text)
    DMA1_Stream6_IRQHandler                  0x080001db   Thumb Code     0  startup_stm32f429xx.o(.text)
    DMA1_Stream7_IRQHandler                  0x080001db   Thumb Code     0  startup_stm32f429xx.o(.text)
    DMA2D_IRQHandler                         0x080001db   Thumb Code     0  startup_stm32f429xx.o(.text)
    DMA2_Stream0_IRQHandler                  0x080001db   Thumb Code     0  startup_stm32f429xx.o(.text)
    DMA2_Stream1_IRQHandler                  0x080001db   Thumb Code     0  startup_stm32f429xx.o(.text)
    DMA2_Stream2_IRQHandler                  0x080001db   Thumb Code     0  startup_stm32f429xx.o(.text)
    DMA2_Stream3_IRQHandler                  0x080001db   Thumb Code     0  startup_stm32f429xx.o(.text)
    DMA2_Stream4_IRQHandler                  0x080001db   Thumb Code     0  startup_stm32f429xx.o(.text)
    DMA2_Stream5_IRQHandler                  0x080001db   Thumb Code     0  startup_stm32f429xx.o(.text)
    DMA2_Stream6_IRQHandler                  0x080001db   Thumb Code     0  startup_stm32f429xx.o(.text)
    DMA2_Stream7_IRQHandler                  0x080001db   Thumb Code     0  startup_stm32f429xx.o(.text)
    ETH_IRQHandler                           0x080001db   Thumb Code     0  startup_stm32f429xx.o(.text)
    ETH_WKUP_IRQHandler                      0x080001db   Thumb Code     0  startup_stm32f429xx.o(.text)
    EXTI0_IRQHandler                         0x080001db   Thumb Code     0  startup_stm32f429xx.o(.text)
    EXTI15_10_IRQHandler                     0x080001db   Thumb Code     0  startup_stm32f429xx.o(.text)
    EXTI1_IRQHandler                         0x080001db   Thumb Code     0  startup_stm32f429xx.o(.text)
    EXTI2_IRQHandler                         0x080001db   Thumb Code     0  startup_stm32f429xx.o(.text)
    EXTI3_IRQHandler                         0x080001db   Thumb Code     0  startup_stm32f429xx.o(.text)
    EXTI4_IRQHandler                         0x080001db   Thumb Code     0  startup_stm32f429xx.o(.text)
    EXTI9_5_IRQHandler                       0x080001db   Thumb Code     0  startup_stm32f429xx.o(.text)
    FLASH_IRQHandler                         0x080001db   Thumb Code     0  startup_stm32f429xx.o(.text)
    FMC_IRQHandler                           0x080001db   Thumb Code     0  startup_stm32f429xx.o(.text)
    FPU_IRQHandler                           0x080001db   Thumb Code     0  startup_stm32f429xx.o(.text)
    HASH_RNG_IRQHandler                      0x080001db   Thumb Code     0  startup_stm32f429xx.o(.text)
    I2C1_ER_IRQHandler                       0x080001db   Thumb Code     0  startup_stm32f429xx.o(.text)
    I2C1_EV_IRQHandler                       0x080001db   Thumb Code     0  startup_stm32f429xx.o(.text)
    I2C2_ER_IRQHandler                       0x080001db   Thumb Code     0  startup_stm32f429xx.o(.text)
    I2C2_EV_IRQHandler                       0x080001db   Thumb Code     0  startup_stm32f429xx.o(.text)
    I2C3_ER_IRQHandler                       0x080001db   Thumb Code     0  startup_stm32f429xx.o(.text)
    I2C3_EV_IRQHandler                       0x080001db   Thumb Code     0  startup_stm32f429xx.o(.text)
    LTDC_ER_IRQHandler                       0x080001db   Thumb Code     0  startup_stm32f429xx.o(.text)
    LTDC_IRQHandler                          0x080001db   Thumb Code     0  startup_stm32f429xx.o(.text)
    OTG_FS_WKUP_IRQHandler                   0x080001db   Thumb Code     0  startup_stm32f429xx.o(.text)
    OTG_HS_EP1_IN_IRQHandler                 0x080001db   Thumb Code     0  startup_stm32f429xx.o(.text)
    OTG_HS_EP1_OUT_IRQHandler                0x080001db   Thumb Code     0  startup_stm32f429xx.o(.text)
    OTG_HS_IRQHandler                        0x080001db   Thumb Code     0  startup_stm32f429xx.o(.text)
    OTG_HS_WKUP_IRQHandler                   0x080001db   Thumb Code     0  startup_stm32f429xx.o(.text)
    PVD_IRQHandler                           0x080001db   Thumb Code     0  startup_stm32f429xx.o(.text)
    RCC_IRQHandler                           0x080001db   Thumb Code     0  startup_stm32f429xx.o(.text)
    RTC_Alarm_IRQHandler                     0x080001db   Thumb Code     0  startup_stm32f429xx.o(.text)
    RTC_WKUP_IRQHandler                      0x080001db   Thumb Code     0  startup_stm32f429xx.o(.text)
    SAI1_IRQHandler                          0x080001db   Thumb Code     0  startup_stm32f429xx.o(.text)
    SDIO_IRQHandler                          0x080001db   Thumb Code     0  startup_stm32f429xx.o(.text)
    SPI1_IRQHandler                          0x080001db   Thumb Code     0  startup_stm32f429xx.o(.text)
    SPI2_IRQHandler                          0x080001db   Thumb Code     0  startup_stm32f429xx.o(.text)
    SPI3_IRQHandler                          0x080001db   Thumb Code     0  startup_stm32f429xx.o(.text)
    SPI4_IRQHandler                          0x080001db   Thumb Code     0  startup_stm32f429xx.o(.text)
    SPI5_IRQHandler                          0x080001db   Thumb Code     0  startup_stm32f429xx.o(.text)
    SPI6_IRQHandler                          0x080001db   Thumb Code     0  startup_stm32f429xx.o(.text)
    TAMP_STAMP_IRQHandler                    0x080001db   Thumb Code     0  startup_stm32f429xx.o(.text)
    TIM1_BRK_TIM9_IRQHandler                 0x080001db   Thumb Code     0  startup_stm32f429xx.o(.text)
    TIM1_CC_IRQHandler                       0x080001db   Thumb Code     0  startup_stm32f429xx.o(.text)
    TIM1_TRG_COM_TIM11_IRQHandler            0x080001db   Thumb Code     0  startup_stm32f429xx.o(.text)
    TIM1_UP_TIM10_IRQHandler                 0x080001db   Thumb Code     0  startup_stm32f429xx.o(.text)
    TIM2_IRQHandler                          0x080001db   Thumb Code     0  startup_stm32f429xx.o(.text)
    TIM3_IRQHandler                          0x080001db   Thumb Code     0  startup_stm32f429xx.o(.text)
    TIM4_IRQHandler                          0x080001db   Thumb Code     0  startup_stm32f429xx.o(.text)
    TIM5_IRQHandler                          0x080001db   Thumb Code     0  startup_stm32f429xx.o(.text)
    TIM6_DAC_IRQHandler                      0x080001db   Thumb Code     0  startup_stm32f429xx.o(.text)
    TIM7_IRQHandler                          0x080001db   Thumb Code     0  startup_stm32f429xx.o(.text)
    TIM8_BRK_TIM12_IRQHandler                0x080001db   Thumb Code     0  startup_stm32f429xx.o(.text)
    TIM8_CC_IRQHandler                       0x080001db   Thumb Code     0  startup_stm32f429xx.o(.text)
    TIM8_TRG_COM_TIM14_IRQHandler            0x080001db   Thumb Code     0  startup_stm32f429xx.o(.text)
    TIM8_UP_TIM13_IRQHandler                 0x080001db   Thumb Code     0  startup_stm32f429xx.o(.text)
    UART4_IRQHandler                         0x080001db   Thumb Code     0  startup_stm32f429xx.o(.text)
    UART5_IRQHandler                         0x080001db   Thumb Code     0  startup_stm32f429xx.o(.text)
    UART7_IRQHandler                         0x080001db   Thumb Code     0  startup_stm32f429xx.o(.text)
    UART8_IRQHandler                         0x080001db   Thumb Code     0  startup_stm32f429xx.o(.text)
    USART1_IRQHandler                        0x080001db   Thumb Code     0  startup_stm32f429xx.o(.text)
    USART2_IRQHandler                        0x080001db   Thumb Code     0  startup_stm32f429xx.o(.text)
    USART3_IRQHandler                        0x080001db   Thumb Code     0  startup_stm32f429xx.o(.text)
    USART6_IRQHandler                        0x080001db   Thumb Code     0  startup_stm32f429xx.o(.text)
    WWDG_IRQHandler                          0x080001db   Thumb Code     0  startup_stm32f429xx.o(.text)
    ___aeabi_memcpy8$move                    0x080001e5   Thumb Code     0  memmovea.o(.text)
    __aeabi_memcpy                           0x080001e5   Thumb Code    64  memmovea.o(.text)
    __aeabi_memcpy4                          0x080001e5   Thumb Code     0  memmovea.o(.text)
    __aeabi_memmove                          0x080001e5   Thumb Code     0  memmovea.o(.text)
    __aeabi_memmove4                         0x080001e5   Thumb Code     0  memmovea.o(.text)
    __aeabi_memmove8                         0x080001e5   Thumb Code     0  memmovea.o(.text)
    __scatterload                            0x08000225   Thumb Code    28  init.o(.text)
    __scatterload_rt2                        0x08000225   Thumb Code     0  init.o(.text)
    __decompress                             0x08000249   Thumb Code     0  __dczerorl2.o(.text)
    __decompress1                            0x08000249   Thumb Code    86  __dczerorl2.o(.text)
    BSP_SD_GetCardInfo                       0x080002a1   Thumb Code     8  bsp_driver_sd.o(i.BSP_SD_GetCardInfo)
    BSP_SD_GetStatus                         0x080002ad   Thumb Code     6  bsp_driver_sd.o(i.BSP_SD_GetStatus)
    BSP_SD_Init                              0x080002b9   Thumb Code    50  bsp_driver_sd.o(i.BSP_SD_Init)
    BSP_SD_ReadBlocks                        0x080002f5   Thumb Code    26  bsp_driver_sd.o(i.BSP_SD_ReadBlocks)
    BSP_SD_WriteBlocks                       0x08000315   Thumb Code    26  bsp_driver_sd.o(i.BSP_SD_WriteBlocks)
    FATFS_LinkDriver                         0x080003ad   Thumb Code    52  ff_gen_drv.o(i.FATFS_LinkDriver)
    FMC_SDRAM_Init                           0x080003e5   Thumb Code    76  stm32f4xx_ll_fmc.o(i.FMC_SDRAM_Init)
    FMC_SDRAM_ProgramRefreshRate             0x08000431   Thumb Code    12  stm32f4xx_ll_fmc.o(i.FMC_SDRAM_ProgramRefreshRate)
    FMC_SDRAM_SendCommand                    0x0800043d   Thumb Code    72  stm32f4xx_ll_fmc.o(i.FMC_SDRAM_SendCommand)
    FMC_SDRAM_Timing_Init                    0x08000485   Thumb Code   124  stm32f4xx_ll_fmc.o(i.FMC_SDRAM_Timing_Init)
    HAL_CRC_Init                             0x08000501   Thumb Code    38  stm32f4xx_hal_crc.o(i.HAL_CRC_Init)
    HAL_CRC_MspInit                          0x08000529   Thumb Code    30  stm32f4xx_hal_msp.o(i.HAL_CRC_MspInit)
    HAL_Delay                                0x08000551   Thumb Code    22  stm32f4xx_hal.o(i.HAL_Delay)
    HAL_GPIO_Init                            0x08000601   Thumb Code   408  stm32f4xx_hal_gpio.o(i.HAL_GPIO_Init)
    HAL_GetTick                              0x080007cd   Thumb Code     6  stm32f4xx_hal.o(i.HAL_GetTick)
    HAL_IncTick                              0x080007d9   Thumb Code    10  stm32f4xx_hal.o(i.HAL_IncTick)
    HAL_Init                                 0x080007e9   Thumb Code    48  stm32f4xx_hal.o(i.HAL_Init)
    HAL_InitTick                             0x0800081d   Thumb Code    34  stm32f4xx_hal.o(i.HAL_InitTick)
    HAL_LTDC_ConfigLayer                     0x0800083f   Thumb Code    82  stm32f4xx_hal_ltdc.o(i.HAL_LTDC_ConfigLayer)
    HAL_LTDC_Init                            0x08000891   Thumb Code   248  stm32f4xx_hal_ltdc.o(i.HAL_LTDC_Init)
    HAL_LTDC_MspInit                         0x0800098d   Thumb Code   244  stm32f4xx_hal_msp.o(i.HAL_LTDC_MspInit)
    HAL_MspInit                              0x08000aad   Thumb Code    22  stm32f4xx_hal_msp.o(i.HAL_MspInit)
    HAL_NVIC_EnableIRQ                       0x08000ac3   Thumb Code    22  stm32f4xx_hal_cortex.o(i.HAL_NVIC_EnableIRQ)
    HAL_NVIC_SetPriority                     0x08000ad9   Thumb Code    60  stm32f4xx_hal_cortex.o(i.HAL_NVIC_SetPriority)
    HAL_NVIC_SetPriorityGrouping             0x08000b19   Thumb Code    26  stm32f4xx_hal_cortex.o(i.HAL_NVIC_SetPriorityGrouping)
    HAL_PCDEx_SetRxFiFo                      0x08000b3d   Thumb Code     8  stm32f4xx_hal_pcd_ex.o(i.HAL_PCDEx_SetRxFiFo)
    HAL_PCDEx_SetTxFiFo                      0x08000b45   Thumb Code    68  stm32f4xx_hal_pcd_ex.o(i.HAL_PCDEx_SetTxFiFo)
    HAL_PCD_ConnectCallback                  0x08000b89   Thumb Code     8  usbd_conf.o(i.HAL_PCD_ConnectCallback)
    HAL_PCD_DataInStageCallback              0x08000b91   Thumb Code    18  usbd_conf.o(i.HAL_PCD_DataInStageCallback)
    HAL_PCD_DataOutStageCallback             0x08000ba3   Thumb Code    20  usbd_conf.o(i.HAL_PCD_DataOutStageCallback)
    HAL_PCD_DisconnectCallback               0x08000bb7   Thumb Code     8  usbd_conf.o(i.HAL_PCD_DisconnectCallback)
    HAL_PCD_EP_Close                         0x08000bbf   Thumb Code    68  stm32f4xx_hal_pcd.o(i.HAL_PCD_EP_Close)
    HAL_PCD_EP_ClrStall                      0x08000c03   Thumb Code    80  stm32f4xx_hal_pcd.o(i.HAL_PCD_EP_ClrStall)
    HAL_PCD_EP_GetRxCount                    0x08000c53   Thumb Code    20  stm32f4xx_hal_pcd.o(i.HAL_PCD_EP_GetRxCount)
    HAL_PCD_EP_Open                          0x08000c67   Thumb Code    84  stm32f4xx_hal_pcd.o(i.HAL_PCD_EP_Open)
    HAL_PCD_EP_Receive                       0x08000cbd   Thumb Code    94  stm32f4xx_hal_pcd.o(i.HAL_PCD_EP_Receive)
    HAL_PCD_EP_SetStall                      0x08000d1b   Thumb Code    96  stm32f4xx_hal_pcd.o(i.HAL_PCD_EP_SetStall)
    HAL_PCD_EP_Transmit                      0x08000d7b   Thumb Code    86  stm32f4xx_hal_pcd.o(i.HAL_PCD_EP_Transmit)
    HAL_PCD_IRQHandler                       0x08000dd1   Thumb Code   996  stm32f4xx_hal_pcd.o(i.HAL_PCD_IRQHandler)
    HAL_PCD_ISOINIncompleteCallback          0x080011b5   Thumb Code     8  usbd_conf.o(i.HAL_PCD_ISOINIncompleteCallback)
    HAL_PCD_ISOOUTIncompleteCallback         0x080011bd   Thumb Code     8  usbd_conf.o(i.HAL_PCD_ISOOUTIncompleteCallback)
    HAL_PCD_Init                             0x080011c5   Thumb Code   190  stm32f4xx_hal_pcd.o(i.HAL_PCD_Init)
    HAL_PCD_MspInit                          0x08001285   Thumb Code   112  usbd_conf.o(i.HAL_PCD_MspInit)
    HAL_PCD_ResetCallback                    0x080012fd   Thumb Code    32  usbd_conf.o(i.HAL_PCD_ResetCallback)
    HAL_PCD_ResumeCallback                   0x0800131d   Thumb Code     8  usbd_conf.o(i.HAL_PCD_ResumeCallback)
    HAL_PCD_SOFCallback                      0x08001325   Thumb Code     8  usbd_conf.o(i.HAL_PCD_SOFCallback)
    HAL_PCD_SetAddress                       0x0800132d   Thumb Code    36  stm32f4xx_hal_pcd.o(i.HAL_PCD_SetAddress)
    HAL_PCD_SetupStageCallback               0x08001351   Thumb Code    14  usbd_conf.o(i.HAL_PCD_SetupStageCallback)
    HAL_PCD_Start                            0x0800135f   Thumb Code    42  stm32f4xx_hal_pcd.o(i.HAL_PCD_Start)
    HAL_PCD_SuspendCallback                  0x08001389   Thumb Code    44  usbd_conf.o(i.HAL_PCD_SuspendCallback)
    HAL_RCCEx_PeriphCLKConfig                0x080013b9   Thumb Code   660  stm32f4xx_hal_rcc_ex.o(i.HAL_RCCEx_PeriphCLKConfig)
    HAL_RCC_ClockConfig                      0x08001671   Thumb Code   514  stm32f4xx_hal_rcc.o(i.HAL_RCC_ClockConfig)
    HAL_RCC_GetHCLKFreq                      0x0800187d   Thumb Code    38  stm32f4xx_hal_rcc.o(i.HAL_RCC_GetHCLKFreq)
    HAL_RCC_GetSysClockFreq                  0x080018b1   Thumb Code   104  stm32f4xx_hal_rcc.o(i.HAL_RCC_GetSysClockFreq)
    HAL_RCC_OscConfig                        0x08001921   Thumb Code   806  stm32f4xx_hal_rcc.o(i.HAL_RCC_OscConfig)
    HAL_SDRAM_Init                           0x08001c5d   Thumb Code    66  stm32f4xx_hal_sdram.o(i.HAL_SDRAM_Init)
    HAL_SDRAM_MspInit                        0x08001c9f   Thumb Code     4  stm32f4xx_hal_msp.o(i.HAL_SDRAM_MspInit)
    HAL_SDRAM_ProgramRefreshRate             0x08001ca3   Thumb Code    34  stm32f4xx_hal_sdram.o(i.HAL_SDRAM_ProgramRefreshRate)
    HAL_SDRAM_SendCommand                    0x08001cc5   Thumb Code    48  stm32f4xx_hal_sdram.o(i.HAL_SDRAM_SendCommand)
    HAL_SD_GetStatus                         0x08001cf5   Thumb Code    78  stm32f4xx_hal_sd.o(i.HAL_SD_GetStatus)
    HAL_SD_Get_CardInfo                      0x08001d43   Thumb Code   696  stm32f4xx_hal_sd.o(i.HAL_SD_Get_CardInfo)
    HAL_SD_Init                              0x08001ffb   Thumb Code   160  stm32f4xx_hal_sd.o(i.HAL_SD_Init)
    HAL_SD_MspInit                           0x0800209d   Thumb Code    72  stm32f4xx_hal_msp.o(i.HAL_SD_MspInit)
    HAL_SD_ReadBlocks                        0x080020f5   Thumb Code   380  stm32f4xx_hal_sd.o(i.HAL_SD_ReadBlocks)
    HAL_SD_StopTransfer                      0x08002271   Thumb Code    44  stm32f4xx_hal_sd.o(i.HAL_SD_StopTransfer)
    HAL_SD_WideBusOperation_Config           0x0800229d   Thumb Code    94  stm32f4xx_hal_sd.o(i.HAL_SD_WideBusOperation_Config)
    HAL_SD_WriteBlocks                       0x080022fd   Thumb Code   472  stm32f4xx_hal_sd.o(i.HAL_SD_WriteBlocks)
    HAL_SYSTICK_CLKSourceConfig              0x080024d5   Thumb Code    24  stm32f4xx_hal_cortex.o(i.HAL_SYSTICK_CLKSourceConfig)
    HAL_SYSTICK_Callback                     0x080024ed   Thumb Code     2  stm32f4xx_hal_cortex.o(i.HAL_SYSTICK_Callback)
    HAL_SYSTICK_Config                       0x080024ef   Thumb Code    40  stm32f4xx_hal_cortex.o(i.HAL_SYSTICK_Config)
    HAL_SYSTICK_IRQHandler                   0x08002517   Thumb Code     8  stm32f4xx_hal_cortex.o(i.HAL_SYSTICK_IRQHandler)
    MX_FATFS_Init                            0x08002681   Thumb Code    30  fatfs.o(i.MX_FATFS_Init)
    MX_USB_DEVICE_Init                       0x08002881   Thumb Code    38  usb_device.o(i.MX_USB_DEVICE_Init)
    OTG_FS_IRQHandler                        0x080028d9   Thumb Code     6  stm32f4xx_it.o(i.OTG_FS_IRQHandler)
    SDIO_DataConfig                          0x0800297b   Thumb Code    36  stm32f4xx_ll_sdmmc.o(i.SDIO_DataConfig)
    SDIO_GetCommandResponse                  0x0800299f   Thumb Code     6  stm32f4xx_ll_sdmmc.o(i.SDIO_GetCommandResponse)
    SDIO_GetPowerState                       0x080029a5   Thumb Code     8  stm32f4xx_ll_sdmmc.o(i.SDIO_GetPowerState)
    SDIO_GetResponse                         0x080029ad   Thumb Code    12  stm32f4xx_ll_sdmmc.o(i.SDIO_GetResponse)
    SDIO_Init                                0x080029bd   Thumb Code    36  stm32f4xx_ll_sdmmc.o(i.SDIO_Init)
    SDIO_PowerState_ON                       0x080029e1   Thumb Code     8  stm32f4xx_ll_sdmmc.o(i.SDIO_PowerState_ON)
    SDIO_ReadFIFO                            0x080029e9   Thumb Code     6  stm32f4xx_ll_sdmmc.o(i.SDIO_ReadFIFO)
    SDIO_SendCommand                         0x080029ef   Thumb Code    32  stm32f4xx_ll_sdmmc.o(i.SDIO_SendCommand)
    SDIO_WriteFIFO                           0x08002a0f   Thumb Code    10  stm32f4xx_ll_sdmmc.o(i.SDIO_WriteFIFO)
    SD_initialize                            0x080031dd   Thumb Code    26  sd_diskio.o(i.SD_initialize)
    SD_ioctl                                 0x080031fd   Thumb Code    76  sd_diskio.o(i.SD_ioctl)
    SD_read                                  0x0800324d   Thumb Code    28  sd_diskio.o(i.SD_read)
    SD_status                                0x08003269   Thumb Code    26  sd_diskio.o(i.SD_status)
    SD_write                                 0x08003289   Thumb Code    28  sd_diskio.o(i.SD_write)
    SysTick_Handler                          0x080032a5   Thumb Code    14  stm32f4xx_it.o(i.SysTick_Handler)
    SystemClock_Config                       0x080032b5   Thumb Code   150  main.o(i.SystemClock_Config)
    SystemInit                               0x08003355   Thumb Code    66  system_stm32f4xx.o(i.SystemInit)
    USBD_CDC_GetDeviceQualifierDescriptor    0x0800344d   Thumb Code     8  usbd_cdc.o(i.USBD_CDC_GetDeviceQualifierDescriptor)
    USBD_CDC_ReceivePacket                   0x08003505   Thumb Code    40  usbd_cdc.o(i.USBD_CDC_ReceivePacket)
    USBD_CDC_RegisterInterface               0x0800352d   Thumb Code    16  usbd_cdc.o(i.USBD_CDC_RegisterInterface)
    USBD_CDC_SetRxBuffer                     0x0800353d   Thumb Code    12  usbd_cdc.o(i.USBD_CDC_SetRxBuffer)
    USBD_CDC_SetTxBuffer                     0x08003549   Thumb Code    16  usbd_cdc.o(i.USBD_CDC_SetTxBuffer)
    USBD_CDC_TransmitPacket                  0x080035c9   Thumb Code    48  usbd_cdc.o(i.USBD_CDC_TransmitPacket)
    USBD_ClrClassConfig                      0x080035f9   Thumb Code    14  usbd_core.o(i.USBD_ClrClassConfig)
    USBD_CtlContinueRx                       0x08003607   Thumb Code    16  usbd_ioreq.o(i.USBD_CtlContinueRx)
    USBD_CtlContinueSendData                 0x08003617   Thumb Code    16  usbd_ioreq.o(i.USBD_CtlContinueSendData)
    USBD_CtlError                            0x08003627   Thumb Code    22  usbd_ctlreq.o(i.USBD_CtlError)
    USBD_CtlPrepareRx                        0x0800363d   Thumb Code    30  usbd_ioreq.o(i.USBD_CtlPrepareRx)
    USBD_CtlReceiveStatus                    0x0800365b   Thumb Code    22  usbd_ioreq.o(i.USBD_CtlReceiveStatus)
    USBD_CtlSendData                         0x08003671   Thumb Code    26  usbd_ioreq.o(i.USBD_CtlSendData)
    USBD_CtlSendStatus                       0x0800368b   Thumb Code    22  usbd_ioreq.o(i.USBD_CtlSendStatus)
    USBD_FS_ConfigStrDescriptor              0x080036a1   Thumb Code    16  usbd_desc.o(i.USBD_FS_ConfigStrDescriptor)
    USBD_FS_DeviceDescriptor                 0x080036c1   Thumb Code     8  usbd_desc.o(i.USBD_FS_DeviceDescriptor)
    USBD_FS_InterfaceStrDescriptor           0x080036cd   Thumb Code    16  usbd_desc.o(i.USBD_FS_InterfaceStrDescriptor)
    USBD_FS_LangIDStrDescriptor              0x080036f1   Thumb Code     8  usbd_desc.o(i.USBD_FS_LangIDStrDescriptor)
    USBD_FS_ManufacturerStrDescriptor        0x080036fd   Thumb Code    16  usbd_desc.o(i.USBD_FS_ManufacturerStrDescriptor)
    USBD_FS_ProductStrDescriptor             0x08003719   Thumb Code    16  usbd_desc.o(i.USBD_FS_ProductStrDescriptor)
    USBD_FS_SerialStrDescriptor              0x08003735   Thumb Code    16  usbd_desc.o(i.USBD_FS_SerialStrDescriptor)
    USBD_GetString                           0x08003839   Thumb Code    70  usbd_ctlreq.o(i.USBD_GetString)
    USBD_Init                                0x0800387f   Thumb Code    42  usbd_core.o(i.USBD_Init)
    USBD_LL_ClearStallEP                     0x080038a9   Thumb Code    14  usbd_conf.o(i.USBD_LL_ClearStallEP)
    USBD_LL_CloseEP                          0x080038b7   Thumb Code    14  usbd_conf.o(i.USBD_LL_CloseEP)
    USBD_LL_DataInStage                      0x080038c5   Thumb Code   170  usbd_core.o(i.USBD_LL_DataInStage)
    USBD_LL_DataOutStage                     0x0800396f   Thumb Code   106  usbd_core.o(i.USBD_LL_DataOutStage)
    USBD_LL_DevConnected                     0x080039d9   Thumb Code     4  usbd_core.o(i.USBD_LL_DevConnected)
    USBD_LL_DevDisconnected                  0x080039dd   Thumb Code    22  usbd_core.o(i.USBD_LL_DevDisconnected)
    USBD_LL_GetRxDataSize                    0x080039f3   Thumb Code     8  usbd_conf.o(i.USBD_LL_GetRxDataSize)
    USBD_LL_Init                             0x080039fd   Thumb Code    88  usbd_conf.o(i.USBD_LL_Init)
    USBD_LL_IsStallEP                        0x08003a59   Thumb Code    32  usbd_conf.o(i.USBD_LL_IsStallEP)
    USBD_LL_IsoINIncomplete                  0x08003a79   Thumb Code     4  usbd_core.o(i.USBD_LL_IsoINIncomplete)
    USBD_LL_IsoOUTIncomplete                 0x08003a7d   Thumb Code     4  usbd_core.o(i.USBD_LL_IsoOUTIncomplete)
    USBD_LL_OpenEP                           0x08003a81   Thumb Code    20  usbd_conf.o(i.USBD_LL_OpenEP)
    USBD_LL_PrepareReceive                   0x08003a95   Thumb Code    14  usbd_conf.o(i.USBD_LL_PrepareReceive)
    USBD_LL_Reset                            0x08003aa3   Thumb Code    62  usbd_core.o(i.USBD_LL_Reset)
    USBD_LL_Resume                           0x08003ae1   Thumb Code    12  usbd_core.o(i.USBD_LL_Resume)
    USBD_LL_SOF                              0x08003aed   Thumb Code    24  usbd_core.o(i.USBD_LL_SOF)
    USBD_LL_SetSpeed                         0x08003b05   Thumb Code     6  usbd_core.o(i.USBD_LL_SetSpeed)
    USBD_LL_SetUSBAddress                    0x08003b0b   Thumb Code    14  usbd_conf.o(i.USBD_LL_SetUSBAddress)
    USBD_LL_SetupStage                       0x08003b19   Thumb Code    90  usbd_core.o(i.USBD_LL_SetupStage)
    USBD_LL_StallEP                          0x08003b73   Thumb Code    14  usbd_conf.o(i.USBD_LL_StallEP)
    USBD_LL_Start                            0x08003b81   Thumb Code    14  usbd_conf.o(i.USBD_LL_Start)
    USBD_LL_Suspend                          0x08003b8f   Thumb Code    18  usbd_core.o(i.USBD_LL_Suspend)
    USBD_LL_Transmit                         0x08003ba1   Thumb Code    14  usbd_conf.o(i.USBD_LL_Transmit)
    USBD_ParseSetupRequest                   0x08003baf   Thumb Code    40  usbd_ctlreq.o(i.USBD_ParseSetupRequest)
    USBD_RegisterClass                       0x08003bd7   Thumb Code    16  usbd_core.o(i.USBD_RegisterClass)
    USBD_SetClassConfig                      0x08003be7   Thumb Code    22  usbd_core.o(i.USBD_SetClassConfig)
    USBD_Start                               0x08003c71   Thumb Code    10  usbd_core.o(i.USBD_Start)
    USBD_StdDevReq                           0x08003c7b   Thumb Code   242  usbd_ctlreq.o(i.USBD_StdDevReq)
    USBD_StdEPReq                            0x08003d6d   Thumb Code   220  usbd_ctlreq.o(i.USBD_StdEPReq)
    USBD_StdItfReq                           0x08003e49   Thumb Code    52  usbd_ctlreq.o(i.USBD_StdItfReq)
    USB_ActivateEndpoint                     0x08003e7d   Thumb Code   122  stm32f4xx_ll_usb.o(i.USB_ActivateEndpoint)
    USB_ActivateSetup                        0x08003efd   Thumb Code    52  stm32f4xx_ll_usb.o(i.USB_ActivateSetup)
    USB_CoreInit                             0x08003f31   Thumb Code   104  stm32f4xx_ll_usb.o(i.USB_CoreInit)
    USB_DeactivateEndpoint                   0x08003fd5   Thumb Code   110  stm32f4xx_ll_usb.o(i.USB_DeactivateEndpoint)
    USB_DevConnect                           0x08004043   Thumb Code    24  stm32f4xx_ll_usb.o(i.USB_DevConnect)
    USB_DevDisconnect                        0x0800405b   Thumb Code    24  stm32f4xx_ll_usb.o(i.USB_DevDisconnect)
    USB_DevInit                              0x08004075   Thumb Code   306  stm32f4xx_ll_usb.o(i.USB_DevInit)
    USB_DisableGlobalInt                     0x080041b9   Thumb Code    12  stm32f4xx_ll_usb.o(i.USB_DisableGlobalInt)
    USB_EP0StartXfer                         0x080041c5   Thumb Code   316  stm32f4xx_ll_usb.o(i.USB_EP0StartXfer)
    USB_EP0_OutStart                         0x08004305   Thumb Code    62  stm32f4xx_ll_usb.o(i.USB_EP0_OutStart)
    USB_EPClearStall                         0x08004343   Thumb Code   100  stm32f4xx_ll_usb.o(i.USB_EPClearStall)
    USB_EPSetStall                           0x080043a7   Thumb Code    94  stm32f4xx_ll_usb.o(i.USB_EPSetStall)
    USB_EPStartXfer                          0x08004405   Thumb Code   534  stm32f4xx_ll_usb.o(i.USB_EPStartXfer)
    USB_EnableGlobalInt                      0x08004621   Thumb Code    12  stm32f4xx_ll_usb.o(i.USB_EnableGlobalInt)
    USB_FlushRxFifo                          0x0800462d   Thumb Code    28  stm32f4xx_ll_usb.o(i.USB_FlushRxFifo)
    USB_FlushTxFifo                          0x0800464d   Thumb Code    32  stm32f4xx_ll_usb.o(i.USB_FlushTxFifo)
    USB_GetDevSpeed                          0x08004671   Thumb Code    60  stm32f4xx_ll_usb.o(i.USB_GetDevSpeed)
    USB_GetMode                              0x080046ad   Thumb Code     8  stm32f4xx_ll_usb.o(i.USB_GetMode)
    USB_ReadDevAllInEpInterrupt              0x080046b5   Thumb Code    14  stm32f4xx_ll_usb.o(i.USB_ReadDevAllInEpInterrupt)
    USB_ReadDevAllOutEpInterrupt             0x080046c3   Thumb Code    14  stm32f4xx_ll_usb.o(i.USB_ReadDevAllOutEpInterrupt)
    USB_ReadDevInEPInterrupt                 0x080046d1   Thumb Code    30  stm32f4xx_ll_usb.o(i.USB_ReadDevInEPInterrupt)
    USB_ReadDevOutEPInterrupt                0x080046ef   Thumb Code    16  stm32f4xx_ll_usb.o(i.USB_ReadDevOutEPInterrupt)
    USB_ReadInterrupts                       0x080046ff   Thumb Code     8  stm32f4xx_ll_usb.o(i.USB_ReadInterrupts)
    USB_ReadPacket                           0x08004707   Thumb Code    32  stm32f4xx_ll_usb.o(i.USB_ReadPacket)
    USB_SetCurrentMode                       0x08004727   Thumb Code    44  stm32f4xx_ll_usb.o(i.USB_SetCurrentMode)
    USB_SetDevAddress                        0x08004753   Thumb Code    34  stm32f4xx_ll_usb.o(i.USB_SetDevAddress)
    USB_WritePacket                          0x08004775   Thumb Code    40  stm32f4xx_ll_usb.o(i.USB_WritePacket)
    __scatterload_copy                       0x0800479d   Thumb Code    14  handlers.o(i.__scatterload_copy)
    __scatterload_null                       0x080047ab   Thumb Code     2  handlers.o(i.__scatterload_null)
    __scatterload_zeroinit                   0x080047ad   Thumb Code    14  handlers.o(i.__scatterload_zeroinit)
    clust2sect                               0x080048e7   Thumb Code    30  ff.o(i.clust2sect)
    disk_initialize                          0x08005085   Thumb Code    30  diskio.o(i.disk_initialize)
    disk_read                                0x080050a9   Thumb Code    28  diskio.o(i.disk_read)
    disk_status                              0x080050c9   Thumb Code    12  diskio.o(i.disk_status)
    disk_write                               0x080050d9   Thumb Code    28  diskio.o(i.disk_write)
    f_mount                                  0x080050f9   Thumb Code    88  ff.o(i.f_mount)
    f_open                                   0x08005155   Thumb Code   460  ff.o(i.f_open)
    f_read                                   0x08005325   Thumb Code   396  ff.o(i.f_read)
    ff_convert                               0x080054b1   Thumb Code    52  unicode.o(i.ff_convert)
    ff_memalloc                              0x080054e9   Thumb Code     4  syscall.o(i.ff_memalloc)
    ff_memfree                               0x080054ed   Thumb Code     4  syscall.o(i.ff_memfree)
    ff_wtoupper                              0x080054f1   Thumb Code    28  unicode.o(i.ff_wtoupper)
    free                                     0x080057e1   Thumb Code    76  malloc.o(i.free)
    get_fat                                  0x080058b1   Thumb Code   184  ff.o(i.get_fat)
    get_fattime                              0x08005969   Thumb Code     4  diskio.o(i.get_fattime)
    main                                     0x08005a5d   Thumb Code   132  main.o(i.main)
    malloc                                   0x08005b19   Thumb Code    92  malloc.o(i.malloc)
    put_fat                                  0x08005bd9   Thumb Code   254  ff.o(i.put_fat)
    APBAHBPrescTable                         0x08005df8   Data          16  stm32f4xx_hal_rcc.o(.constdata)
    Region$$Table$$Base                      0x08006384   Number         0  anon$$obj.o(Region$$Table)
    Region$$Table$$Limit                     0x080063a4   Number         0  anon$$obj.o(Region$$Table)
    hcrc                                     0x20000000   Data           8  main.o(.data)
    USBD_Interface_fops_FS                   0x20000010   Data          16  usbd_cdc_if.o(.data)
    UserRxBufferFS                           0x20000020   Data           4  usbd_cdc_if.o(.data)
    UserTxBufferFS                           0x20000024   Data           4  usbd_cdc_if.o(.data)
    hUsbDevice_0                             0x20000028   Data           4  usbd_cdc_if.o(.data)
    FS_Desc                                  0x2000002c   Data          28  usbd_desc.o(.data)
    USBD_LangIDDesc                          0x20000048   Data           4  usbd_desc.o(.data)
    USBD_FS_DeviceDesc                       0x2000004c   Data          18  usbd_desc.o(.data)
    retSD                                    0x2000005e   Data           1  fatfs.o(.data)
    SD_Path                                  0x2000005f   Data           4  fatfs.o(.data)
    SystemCoreClock                          0x20000068   Data           4  system_stm32f4xx.o(.data)
    USBD_CDC_CfgHSDesc                       0x2000007c   Data          67  usbd_cdc.o(.data)
    USBD_CDC_CfgFSDesc                       0x200000c0   Data          67  usbd_cdc.o(.data)
    USBD_CDC_OtherSpeedCfgDesc               0x20000104   Data          67  usbd_cdc.o(.data)
    USBD_CDC                                 0x20000148   Data          56  usbd_cdc.o(.data)
    SD_Driver                                0x20000190   Data          20  sd_diskio.o(.data)
    __microlib_freelist                      0x200001a4   Data           4  mvars.o(.data)
    __microlib_freelist_initialised          0x200001a8   Data           4  mvars.o(.data)
    hltdc                                    0x200001ac   Data         168  main.o(.bss)
    hsd                                      0x20000254   Data          96  main.o(.bss)
    hsdram1                                  0x200002b4   Data          52  main.o(.bss)
    command                                  0x200002e8   Data          16  main.o(.bss)
    SDCardInfo                               0x200002f8   Data          88  main.o(.bss)
    hUsbDeviceFS                             0x20000750   Data         548  usb_device.o(.bss)
    hpcd_USB_OTG_FS                          0x20000974   Data         948  usbd_conf.o(.bss)
    USBD_StrDesc                             0x20000d28   Data         512  usbd_desc.o(.bss)
    SDFatFs                                  0x20000f28   Data         560  fatfs.o(.bss)
    disk                                     0x20001170   Data          12  ff_gen_drv.o(.bss)
    __heap_base                              0x20001180   Data           0  startup_stm32f429xx.o(HEAP)
    __heap_limit                             0x20003180   Data           0  startup_stm32f429xx.o(HEAP)
    __initial_sp                             0x20003580   Data           0  startup_stm32f429xx.o(STACK)



==============================================================================

Memory Map of the image

  Image Entry point : 0x080001ad

  Load Region LR_IROM1 (Base: 0x08000000, Size: 0x00006550, Max: 0x00100000, ABSOLUTE, COMPRESSED[0x00006470])

    Execution Region ER_IROM1 (Base: 0x08000000, Size: 0x000063a4, Max: 0x00100000, ABSOLUTE)

    Base Addr    Size         Type   Attr      Idx    E Section Name        Object

    0x08000000   0x000001ac   Data   RO            3    RESET               startup_stm32f429xx.o
    0x080001ac   0x00000000   Code   RO         5772  * .ARM.Collect$$$$00000000  mc_w.l(entry.o)
    0x080001ac   0x00000004   Code   RO         5813    .ARM.Collect$$$$00000001  mc_w.l(entry2.o)
    0x080001b0   0x00000004   Code   RO         5816    .ARM.Collect$$$$00000004  mc_w.l(entry5.o)
    0x080001b4   0x00000000   Code   RO         5818    .ARM.Collect$$$$00000008  mc_w.l(entry7b.o)
    0x080001b4   0x00000000   Code   RO         5820    .ARM.Collect$$$$0000000A  mc_w.l(entry8b.o)
    0x080001b4   0x00000008   Code   RO         5821    .ARM.Collect$$$$0000000B  mc_w.l(entry9a.o)
    0x080001bc   0x00000000   Code   RO         5823    .ARM.Collect$$$$0000000D  mc_w.l(entry10a.o)
    0x080001bc   0x00000000   Code   RO         5825    .ARM.Collect$$$$0000000F  mc_w.l(entry11a.o)
    0x080001bc   0x00000004   Code   RO         5814    .ARM.Collect$$$$00002712  mc_w.l(entry2.o)
    0x080001c0   0x00000024   Code   RO            4    .text               startup_stm32f429xx.o
    0x080001e4   0x00000040   Code   RO         5777    .text               mc_w.l(memmovea.o)
    0x08000224   0x00000024   Code   RO         5829    .text               mc_w.l(init.o)
    0x08000248   0x00000056   Code   RO         5839    .text               mc_w.l(__dczerorl2.o)
    0x0800029e   0x00000002   PAD
    0x080002a0   0x0000000c   Code   RO          735    i.BSP_SD_GetCardInfo  bsp_driver_sd.o
    0x080002ac   0x0000000c   Code   RO          736    i.BSP_SD_GetStatus  bsp_driver_sd.o
    0x080002b8   0x0000003c   Code   RO          739    i.BSP_SD_Init       bsp_driver_sd.o
    0x080002f4   0x00000020   Code   RO          741    i.BSP_SD_ReadBlocks  bsp_driver_sd.o
    0x08000314   0x00000020   Code   RO          743    i.BSP_SD_WriteBlocks  bsp_driver_sd.o
    0x08000334   0x00000004   Code   RO          382    i.CDC_Control_FS    usbd_cdc_if.o
    0x08000338   0x00000004   Code   RO          383    i.CDC_DeInit_FS     usbd_cdc_if.o
    0x0800033c   0x00000024   Code   RO          384    i.CDC_Init_FS       usbd_cdc_if.o
    0x08000360   0x0000004c   Code   RO          385    i.CDC_Receive_FS    usbd_cdc_if.o
    0x080003ac   0x00000038   Code   RO         4255    i.FATFS_LinkDriver  ff_gen_drv.o
    0x080003e4   0x0000004c   Code   RO         1345    i.FMC_SDRAM_Init    stm32f4xx_ll_fmc.o
    0x08000430   0x0000000c   Code   RO         1346    i.FMC_SDRAM_ProgramRefreshRate  stm32f4xx_ll_fmc.o
    0x0800043c   0x00000048   Code   RO         1347    i.FMC_SDRAM_SendCommand  stm32f4xx_ll_fmc.o
    0x08000484   0x0000007c   Code   RO         1349    i.FMC_SDRAM_Timing_Init  stm32f4xx_ll_fmc.o
    0x08000500   0x00000026   Code   RO         3087    i.HAL_CRC_Init      stm32f4xx_hal_crc.o
    0x08000526   0x00000002   PAD
    0x08000528   0x00000028   Code   RO          292    i.HAL_CRC_MspInit   stm32f4xx_hal_msp.o
    0x08000550   0x00000016   Code   RO          876    i.HAL_Delay         stm32f4xx_hal.o
    0x08000566   0x00000002   PAD
    0x08000568   0x00000098   Code   RO          295    i.HAL_FMC_MspInit   stm32f4xx_hal_msp.o
    0x08000600   0x000001cc   Code   RO         1262    i.HAL_GPIO_Init     stm32f4xx_hal_gpio.o
    0x080007cc   0x0000000c   Code   RO          884    i.HAL_GetTick       stm32f4xx_hal.o
    0x080007d8   0x00000010   Code   RO          885    i.HAL_IncTick       stm32f4xx_hal.o
    0x080007e8   0x00000034   Code   RO          886    i.HAL_Init          stm32f4xx_hal.o
    0x0800081c   0x00000022   Code   RO          887    i.HAL_InitTick      stm32f4xx_hal.o
    0x0800083e   0x00000052   Code   RO         3288    i.HAL_LTDC_ConfigLayer  stm32f4xx_hal_ltdc.o
    0x08000890   0x000000fc   Code   RO         3300    i.HAL_LTDC_Init     stm32f4xx_hal_ltdc.o
    0x0800098c   0x00000120   Code   RO          297    i.HAL_LTDC_MspInit  stm32f4xx_hal_msp.o
    0x08000aac   0x00000016   Code   RO          298    i.HAL_MspInit       stm32f4xx_hal_msp.o
    0x08000ac2   0x00000016   Code   RO         1802    i.HAL_NVIC_EnableIRQ  stm32f4xx_hal_cortex.o
    0x08000ad8   0x00000040   Code   RO         1808    i.HAL_NVIC_SetPriority  stm32f4xx_hal_cortex.o
    0x08000b18   0x00000024   Code   RO         1809    i.HAL_NVIC_SetPriorityGrouping  stm32f4xx_hal_cortex.o
    0x08000b3c   0x00000008   Code   RO         2719    i.HAL_PCDEx_SetRxFiFo  stm32f4xx_hal_pcd_ex.o
    0x08000b44   0x00000044   Code   RO         2720    i.HAL_PCDEx_SetTxFiFo  stm32f4xx_hal_pcd_ex.o
    0x08000b88   0x00000008   Code   RO          473    i.HAL_PCD_ConnectCallback  usbd_conf.o
    0x08000b90   0x00000012   Code   RO          474    i.HAL_PCD_DataInStageCallback  usbd_conf.o
    0x08000ba2   0x00000014   Code   RO          475    i.HAL_PCD_DataOutStageCallback  usbd_conf.o
    0x08000bb6   0x00000008   Code   RO          476    i.HAL_PCD_DisconnectCallback  usbd_conf.o
    0x08000bbe   0x00000044   Code   RO         2513    i.HAL_PCD_EP_Close  stm32f4xx_hal_pcd.o
    0x08000c02   0x00000050   Code   RO         2514    i.HAL_PCD_EP_ClrStall  stm32f4xx_hal_pcd.o
    0x08000c52   0x00000014   Code   RO         2516    i.HAL_PCD_EP_GetRxCount  stm32f4xx_hal_pcd.o
    0x08000c66   0x00000054   Code   RO         2517    i.HAL_PCD_EP_Open   stm32f4xx_hal_pcd.o
    0x08000cba   0x00000002   PAD
    0x08000cbc   0x0000005e   Code   RO         2518    i.HAL_PCD_EP_Receive  stm32f4xx_hal_pcd.o
    0x08000d1a   0x00000060   Code   RO         2519    i.HAL_PCD_EP_SetStall  stm32f4xx_hal_pcd.o
    0x08000d7a   0x00000056   Code   RO         2520    i.HAL_PCD_EP_Transmit  stm32f4xx_hal_pcd.o
    0x08000dd0   0x000003e4   Code   RO         2522    i.HAL_PCD_IRQHandler  stm32f4xx_hal_pcd.o
    0x080011b4   0x00000008   Code   RO          477    i.HAL_PCD_ISOINIncompleteCallback  usbd_conf.o
    0x080011bc   0x00000008   Code   RO          478    i.HAL_PCD_ISOOUTIncompleteCallback  usbd_conf.o
    0x080011c4   0x000000be   Code   RO         2525    i.HAL_PCD_Init      stm32f4xx_hal_pcd.o
    0x08001282   0x00000002   PAD
    0x08001284   0x00000078   Code   RO          480    i.HAL_PCD_MspInit   usbd_conf.o
    0x080012fc   0x00000020   Code   RO          481    i.HAL_PCD_ResetCallback  usbd_conf.o
    0x0800131c   0x00000008   Code   RO          482    i.HAL_PCD_ResumeCallback  usbd_conf.o
    0x08001324   0x00000008   Code   RO          483    i.HAL_PCD_SOFCallback  usbd_conf.o
    0x0800132c   0x00000024   Code   RO         2531    i.HAL_PCD_SetAddress  stm32f4xx_hal_pcd.o
    0x08001350   0x0000000e   Code   RO          484    i.HAL_PCD_SetupStageCallback  usbd_conf.o
    0x0800135e   0x0000002a   Code   RO         2533    i.HAL_PCD_Start     stm32f4xx_hal_pcd.o
    0x08001388   0x00000030   Code   RO          485    i.HAL_PCD_SuspendCallback  usbd_conf.o
    0x080013b8   0x000002b8   Code   RO         2036    i.HAL_RCCEx_PeriphCLKConfig  stm32f4xx_hal_rcc_ex.o
    0x08001670   0x0000020c   Code   RO         1506    i.HAL_RCC_ClockConfig  stm32f4xx_hal_rcc.o
    0x0800187c   0x00000034   Code   RO         1511    i.HAL_RCC_GetHCLKFreq  stm32f4xx_hal_rcc.o
    0x080018b0   0x00000070   Code   RO         1515    i.HAL_RCC_GetSysClockFreq  stm32f4xx_hal_rcc.o
    0x08001920   0x0000033c   Code   RO         1518    i.HAL_RCC_OscConfig  stm32f4xx_hal_rcc.o
    0x08001c5c   0x00000042   Code   RO         2071    i.HAL_SDRAM_Init    stm32f4xx_hal_sdram.o
    0x08001c9e   0x00000004   Code   RO          300    i.HAL_SDRAM_MspInit  stm32f4xx_hal_msp.o
    0x08001ca2   0x00000022   Code   RO         2074    i.HAL_SDRAM_ProgramRefreshRate  stm32f4xx_hal_sdram.o
    0x08001cc4   0x00000030   Code   RO         2080    i.HAL_SDRAM_SendCommand  stm32f4xx_hal_sdram.o
    0x08001cf4   0x0000004e   Code   RO         2758    i.HAL_SD_GetStatus  stm32f4xx_hal_sd.o
    0x08001d42   0x000002b8   Code   RO         2759    i.HAL_SD_Get_CardInfo  stm32f4xx_hal_sd.o
    0x08001ffa   0x000000a0   Code   RO         2762    i.HAL_SD_Init       stm32f4xx_hal_sd.o
    0x0800209a   0x00000002   PAD
    0x0800209c   0x00000058   Code   RO          302    i.HAL_SD_MspInit    stm32f4xx_hal_msp.o
    0x080020f4   0x0000017c   Code   RO         2765    i.HAL_SD_ReadBlocks  stm32f4xx_hal_sd.o
    0x08002270   0x0000002c   Code   RO         2768    i.HAL_SD_StopTransfer  stm32f4xx_hal_sd.o
    0x0800229c   0x0000005e   Code   RO         2769    i.HAL_SD_WideBusOperation_Config  stm32f4xx_hal_sd.o
    0x080022fa   0x00000002   PAD
    0x080022fc   0x000001d8   Code   RO         2770    i.HAL_SD_WriteBlocks  stm32f4xx_hal_sd.o
    0x080024d4   0x00000018   Code   RO         1811    i.HAL_SYSTICK_CLKSourceConfig  stm32f4xx_hal_cortex.o
    0x080024ec   0x00000002   Code   RO         1812    i.HAL_SYSTICK_Callback  stm32f4xx_hal_cortex.o
    0x080024ee   0x00000028   Code   RO         1813    i.HAL_SYSTICK_Config  stm32f4xx_hal_cortex.o
    0x08002516   0x00000008   Code   RO         1814    i.HAL_SYSTICK_IRQHandler  stm32f4xx_hal_cortex.o
    0x0800251e   0x00000162   Code   RO         3310    i.LTDC_SetConfig    stm32f4xx_hal_ltdc.o
    0x08002680   0x0000002c   Code   RO          838    i.MX_FATFS_Init     fatfs.o
    0x080026ac   0x00000054   Code   RO           13    i.MX_FMC_Init       main.o
    0x08002700   0x000000b8   Code   RO           14    i.MX_GPIO_Init      main.o
    0x080027b8   0x000000c8   Code   RO           15    i.MX_LTDC_Init      main.o
    0x08002880   0x00000038   Code   RO          435    i.MX_USB_DEVICE_Init  usb_device.o
    0x080028b8   0x00000020   Code   RO         1815    i.NVIC_SetPriority  stm32f4xx_hal_cortex.o
    0x080028d8   0x0000000c   Code   RO          257    i.OTG_FS_IRQHandler  stm32f4xx_it.o
    0x080028e4   0x00000096   Code   RO         2536    i.PCD_WriteEmptyTxFifo  stm32f4xx_hal_pcd.o
    0x0800297a   0x00000024   Code   RO         2987    i.SDIO_DataConfig   stm32f4xx_ll_sdmmc.o
    0x0800299e   0x00000006   Code   RO         2988    i.SDIO_GetCommandResponse  stm32f4xx_ll_sdmmc.o
    0x080029a4   0x00000008   Code   RO         2991    i.SDIO_GetPowerState  stm32f4xx_ll_sdmmc.o
    0x080029ac   0x00000010   Code   RO         2992    i.SDIO_GetResponse  stm32f4xx_ll_sdmmc.o
    0x080029bc   0x00000024   Code   RO         2993    i.SDIO_Init         stm32f4xx_ll_sdmmc.o
    0x080029e0   0x00000008   Code   RO         2995    i.SDIO_PowerState_ON  stm32f4xx_ll_sdmmc.o
    0x080029e8   0x00000006   Code   RO         2996    i.SDIO_ReadFIFO     stm32f4xx_ll_sdmmc.o
    0x080029ee   0x00000020   Code   RO         2997    i.SDIO_SendCommand  stm32f4xx_ll_sdmmc.o
    0x08002a0e   0x0000000a   Code   RO         2999    i.SDIO_WriteFIFO    stm32f4xx_ll_sdmmc.o
    0x08002a18   0x00000078   Code   RO           16    i.SDRAM_Initialization_Sequence  main.o
    0x08002a90   0x000000ec   Code   RO         2774    i.SD_CmdResp1Error  stm32f4xx_hal_sd.o
    0x08002b7c   0x0000002e   Code   RO         2775    i.SD_CmdResp2Error  stm32f4xx_hal_sd.o
    0x08002baa   0x00000072   Code   RO         2776    i.SD_CmdResp6Error  stm32f4xx_hal_sd.o
    0x08002c1c   0x00000040   Code   RO         2777    i.SD_CmdResp7Error  stm32f4xx_hal_sd.o
    0x08002c5c   0x0000010a   Code   RO         2782    i.SD_FindSCR        stm32f4xx_hal_sd.o
    0x08002d66   0x000000dc   Code   RO         2783    i.SD_Initialize_Cards  stm32f4xx_hal_sd.o
    0x08002e42   0x00000002   PAD
    0x08002e44   0x0000013c   Code   RO         2784    i.SD_IsCardProgramming  stm32f4xx_hal_sd.o
    0x08002f80   0x00000174   Code   RO         2785    i.SD_PowerON        stm32f4xx_hal_sd.o
    0x080030f4   0x00000072   Code   RO         2786    i.SD_WideBus_Disable  stm32f4xx_hal_sd.o
    0x08003166   0x00000074   Code   RO         2787    i.SD_WideBus_Enable  stm32f4xx_hal_sd.o
    0x080031da   0x00000002   PAD
    0x080031dc   0x00000020   Code   RO         4371    i.SD_initialize     sd_diskio.o
    0x080031fc   0x00000050   Code   RO         4372    i.SD_ioctl          sd_diskio.o
    0x0800324c   0x0000001c   Code   RO         4373    i.SD_read           sd_diskio.o
    0x08003268   0x00000020   Code   RO         4374    i.SD_status         sd_diskio.o
    0x08003288   0x0000001c   Code   RO         4375    i.SD_write          sd_diskio.o
    0x080032a4   0x0000000e   Code   RO          258    i.SysTick_Handler   stm32f4xx_it.o
    0x080032b2   0x00000002   PAD
    0x080032b4   0x000000a0   Code   RO           17    i.SystemClock_Config  main.o
    0x08003354   0x00000054   Code   RO         3454    i.SystemInit        system_stm32f4xx.o
    0x080033a8   0x00000014   Code   RO         3628    i.USBD_CDC_DataIn   usbd_cdc.o
    0x080033bc   0x0000002e   Code   RO         3629    i.USBD_CDC_DataOut  usbd_cdc.o
    0x080033ea   0x0000003c   Code   RO         3630    i.USBD_CDC_DeInit   usbd_cdc.o
    0x08003426   0x00000024   Code   RO         3631    i.USBD_CDC_EP0_RxReady  usbd_cdc.o
    0x0800344a   0x00000002   PAD
    0x0800344c   0x0000000c   Code   RO         3632    i.USBD_CDC_GetDeviceQualifierDescriptor  usbd_cdc.o
    0x08003458   0x0000000c   Code   RO         3633    i.USBD_CDC_GetFSCfgDesc  usbd_cdc.o
    0x08003464   0x0000000c   Code   RO         3634    i.USBD_CDC_GetHSCfgDesc  usbd_cdc.o
    0x08003470   0x0000000c   Code   RO         3635    i.USBD_CDC_GetOtherSpeedCfgDesc  usbd_cdc.o
    0x0800347c   0x00000088   Code   RO         3636    i.USBD_CDC_Init     usbd_cdc.o
    0x08003504   0x00000028   Code   RO         3637    i.USBD_CDC_ReceivePacket  usbd_cdc.o
    0x0800352c   0x00000010   Code   RO         3638    i.USBD_CDC_RegisterInterface  usbd_cdc.o
    0x0800353c   0x0000000c   Code   RO         3639    i.USBD_CDC_SetRxBuffer  usbd_cdc.o
    0x08003548   0x00000010   Code   RO         3640    i.USBD_CDC_SetTxBuffer  usbd_cdc.o
    0x08003558   0x00000070   Code   RO         3641    i.USBD_CDC_Setup    usbd_cdc.o
    0x080035c8   0x00000030   Code   RO         3642    i.USBD_CDC_TransmitPacket  usbd_cdc.o
    0x080035f8   0x0000000e   Code   RO         3490    i.USBD_ClrClassConfig  usbd_core.o
    0x08003606   0x00000010   Code   RO         3734    i.USBD_CtlContinueRx  usbd_ioreq.o
    0x08003616   0x00000010   Code   RO         3735    i.USBD_CtlContinueSendData  usbd_ioreq.o
    0x08003626   0x00000016   Code   RO         3794    i.USBD_CtlError     usbd_ctlreq.o
    0x0800363c   0x0000001e   Code   RO         3736    i.USBD_CtlPrepareRx  usbd_ioreq.o
    0x0800365a   0x00000016   Code   RO         3737    i.USBD_CtlReceiveStatus  usbd_ioreq.o
    0x08003670   0x0000001a   Code   RO         3738    i.USBD_CtlSendData  usbd_ioreq.o
    0x0800368a   0x00000016   Code   RO         3739    i.USBD_CtlSendStatus  usbd_ioreq.o
    0x080036a0   0x00000020   Code   RO          662    i.USBD_FS_ConfigStrDescriptor  usbd_desc.o
    0x080036c0   0x0000000c   Code   RO          663    i.USBD_FS_DeviceDescriptor  usbd_desc.o
    0x080036cc   0x00000024   Code   RO          664    i.USBD_FS_InterfaceStrDescriptor  usbd_desc.o
    0x080036f0   0x0000000c   Code   RO          665    i.USBD_FS_LangIDStrDescriptor  usbd_desc.o
    0x080036fc   0x0000001c   Code   RO          666    i.USBD_FS_ManufacturerStrDescriptor  usbd_desc.o
    0x08003718   0x0000001c   Code   RO          667    i.USBD_FS_ProductStrDescriptor  usbd_desc.o
    0x08003734   0x00000024   Code   RO          668    i.USBD_FS_SerialStrDescriptor  usbd_desc.o
    0x08003758   0x000000e0   Code   RO         3795    i.USBD_GetDescriptor  usbd_ctlreq.o
    0x08003838   0x00000046   Code   RO         3796    i.USBD_GetString    usbd_ctlreq.o
    0x0800387e   0x0000002a   Code   RO         3492    i.USBD_Init         usbd_core.o
    0x080038a8   0x0000000e   Code   RO          486    i.USBD_LL_ClearStallEP  usbd_conf.o
    0x080038b6   0x0000000e   Code   RO          487    i.USBD_LL_CloseEP   usbd_conf.o
    0x080038c4   0x000000aa   Code   RO         3493    i.USBD_LL_DataInStage  usbd_core.o
    0x0800396e   0x0000006a   Code   RO         3494    i.USBD_LL_DataOutStage  usbd_core.o
    0x080039d8   0x00000004   Code   RO         3495    i.USBD_LL_DevConnected  usbd_core.o
    0x080039dc   0x00000016   Code   RO         3496    i.USBD_LL_DevDisconnected  usbd_core.o
    0x080039f2   0x00000008   Code   RO          491    i.USBD_LL_GetRxDataSize  usbd_conf.o
    0x080039fa   0x00000002   PAD
    0x080039fc   0x0000005c   Code   RO          492    i.USBD_LL_Init      usbd_conf.o
    0x08003a58   0x00000020   Code   RO          493    i.USBD_LL_IsStallEP  usbd_conf.o
    0x08003a78   0x00000004   Code   RO         3497    i.USBD_LL_IsoINIncomplete  usbd_core.o
    0x08003a7c   0x00000004   Code   RO         3498    i.USBD_LL_IsoOUTIncomplete  usbd_core.o
    0x08003a80   0x00000014   Code   RO          494    i.USBD_LL_OpenEP    usbd_conf.o
    0x08003a94   0x0000000e   Code   RO          495    i.USBD_LL_PrepareReceive  usbd_conf.o
    0x08003aa2   0x0000003e   Code   RO         3499    i.USBD_LL_Reset     usbd_core.o
    0x08003ae0   0x0000000c   Code   RO         3500    i.USBD_LL_Resume    usbd_core.o
    0x08003aec   0x00000018   Code   RO         3501    i.USBD_LL_SOF       usbd_core.o
    0x08003b04   0x00000006   Code   RO         3502    i.USBD_LL_SetSpeed  usbd_core.o
    0x08003b0a   0x0000000e   Code   RO          496    i.USBD_LL_SetUSBAddress  usbd_conf.o
    0x08003b18   0x0000005a   Code   RO         3503    i.USBD_LL_SetupStage  usbd_core.o
    0x08003b72   0x0000000e   Code   RO          497    i.USBD_LL_StallEP   usbd_conf.o
    0x08003b80   0x0000000e   Code   RO          498    i.USBD_LL_Start     usbd_conf.o
    0x08003b8e   0x00000012   Code   RO         3504    i.USBD_LL_Suspend   usbd_core.o
    0x08003ba0   0x0000000e   Code   RO          500    i.USBD_LL_Transmit  usbd_conf.o
    0x08003bae   0x00000028   Code   RO         3797    i.USBD_ParseSetupRequest  usbd_ctlreq.o
    0x08003bd6   0x00000010   Code   RO         3505    i.USBD_RegisterClass  usbd_core.o
    0x08003be6   0x00000016   Code   RO         3507    i.USBD_SetClassConfig  usbd_core.o
    0x08003bfc   0x00000074   Code   RO         3798    i.USBD_SetConfig    usbd_ctlreq.o
    0x08003c70   0x0000000a   Code   RO         3508    i.USBD_Start        usbd_core.o
    0x08003c7a   0x000000f2   Code   RO         3799    i.USBD_StdDevReq    usbd_ctlreq.o
    0x08003d6c   0x000000dc   Code   RO         3800    i.USBD_StdEPReq     usbd_ctlreq.o
    0x08003e48   0x00000034   Code   RO         3801    i.USBD_StdItfReq    usbd_ctlreq.o
    0x08003e7c   0x00000080   Code   RO         2222    i.USB_ActivateEndpoint  stm32f4xx_ll_usb.o
    0x08003efc   0x00000034   Code   RO         2223    i.USB_ActivateSetup  stm32f4xx_ll_usb.o
    0x08003f30   0x0000006c   Code   RO         2225    i.USB_CoreInit      stm32f4xx_ll_usb.o
    0x08003f9c   0x00000038   Code   RO         2226    i.USB_CoreReset     stm32f4xx_ll_usb.o
    0x08003fd4   0x0000006e   Code   RO         2228    i.USB_DeactivateEndpoint  stm32f4xx_ll_usb.o
    0x08004042   0x00000018   Code   RO         2229    i.USB_DevConnect    stm32f4xx_ll_usb.o
    0x0800405a   0x00000018   Code   RO         2230    i.USB_DevDisconnect  stm32f4xx_ll_usb.o
    0x08004072   0x00000002   PAD
    0x08004074   0x00000144   Code   RO         2231    i.USB_DevInit       stm32f4xx_ll_usb.o
    0x080041b8   0x0000000c   Code   RO         2232    i.USB_DisableGlobalInt  stm32f4xx_ll_usb.o
    0x080041c4   0x00000140   Code   RO         2235    i.USB_EP0StartXfer  stm32f4xx_ll_usb.o
    0x08004304   0x0000003e   Code   RO         2236    i.USB_EP0_OutStart  stm32f4xx_ll_usb.o
    0x08004342   0x00000064   Code   RO         2237    i.USB_EPClearStall  stm32f4xx_ll_usb.o
    0x080043a6   0x0000005e   Code   RO         2238    i.USB_EPSetStall    stm32f4xx_ll_usb.o
    0x08004404   0x0000021c   Code   RO         2239    i.USB_EPStartXfer   stm32f4xx_ll_usb.o
    0x08004620   0x0000000c   Code   RO         2240    i.USB_EnableGlobalInt  stm32f4xx_ll_usb.o
    0x0800462c   0x00000020   Code   RO         2241    i.USB_FlushRxFifo   stm32f4xx_ll_usb.o
    0x0800464c   0x00000024   Code   RO         2242    i.USB_FlushTxFifo   stm32f4xx_ll_usb.o
    0x08004670   0x0000003c   Code   RO         2244    i.USB_GetDevSpeed   stm32f4xx_ll_usb.o
    0x080046ac   0x00000008   Code   RO         2246    i.USB_GetMode       stm32f4xx_ll_usb.o
    0x080046b4   0x0000000e   Code   RO         2253    i.USB_ReadDevAllInEpInterrupt  stm32f4xx_ll_usb.o
    0x080046c2   0x0000000e   Code   RO         2254    i.USB_ReadDevAllOutEpInterrupt  stm32f4xx_ll_usb.o
    0x080046d0   0x0000001e   Code   RO         2255    i.USB_ReadDevInEPInterrupt  stm32f4xx_ll_usb.o
    0x080046ee   0x00000010   Code   RO         2256    i.USB_ReadDevOutEPInterrupt  stm32f4xx_ll_usb.o
    0x080046fe   0x00000008   Code   RO         2257    i.USB_ReadInterrupts  stm32f4xx_ll_usb.o
    0x08004706   0x00000020   Code   RO         2258    i.USB_ReadPacket    stm32f4xx_ll_usb.o
    0x08004726   0x0000002c   Code   RO         2260    i.USB_SetCurrentMode  stm32f4xx_ll_usb.o
    0x08004752   0x00000022   Code   RO         2261    i.USB_SetDevAddress  stm32f4xx_ll_usb.o
    0x08004774   0x00000028   Code   RO         2265    i.USB_WritePacket   stm32f4xx_ll_usb.o
    0x0800479c   0x0000000e   Code   RO         5833    i.__scatterload_copy  mc_w.l(handlers.o)
    0x080047aa   0x00000002   Code   RO         5834    i.__scatterload_null  mc_w.l(handlers.o)
    0x080047ac   0x0000000e   Code   RO         5835    i.__scatterload_zeroinit  mc_w.l(handlers.o)
    0x080047ba   0x00000002   PAD
    0x080047bc   0x00000060   Code   RO         3914    i.check_fs          ff.o
    0x0800481c   0x00000010   Code   RO         3915    i.chk_chr           ff.o
    0x0800482c   0x0000006c   Code   RO         3916    i.chk_lock          ff.o
    0x08004898   0x00000024   Code   RO         3917    i.clear_lock        ff.o
    0x080048bc   0x0000002a   Code   RO         3918    i.clmt_clust        ff.o
    0x080048e6   0x0000001e   Code   RO         3919    i.clust2sect        ff.o
    0x08004904   0x000000b0   Code   RO         3920    i.create_chain      ff.o
    0x080049b4   0x00000204   Code   RO         3921    i.create_name       ff.o
    0x08004bb8   0x00000144   Code   RO         3923    i.dir_find          ff.o
    0x08004cfc   0x0000011e   Code   RO         3924    i.dir_next          ff.o
    0x08004e1a   0x00000002   PAD
    0x08004e1c   0x000001d0   Code   RO         3926    i.dir_register      ff.o
    0x08004fec   0x00000098   Code   RO         3928    i.dir_sdi           ff.o
    0x08005084   0x00000024   Code   RO         3859    i.disk_initialize   diskio.o
    0x080050a8   0x00000020   Code   RO         3861    i.disk_read         diskio.o
    0x080050c8   0x00000010   Code   RO         3862    i.disk_status       diskio.o
    0x080050d8   0x00000020   Code   RO         3863    i.disk_write        diskio.o
    0x080050f8   0x0000005c   Code   RO         3937    i.f_mount           ff.o
    0x08005154   0x000001d0   Code   RO         3938    i.f_open            ff.o
    0x08005324   0x0000018c   Code   RO         3943    i.f_read            ff.o
    0x080054b0   0x00000038   Code   RO         4336    i.ff_convert        unicode.o
    0x080054e8   0x00000004   Code   RO         4293    i.ff_memalloc       syscall.o
    0x080054ec   0x00000004   Code   RO         4294    i.ff_memfree        syscall.o
    0x080054f0   0x00000024   Code   RO         4337    i.ff_wtoupper       unicode.o
    0x08005514   0x00000258   Code   RO         3952    i.find_volume       ff.o
    0x0800576c   0x00000072   Code   RO         3953    i.follow_path       ff.o
    0x080057de   0x00000002   PAD
    0x080057e0   0x00000050   Code   RO         5785    i.free              mc_w.l(malloc.o)
    0x08005830   0x00000080   Code   RO         3954    i.gen_numname       ff.o
    0x080058b0   0x000000b8   Code   RO         3955    i.get_fat           ff.o
    0x08005968   0x00000004   Code   RO         3864    i.get_fattime       diskio.o
    0x0800596c   0x0000003c   Code   RO         3957    i.get_ldnumber      ff.o
    0x080059a8   0x000000a0   Code   RO         3958    i.inc_lock          ff.o
    0x08005a48   0x00000014   Code   RO         3959    i.ld_clust          ff.o
    0x08005a5c   0x000000bc   Code   RO           18    i.main              main.o
    0x08005b18   0x0000006c   Code   RO         5786    i.malloc            mc_w.l(malloc.o)
    0x08005b84   0x00000012   Code   RO         3960    i.mem_cpy           ff.o
    0x08005b96   0x0000000e   Code   RO         3961    i.mem_set           ff.o
    0x08005ba4   0x00000032   Code   RO         3962    i.move_window       ff.o
    0x08005bd6   0x00000002   PAD
    0x08005bd8   0x000000fe   Code   RO         3963    i.put_fat           ff.o
    0x08005cd6   0x0000006e   Code   RO         3965    i.remove_chain      ff.o
    0x08005d44   0x00000010   Code   RO         3966    i.st_clust          ff.o
    0x08005d54   0x0000001a   Code   RO         3967    i.sum_sfn           ff.o
    0x08005d6e   0x0000005a   Code   RO         3969    i.sync_window       ff.o
    0x08005dc8   0x00000030   Code   RO         3970    i.validate          ff.o
    0x08005df8   0x00000010   Data   RO         1519    .constdata          stm32f4xx_hal_rcc.o
    0x08005e08   0x000000ba   Data   RO         3972    .constdata          ff.o
    0x08005ec2   0x000004c0   Data   RO         4338    .constdata          unicode.o
    0x08006382   0x00000002   PAD
    0x08006384   0x00000020   Data   RO         5831    Region$$Table       anon$$obj.o


    Execution Region RW_IRAM1 (Base: 0x20000000, Size: 0x00003580, Max: 0x00030000, ABSOLUTE, COMPRESSED[0x000000cc])

    Base Addr    Size         Type   Attr      Idx    E Section Name        Object

    0x20000000   0x00000008   Data   RW           22    .data               main.o
    0x20000008   0x00000008   Data   RW          303    .data               stm32f4xx_hal_msp.o
    0x20000010   0x00000010   Data   RW          388    .data               usbd_cdc_if.o
    0x20000020   0x0000000c   Data   RW          389    .data               usbd_cdc_if.o
    0x2000002c   0x0000001c   Data   RW          670    .data               usbd_desc.o
    0x20000048   0x00000016   Data   RW          671    .data               usbd_desc.o
    0x2000005e   0x00000005   Data   RW          840    .data               fatfs.o
    0x20000063   0x00000001   PAD
    0x20000064   0x00000004   Data   RW          892    .data               stm32f4xx_hal.o
    0x20000068   0x00000004   Data   RW         3456    .data               system_stm32f4xx.o
    0x2000006c   0x000000db   Data   RW         3643    .data               usbd_cdc.o
    0x20000147   0x00000001   PAD
    0x20000148   0x00000038   Data   RW         3644    .data               usbd_cdc.o
    0x20000180   0x00000001   Data   RW         3802    .data               usbd_ctlreq.o
    0x20000181   0x00000003   PAD
    0x20000184   0x00000008   Data   RW         3973    .data               ff.o
    0x2000018c   0x00000001   Data   RW         4376    .data               sd_diskio.o
    0x2000018d   0x00000003   PAD
    0x20000190   0x00000014   Data   RW         4377    .data               sd_diskio.o
    0x200001a4   0x00000004   Data   RW         5827    .data               mc_w.l(mvars.o)
    0x200001a8   0x00000004   Data   RW         5828    .data               mc_w.l(mvars.o)
    0x200001ac   0x0000014c   Zero   RW           20    .bss                main.o
    0x200002f8   0x00000058   Zero   RW           21    .bss                main.o
    0x20000350   0x00000400   Zero   RW          387    .bss                usbd_cdc_if.o
    0x20000750   0x00000224   Zero   RW          436    .bss                usb_device.o
    0x20000974   0x000003b4   Zero   RW          501    .bss                usbd_conf.o
    0x20000d28   0x00000200   Zero   RW          669    .bss                usbd_desc.o
    0x20000f28   0x00000230   Zero   RW          839    .bss                fatfs.o
    0x20001158   0x00000018   Zero   RW         3971    .bss                ff.o
    0x20001170   0x0000000c   Zero   RW         4257    .bss                ff_gen_drv.o
    0x2000117c   0x00000004   PAD
    0x20001180   0x00002000   Zero   RW            2    HEAP                startup_stm32f429xx.o
    0x20003180   0x00000400   Zero   RW            1    STACK               startup_stm32f429xx.o


==============================================================================

Image component sizes


      Code (inc. data)   RO Data    RW Data    ZI Data      Debug   Object Name

       148         32          0          0          0       3266   bsp_driver_sd.o
       120         18          0          0          0       3418   diskio.o
        44         14          0          5        560       1004   fatfs.o
      5090         80        186          8         24      34374   ff.o
        56          4          0          0         12        962   ff_gen_drv.o
       936         92          0          8        420     423754   main.o
       200         16          0         21          0       4052   sd_diskio.o
        36          8        428          0       9216        952   startup_stm32f429xx.o
       136         16          0          4          0       4150   stm32f4xx_hal.o
       228         14          0          0          0      31833   stm32f4xx_hal_cortex.o
        38          0          0          0          0       1043   stm32f4xx_hal_crc.o
       460         52          0          0          0       1868   stm32f4xx_hal_gpio.o
       688          4          0          0          0       2879   stm32f4xx_hal_ltdc.o
       594         98          0          8          0       4100   stm32f4xx_hal_msp.o
      1942          0          0          0          0      10957   stm32f4xx_hal_pcd.o
        76          0          0          0          0       1800   stm32f4xx_hal_pcd_ex.o
      1516         54         16          0          0       4949   stm32f4xx_hal_rcc.o
       696         36          0          0          0       1576   stm32f4xx_hal_rcc_ex.o
      3788         20          0          0          0      21039   stm32f4xx_hal_sd.o
       148          0          0          0          0       2660   stm32f4xx_hal_sdram.o
        26          6          0          0          0        954   stm32f4xx_it.o
       284          0          0          0          0       3384   stm32f4xx_ll_fmc.o
       158          4          0          0          0       5853   stm32f4xx_ll_sdmmc.o
      2334         52          0          0          0      20160   stm32f4xx_ll_usb.o
         8          0          0          0          0       1583   syscall.o
        84         18          0          4          0       1337   system_stm32f4xx.o
        92         12       1216          0          0       1975   unicode.o
        56         18          0          0        548        720   usb_device.o
       590         22          0        275          0      12866   usbd_cdc.o
       120         20          0         28       1024       2835   usbd_cdc_if.o
       550         16          0          0        948      13246   usbd_conf.o
       626          0          0          0          0      11754   usbd_core.o
       986         30          0          1          0       7896   usbd_ctlreq.o
       184         88          0         50        512       5027   usbd_desc.o
       132          0          0          0          0       4372   usbd_ioreq.o

    ----------------------------------------------------------------------
     23200        844       1880        420      13268     654598   Object Totals
         0          0         32          0          0          0   (incl. Generated)
        30          0          2          8          4          0   (incl. Padding)

    ----------------------------------------------------------------------

      Code (inc. data)   RO Data    RW Data    ZI Data      Debug   Library Member Name

        86          0          0          0          0          0   __dczerorl2.o
         0          0          0          0          0          0   entry.o
         0          0          0          0          0          0   entry10a.o
         0          0          0          0          0          0   entry11a.o
         8          4          0          0          0          0   entry2.o
         4          0          0          0          0          0   entry5.o
         0          0          0          0          0          0   entry7b.o
         0          0          0          0          0          0   entry8b.o
         8          4          0          0          0          0   entry9a.o
        30          0          0          0          0          0   handlers.o
        36          8          0          0          0         68   init.o
       188         20          0          0          0        160   malloc.o
        64          0          0          0          0         76   memmovea.o
         0          0          0          8          0          0   mvars.o

    ----------------------------------------------------------------------
       428         36          0          8          0        304   Library Totals
         4          0          0          0          0          0   (incl. Padding)

    ----------------------------------------------------------------------

      Code (inc. data)   RO Data    RW Data    ZI Data      Debug   Library Name

       424         36          0          8          0        304   mc_w.l

    ----------------------------------------------------------------------
       428         36          0          8          0        304   Library Totals

    ----------------------------------------------------------------------

==============================================================================


      Code (inc. data)   RO Data    RW Data    ZI Data      Debug   

     23628        880       1880        428      13268     631182   Grand Totals
     23628        880       1880        204      13268     631182   ELF Image Totals (compressed)
     23628        880       1880        204          0          0   ROM Totals

==============================================================================

    Total RO  Size (Code + RO Data)                25508 (  24.91kB)
    Total RW  Size (RW Data + ZI Data)             13696 (  13.38kB)
    Total ROM Size (Code + RO Data + RW Data)      25712 (  25.11kB)

==============================================================================

