Component: ARM Compiler 5.05 update 2 (build 169) Tool: armlink [4d0f33]

==============================================================================

Section Cross References

    startup_stm32f429xx.o(RESET) refers to startup_stm32f429xx.o(STACK) for __initial_sp
    startup_stm32f429xx.o(RESET) refers to startup_stm32f429xx.o(.text) for Reset_Handler
    startup_stm32f429xx.o(RESET) refers to stm32f4xx_it.o(i.SysTick_Handler) for SysTick_Handler
    startup_stm32f429xx.o(RESET) refers to stm32f4xx_it.o(i.OTG_FS_IRQHandler) for OTG_FS_IRQHandler
    startup_stm32f429xx.o(.text) refers to system_stm32f4xx.o(i.SystemInit) for SystemInit
    startup_stm32f429xx.o(.text) refers to entry.o(.ARM.Collect$$$$00000000) for __main
    main.o(i.MX_GPIO_Init) refers to stm32f4xx_hal_gpio.o(i.HAL_GPIO_Init) for HAL_GPIO_Init
    main.o(i.SystemClock_Config) refers to stm32f4xx_hal_rcc.o(i.HAL_RCC_OscConfig) for HAL_RCC_OscConfig
    main.o(i.SystemClock_Config) refers to stm32f4xx_hal_rcc.o(i.HAL_RCC_ClockConfig) for HAL_RCC_ClockConfig
    main.o(i.SystemClock_Config) refers to stm32f4xx_hal_rcc.o(i.HAL_RCC_GetHCLKFreq) for HAL_RCC_GetHCLKFreq
    main.o(i.SystemClock_Config) refers to stm32f4xx_hal_cortex.o(i.HAL_SYSTICK_Config) for HAL_SYSTICK_Config
    main.o(i.SystemClock_Config) refers to stm32f4xx_hal_cortex.o(i.HAL_SYSTICK_CLKSourceConfig) for HAL_SYSTICK_CLKSourceConfig
    main.o(i.main) refers to stm32f4xx_hal.o(i.HAL_Init) for HAL_Init
    main.o(i.main) refers to main.o(i.SystemClock_Config) for SystemClock_Config
    main.o(i.main) refers to main.o(i.MX_GPIO_Init) for MX_GPIO_Init
    main.o(i.main) refers to fatfs.o(i.MX_FATFS_Init) for MX_FATFS_Init
    main.o(i.main) refers to usb_device.o(i.MX_USB_DEVICE_Init) for MX_USB_DEVICE_Init
    main.o(i.main) refers to ff.o(i.f_open) for f_open
    main.o(i.main) refers to usbd_cdc.o(i.USBD_CDC_SetTxBuffer) for USBD_CDC_SetTxBuffer
    main.o(i.main) refers to usbd_cdc.o(i.USBD_CDC_TransmitPacket) for USBD_CDC_TransmitPacket
    main.o(i.main) refers to ff.o(i.f_read) for f_read
    main.o(i.main) refers to stm32f4xx_hal.o(i.HAL_Delay) for HAL_Delay
    main.o(i.main) refers to main.o(.bss) for .bss
    main.o(i.main) refers to usb_device.o(.bss) for hUsbDeviceFS
    stm32f4xx_it.o(i.OTG_FS_IRQHandler) refers to stm32f4xx_hal_pcd.o(i.HAL_PCD_IRQHandler) for HAL_PCD_IRQHandler
    stm32f4xx_it.o(i.OTG_FS_IRQHandler) refers to usbd_conf.o(.bss) for hpcd_USB_OTG_FS
    stm32f4xx_it.o(i.SysTick_Handler) refers to stm32f4xx_hal.o(i.HAL_IncTick) for HAL_IncTick
    stm32f4xx_it.o(i.SysTick_Handler) refers to stm32f4xx_hal_cortex.o(i.HAL_SYSTICK_IRQHandler) for HAL_SYSTICK_IRQHandler
    stm32f4xx_hal_msp.o(i.HAL_MspInit) refers to stm32f4xx_hal_cortex.o(i.HAL_NVIC_SetPriorityGrouping) for HAL_NVIC_SetPriorityGrouping
    stm32f4xx_hal_msp.o(i.HAL_MspInit) refers to stm32f4xx_hal_cortex.o(i.HAL_NVIC_SetPriority) for HAL_NVIC_SetPriority
    stm32f4xx_hal_msp.o(i.HAL_SD_MspDeInit) refers to stm32f4xx_hal_gpio.o(i.HAL_GPIO_DeInit) for HAL_GPIO_DeInit
    stm32f4xx_hal_msp.o(i.HAL_SD_MspInit) refers to stm32f4xx_hal_gpio.o(i.HAL_GPIO_Init) for HAL_GPIO_Init
    usbd_cdc_if.o(i.CDC_Init_FS) refers to usbd_cdc.o(i.USBD_CDC_SetTxBuffer) for USBD_CDC_SetTxBuffer
    usbd_cdc_if.o(i.CDC_Init_FS) refers to usbd_cdc.o(i.USBD_CDC_SetRxBuffer) for USBD_CDC_SetRxBuffer
    usbd_cdc_if.o(i.CDC_Init_FS) refers to usb_device.o(.bss) for hUsbDeviceFS
    usbd_cdc_if.o(i.CDC_Init_FS) refers to usbd_cdc_if.o(.data) for .data
    usbd_cdc_if.o(i.CDC_Receive_FS) refers to usbd_cdc.o(i.USBD_CDC_SetTxBuffer) for USBD_CDC_SetTxBuffer
    usbd_cdc_if.o(i.CDC_Receive_FS) refers to usbd_cdc.o(i.USBD_CDC_TransmitPacket) for USBD_CDC_TransmitPacket
    usbd_cdc_if.o(i.CDC_Receive_FS) refers to usbd_cdc.o(i.USBD_CDC_SetRxBuffer) for USBD_CDC_SetRxBuffer
    usbd_cdc_if.o(i.CDC_Receive_FS) refers to usbd_cdc.o(i.USBD_CDC_ReceivePacket) for USBD_CDC_ReceivePacket
    usbd_cdc_if.o(i.CDC_Receive_FS) refers to usbd_cdc_if.o(.bss) for .bss
    usbd_cdc_if.o(i.CDC_Receive_FS) refers to usbd_cdc_if.o(.data) for .data
    usbd_cdc_if.o(i.CDC_Transmit_FS) refers to usbd_cdc.o(i.USBD_CDC_SetTxBuffer) for USBD_CDC_SetTxBuffer
    usbd_cdc_if.o(i.CDC_Transmit_FS) refers to usbd_cdc.o(i.USBD_CDC_TransmitPacket) for USBD_CDC_TransmitPacket
    usbd_cdc_if.o(i.CDC_Transmit_FS) refers to usbd_cdc_if.o(.data) for .data
    usbd_cdc_if.o(.data) refers to usbd_cdc_if.o(i.CDC_Init_FS) for CDC_Init_FS
    usbd_cdc_if.o(.data) refers to usbd_cdc_if.o(i.CDC_DeInit_FS) for CDC_DeInit_FS
    usbd_cdc_if.o(.data) refers to usbd_cdc_if.o(i.CDC_Control_FS) for CDC_Control_FS
    usbd_cdc_if.o(.data) refers to usbd_cdc_if.o(i.CDC_Receive_FS) for CDC_Receive_FS
    usb_device.o(i.MX_USB_DEVICE_Init) refers to usbd_core.o(i.USBD_Init) for USBD_Init
    usb_device.o(i.MX_USB_DEVICE_Init) refers to usbd_core.o(i.USBD_RegisterClass) for USBD_RegisterClass
[...]
    i.SDIO_ReadFIFO                          0x08001f50   Section        0  stm32f4xx_ll_sdmmc.o(i.SDIO_ReadFIFO)
    i.SDIO_SendCommand                       0x08001f56   Section        0  stm32f4xx_ll_sdmmc.o(i.SDIO_SendCommand)
    i.SDIO_WriteFIFO                         0x08001f76   Section        0  stm32f4xx_ll_sdmmc.o(i.SDIO_WriteFIFO)
    i.SD_CmdResp1Error                       0x08001f80   Section        0  stm32f4xx_hal_sd.o(i.SD_CmdResp1Error)
    SD_CmdResp1Error                         0x08001f81   Thumb Code   230  stm32f4xx_hal_sd.o(i.SD_CmdResp1Error)
    i.SD_CmdResp2Error                       0x0800206c   Section        0  stm32f4xx_hal_sd.o(i.SD_CmdResp2Error)
    SD_CmdResp2Error                         0x0800206d   Thumb Code    46  stm32f4xx_hal_sd.o(i.SD_CmdResp2Error)
    i.SD_CmdResp6Error                       0x0800209a   Section        0  stm32f4xx_hal_sd.o(i.SD_CmdResp6Error)
    SD_CmdResp6Error                         0x0800209b   Thumb Code   114  stm32f4xx_hal_sd.o(i.SD_CmdResp6Error)
    i.SD_CmdResp7Error                       0x0800210c   Section        0  stm32f4xx_hal_sd.o(i.SD_CmdResp7Error)
    SD_CmdResp7Error                         0x0800210d   Thumb Code    64  stm32f4xx_hal_sd.o(i.SD_CmdResp7Error)
    i.SD_FindSCR                             0x0800214c   Section        0  stm32f4xx_hal_sd.o(i.SD_FindSCR)
    SD_FindSCR                               0x0800214d   Thumb Code   266  stm32f4xx_hal_sd.o(i.SD_FindSCR)
    i.SD_Initialize_Cards                    0x08002256   Section        0  stm32f4xx_hal_sd.o(i.SD_Initialize_Cards)
    SD_Initialize_Cards                      0x08002257   Thumb Code   220  stm32f4xx_hal_sd.o(i.SD_Initialize_Cards)
    i.SD_IsCardProgramming                   0x08002334   Section        0  stm32f4xx_hal_sd.o(i.SD_IsCardProgramming)
    SD_IsCardProgramming                     0x08002335   Thumb Code   310  stm32f4xx_hal_sd.o(i.SD_IsCardProgramming)
    i.SD_PowerON                             0x08002470   Section        0  stm32f4xx_hal_sd.o(i.SD_PowerON)
    SD_PowerON                               0x08002471   Thumb Code   364  stm32f4xx_hal_sd.o(i.SD_PowerON)
    i.SD_WideBus_Disable                     0x080025e4   Section        0  stm32f4xx_hal_sd.o(i.SD_WideBus_Disable)
    SD_WideBus_Disable                       0x080025e5   Thumb Code   114  stm32f4xx_hal_sd.o(i.SD_WideBus_Disable)
    i.SD_WideBus_Enable                      0x08002656   Section        0  stm32f4xx_hal_sd.o(i.SD_WideBus_Enable)
    SD_WideBus_Enable                        0x08002657   Thumb Code   116  stm32f4xx_hal_sd.o(i.SD_WideBus_Enable)
    i.SD_initialize                          0x080026cc   Section        0  sd_diskio.o(i.SD_initialize)
    i.SD_ioctl                               0x080026ec   Section        0  sd_diskio.o(i.SD_ioctl)
    i.SD_read                                0x0800273c   Section        0  sd_diskio.o(i.SD_read)
    i.SD_status                              0x08002758   Section        0  sd_diskio.o(i.SD_status)
    i.SD_write                               0x08002778   Section        0  sd_diskio.o(i.SD_write)
    i.SysTick_Handler                        0x08002794   Section        0  stm32f4xx_it.o(i.SysTick_Handler)
    i.SystemClock_Config                     0x080027a4   Section        0  main.o(i.SystemClock_Config)
    i.SystemInit                             0x0800282c   Section        0  system_stm32f4xx.o(i.SystemInit)
    i.USBD_CDC_DataIn                        0x08002880   Section        0  usbd_cdc.o(i.USBD_CDC_DataIn)
    USBD_CDC_DataIn                          0x08002881   Thumb Code    20  usbd_cdc.o(i.USBD_CDC_DataIn)
    i.USBD_CDC_DataOut                       0x08002894   Section        0  usbd_cdc.o(i.USBD_CDC_DataOut)
    USBD_CDC_DataOut                         0x08002895   Thumb Code    46  usbd_cdc.o(i.USBD_CDC_DataOut)
    i.USBD_CDC_DeInit                        0x080028c2   Section        0  usbd_cdc.o(i.USBD_CDC_DeInit)
    USBD_CDC_DeInit                          0x080028c3   Thumb Code    60  usbd_cdc.o(i.USBD_CDC_DeInit)
    i.USBD_CDC_EP0_RxReady                   0x080028fe   Section        0  usbd_cdc.o(i.USBD_CDC_EP0_RxReady)
    USBD_CDC_EP0_RxReady                     0x080028ff   Thumb Code    36  usbd_cdc.o(i.USBD_CDC_EP0_RxReady)
    i.USBD_CDC_GetDeviceQualifierDescriptor  0x08002924   Section        0  usbd_cdc.o(i.USBD_CDC_GetDeviceQualifierDescriptor)
    i.USBD_CDC_GetFSCfgDesc                  0x08002930   Section        0  usbd_cdc.o(i.USBD_CDC_GetFSCfgDesc)
    USBD_CDC_GetFSCfgDesc                    0x08002931   Thumb Code     8  usbd_cdc.o(i.USBD_CDC_GetFSCfgDesc)
    i.USBD_CDC_GetHSCfgDesc                  0x0800293c   Section        0  usbd_cdc.o(i.USBD_CDC_GetHSCfgDesc)
    USBD_CDC_GetHSCfgDesc                    0x0800293d   Thumb Code     8  usbd_cdc.o(i.USBD_CDC_GetHSCfgDesc)
    i.USBD_CDC_GetOtherSpeedCfgDesc          0x08002948   Section        0  usbd_cdc.o(i.USBD_CDC_GetOtherSpeedCfgDesc)
    USBD_CDC_GetOtherSpeedCfgDesc            0x08002949   Thumb Code     8  usbd_cdc.o(i.USBD_CDC_GetOtherSpeedCfgDesc)
    i.USBD_CDC_Init                          0x08002954   Section        0  usbd_cdc.o(i.USBD_CDC_Init)
    USBD_CDC_Init                            0x08002955   Thumb Code   136  usbd_cdc.o(i.USBD_CDC_Init)
    i.USBD_CDC_ReceivePacket                 0x080029dc   Section        0  usbd_cdc.o(i.USBD_CDC_ReceivePacket)
    i.USBD_CDC_RegisterInterface             0x08002a04   Section        0  usbd_cdc.o(i.USBD_CDC_RegisterInterface)
    i.USBD_CDC_SetRxBuffer                   0x08002a14   Section        0  usbd_cdc.o(i.USBD_CDC_SetRxBuffer)
    i.USBD_CDC_SetTxBuffer                   0x08002a20   Section        0  usbd_cdc.o(i.USBD_CDC_SetTxBuffer)
    i.USBD_CDC_Setup                         0x08002a30   Section        0  usbd_cdc.o(i.USBD_CDC_Setup)
    USBD_CDC_Setup                           0x08002a31   Thumb Code   106  usbd_cdc.o(i.USBD_CDC_Setup)
    i.USBD_CDC_TransmitPacket                0x08002aa0   Section        0  usbd_cdc.o(i.USBD_CDC_TransmitPacket)
    i.USBD_ClrClassConfig                    0x08002ad0   Section        0  usbd_core.o(i.USBD_ClrClassConfig)
    i.USBD_CtlContinueRx                     0x08002ade   Section        0  usbd_ioreq.o(i.USBD_CtlContinueRx)
    i.USBD_CtlContinueSendData               0x08002aee   Section        0  usbd_ioreq.o(i.USBD_CtlContinueSendData)
    i.USBD_CtlError                          0x08002afe   Section        0  usbd_ctlreq.o(i.USBD_CtlError)
    i.USBD_CtlPrepareRx                      0x08002b14   Section        0  usbd_ioreq.o(i.USBD_CtlPrepareRx)
    i.USBD_CtlReceiveStatus                  0x08002b32   Section        0  usbd_ioreq.o(i.USBD_CtlReceiveStatus)
    i.USBD_CtlSendData                       0x08002b48   Section        0  usbd_ioreq.o(i.USBD_CtlSendData)
    i.USBD_CtlSendStatus                     0x08002b62   Section        0  usbd_ioreq.o(i.USBD_CtlSendStatus)
    i.USBD_FS_ConfigStrDescriptor            0x08002b78   Section        0  usbd_desc.o(i.USBD_FS_ConfigStrDescriptor)
    i.USBD_FS_DeviceDescriptor               0x08002b98   Section        0  usbd_desc.o(i.USBD_FS_DeviceDescriptor)
    i.USBD_FS_InterfaceStrDescriptor         0x08002ba4   Section        0  usbd_desc.o(i.USBD_FS_InterfaceStrDescriptor)
    i.USBD_FS_LangIDStrDescriptor            0x08002bc8   Section        0  usbd_desc.o(i.USBD_FS_LangIDStrDescriptor)
    i.USBD_FS_ManufacturerStrDescriptor      0x08002bd4   Section        0  usbd_desc.o(i.USBD_FS_ManufacturerStrDescriptor)
    i.USBD_FS_ProductStrDescriptor           0x08002bf0   Section        0  usbd_desc.o(i.USBD_FS_ProductStrDescriptor)
    i.USBD_FS_SerialStrDescriptor            0x08002c0c   Section        0  usbd_desc.o(i.USBD_FS_SerialStrDescriptor)
    i.USBD_GetDescriptor                     0x08002c30   Section        0  usbd_ctlreq.o(i.USBD_GetDescriptor)
    USBD_GetDescriptor                       0x08002c31   Thumb Code   224  usbd_ctlreq.o(i.USBD_GetDescriptor)
    i.USBD_GetString                         0x08002d10   Section        0  usbd_ctlreq.o(i.USBD_GetString)
    i.USBD_Init                              0x08002d56   Section        0  usbd_core.o(i.USBD_Init)
    i.USBD_LL_ClearStallEP                   0x08002d80   Section        0  usbd_conf.o(i.USBD_LL_ClearStallEP)
    i.USBD_LL_CloseEP                        0x08002d8e   Section        0  usbd_conf.o(i.USBD_LL_CloseEP)
    i.USBD_LL_DataInStage                    0x08002d9c   Section        0  usbd_core.o(i.USBD_LL_DataInStage)
    i.USBD_LL_DataOutStage                   0x08002e46   Section        0  usbd_core.o(i.USBD_LL_DataOutStage)
    i.USBD_LL_DevConnected                   0x08002eb0   Section        0  usbd_core.o(i.USBD_LL_DevConnected)
    i.USBD_LL_DevDisconnected                0x08002eb4   Section        0  usbd_core.o(i.USBD_LL_DevDisconnected)
    i.USBD_LL_GetRxDataSize                  0x08002eca   Section        0  usbd_conf.o(i.USBD_LL_GetRxDataSize)
    i.USBD_LL_Init                           0x08002ed4   Section        0  usbd_conf.o(i.USBD_LL_Init)
    i.USBD_LL_IsStallEP                      0x08002f30   Section        0  usbd_conf.o(i.USBD_LL_IsStallEP)
    i.USBD_LL_IsoINIncomplete                0x08002f50   Section        0  usbd_core.o(i.USBD_LL_IsoINIncomplete)
    i.USBD_LL_IsoOUTIncomplete               0x08002f54   Section        0  usbd_core.o(i.USBD_LL_IsoOUTIncomplete)
    i.USBD_LL_OpenEP                         0x08002f58   Section        0  usbd_conf.o(i.USBD_LL_OpenEP)
    i.USBD_LL_PrepareReceive                 0x08002f6c   Section        0  usbd_conf.o(i.USBD_LL_PrepareReceive)
    i.USBD_LL_Reset                          0x08002f7a   Section        0  usbd_core.o(i.USBD_LL_Reset)
    i.USBD_LL_Resume                         0x08002fb8   Section        0  usbd_core.o(i.USBD_LL_Resume)
    i.USBD_LL_SOF                            0x08002fc4   Section        0  usbd_core.o(i.USBD_LL_SOF)
    i.USBD_LL_SetSpeed                       0x08002fdc   Section        0  usbd_core.o(i.USBD_LL_SetSpeed)
    i.USBD_LL_SetUSBAddress                  0x08002fe2   Section        0  usbd_conf.o(i.USBD_LL_SetUSBAddress)
    i.USBD_LL_SetupStage                     0x08002ff0   Section        0  usbd_core.o(i.USBD_LL_SetupStage)
    i.USBD_LL_StallEP                        0x0800304a   Section        0  usbd_conf.o(i.USBD_LL_StallEP)
    i.USBD_LL_Start                          0x08003058   Section        0  usbd_conf.o(i.USBD_LL_Start)
    i.USBD_LL_Suspend                        0x08003066   Section        0  usbd_core.o(i.USBD_LL_Suspend)
    i.USBD_LL_Transmit                       0x08003078   Section        0  usbd_conf.o(i.USBD_LL_Transmit)
    i.USBD_ParseSetupRequest                 0x08003086   Section        0  usbd_ctlreq.o(i.USBD_ParseSetupRequest)
    i.USBD_RegisterClass                     0x080030ae   Section        0  usbd_core.o(i.USBD_RegisterClass)
    i.USBD_SetClassConfig                    0x080030be   Section        0  usbd_core.o(i.USBD_SetClassConfig)
    i.USBD_SetConfig                         0x080030d4   Section        0  usbd_ctlreq.o(i.USBD_SetConfig)
    USBD_SetConfig                           0x080030d5   Thumb Code   110  usbd_ctlreq.o(i.USBD_SetConfig)
    i.USBD_Start                             0x08003148   Section        0  usbd_core.o(i.USBD_Start)
    i.USBD_StdDevReq                         0x08003152   Section        0  usbd_ctlreq.o(i.USBD_StdDevReq)
    i.USBD_StdEPReq                          0x08003244   Section        0  usbd_ctlreq.o(i.USBD_StdEPReq)
    i.USBD_StdItfReq                         0x08003320   Section        0  usbd_ctlreq.o(i.USBD_StdItfReq)
    i.USB_ActivateEndpoint                   0x08003354   Section        0  stm32f4xx_ll_usb.o(i.USB_ActivateEndpoint)
    i.USB_ActivateSetup                      0x080033d4   Section        0  stm32f4xx_ll_usb.o(i.USB_ActivateSetup)
    i.USB_CoreInit                           0x08003408   Section        0  stm32f4xx_ll_usb.o(i.USB_CoreInit)
    i.USB_CoreReset                          0x08003474   Section        0  stm32f4xx_ll_usb.o(i.USB_CoreReset)
    USB_CoreReset                            0x08003475   Thumb Code    50  stm32f4xx_ll_usb.o(i.USB_CoreReset)
    i.USB_DeactivateEndpoint                 0x080034ac   Section        0  stm32f4xx_ll_usb.o(i.USB_DeactivateEndpoint)
    i.USB_DevConnect                         0x0800351a   Section        0  stm32f4xx_ll_usb.o(i.USB_DevConnect)
    i.USB_DevDisconnect                      0x08003532   Section        0  stm32f4xx_ll_usb.o(i.USB_DevDisconnect)
    i.USB_DevInit                            0x0800354c   Section        0  stm32f4xx_ll_usb.o(i.USB_DevInit)
    i.USB_DisableGlobalInt                   0x08003690   Section        0  stm32f4xx_ll_usb.o(i.USB_DisableGlobalInt)
    i.USB_EP0StartXfer                       0x0800369c   Section        0  stm32f4xx_ll_usb.o(i.USB_EP0StartXfer)
    i.USB_EP0_OutStart                       0x080037dc   Section        0  stm32f4xx_ll_usb.o(i.USB_EP0_OutStart)
    i.USB_EPClearStall                       0x0800381a   Section        0  stm32f4xx_ll_usb.o(i.USB_EPClearStall)
    i.USB_EPSetStall                         0x0800387e   Section        0  stm32f4xx_ll_usb.o(i.USB_EPSetStall)
    i.USB_EPStartXfer                        0x080038dc   Section        0  stm32f4xx_ll_usb.o(i.USB_EPStartXfer)
    i.USB_EnableGlobalInt                    0x08003af8   Section        0  stm32f4xx_ll_usb.o(i.USB_EnableGlobalInt)
    i.USB_FlushRxFifo                        0x08003b04   Section        0  stm32f4xx_ll_usb.o(i.USB_FlushRxFifo)
    i.USB_FlushTxFifo                        0x08003b24   Section        0  stm32f4xx_ll_usb.o(i.USB_FlushTxFifo)
    i.USB_GetDevSpeed                        0x08003b48   Section        0  stm32f4xx_ll_usb.o(i.USB_GetDevSpeed)
    i.USB_GetMode                            0x08003b84   Section        0  stm32f4xx_ll_usb.o(i.USB_GetMode)
    i.USB_ReadDevAllInEpInterrupt            0x08003b8c   Section        0  stm32f4xx_ll_usb.o(i.USB_ReadDevAllInEpInterrupt)
    i.USB_ReadDevAllOutEpInterrupt           0x08003b9a   Section        0  stm32f4xx_ll_usb.o(i.USB_ReadDevAllOutEpInterrupt)
    i.USB_ReadDevInEPInterrupt               0x08003ba8   Section        0  stm32f4xx_ll_usb.o(i.USB_ReadDevInEPInterrupt)
    i.USB_ReadDevOutEPInterrupt              0x08003bc6   Section        0  stm32f4xx_ll_usb.o(i.USB_ReadDevOutEPInterrupt)
    i.USB_ReadInterrupts                     0x08003bd6   Section        0  stm32f4xx_ll_usb.o(i.USB_ReadInterrupts)
    i.USB_ReadPacket                         0x08003bde   Section        0  stm32f4xx_ll_usb.o(i.USB_ReadPacket)
    i.USB_SetCurrentMode                     0x08003bfe   Section        0  stm32f4xx_ll_usb.o(i.USB_SetCurrentMode)
    i.USB_SetDevAddress                      0x08003c2a   Section        0  stm32f4xx_ll_usb.o(i.USB_SetDevAddress)
    i.USB_WritePacket                        0x08003c4c   Section        0  stm32f4xx_ll_usb.o(i.USB_WritePacket)
    i.__scatterload_copy                     0x08003c74   Section       14  handlers.o(i.__scatterload_copy)
    i.__scatterload_null                     0x08003c82   Section        2  handlers.o(i.__scatterload_null)
    i.__scatterload_zeroinit                 0x08003c84   Section       14  handlers.o(i.__scatterload_zeroinit)
    i.check_fs                               0x08003c94   Section        0  ff.o(i.check_fs)
    check_fs                                 0x08003c95   Thumb Code    90  ff.o(i.check_fs)
    i.chk_chr                                0x08003cf4   Section        0  ff.o(i.chk_chr)
    chk_chr                                  0x08003cf5   Thumb Code    16  ff.o(i.chk_chr)
    i.chk_lock                               0x08003d04   Section        0  ff.o(i.chk_lock)
    chk_lock                                 0x08003d05   Thumb Code   102  ff.o(i.chk_lock)
    i.clear_lock                             0x08003d70   Section        0  ff.o(i.clear_lock)
    clear_lock                               0x08003d71   Thumb Code    32  ff.o(i.clear_lock)
    i.clmt_clust                             0x08003d94   Section        0  ff.o(i.clmt_clust)
    clmt_clust                               0x08003d95   Thumb Code    42  ff.o(i.clmt_clust)
    i.clust2sect                             0x08003dbe   Section        0  ff.o(i.clust2sect)
    i.create_chain                           0x08003ddc   Section        0  ff.o(i.create_chain)
    create_chain                             0x08003ddd   Thumb Code   176  ff.o(i.create_chain)
    i.create_name                            0x08003e8c   Section        0  ff.o(i.create_name)
    create_name                              0x08003e8d   Thumb Code   492  ff.o(i.create_name)
    i.dir_find                               0x08004090   Section        0  ff.o(i.dir_find)
    dir_find                                 0x08004091   Thumb Code   320  ff.o(i.dir_find)
    i.dir_next                               0x080041d4   Section        0  ff.o(i.dir_next)
    dir_next                                 0x080041d5   Thumb Code   286  ff.o(i.dir_next)
    i.dir_register                           0x080042f4   Section        0  ff.o(i.dir_register)
    dir_register                             0x080042f5   Thumb Code   460  ff.o(i.dir_register)
    i.dir_sdi                                0x080044c4   Section        0  ff.o(i.dir_sdi)
    dir_sdi                                  0x080044c5   Thumb Code   152  ff.o(i.dir_sdi)
    i.disk_initialize                        0x0800455c   Section        0  diskio.o(i.disk_initialize)
    i.disk_read                              0x08004580   Section        0  diskio.o(i.disk_read)
    i.disk_status                            0x080045a0   Section        0  diskio.o(i.disk_status)
    i.disk_write                             0x080045b0   Section        0  diskio.o(i.disk_write)
    i.f_mount                                0x080045d0   Section        0  ff.o(i.f_mount)
    i.f_open                                 0x0800462c   Section        0  ff.o(i.f_open)
    i.f_read                                 0x080047fc   Section        0  ff.o(i.f_read)
    i.ff_convert                             0x08004988   Section        0  unicode.o(i.ff_convert)
    i.ff_memalloc                            0x080049c0   Section        0  syscall.o(i.ff_memalloc)
    i.ff_memfree                             0x080049c4   Section        0  syscall.o(i.ff_memfree)
    i.ff_wtoupper                            0x080049c8   Section        0  unicode.o(i.ff_wtoupper)
    i.find_volume                            0x080049ec   Section        0  ff.o(i.find_volume)
    find_volume                              0x080049ed   Thumb Code   588  ff.o(i.find_volume)
    i.follow_path                            0x08004c44   Section        0  ff.o(i.follow_path)
    follow_path                              0x08004c45   Thumb Code   114  ff.o(i.follow_path)
    i.free                                   0x08004cb8   Section        0  malloc.o(i.free)
    i.gen_numname                            0x08004d08   Section        0  ff.o(i.gen_numname)
    gen_numname                              0x08004d09   Thumb Code   122  ff.o(i.gen_numname)
    i.get_fat                                0x08004d88   Section        0  ff.o(i.get_fat)
    i.get_fattime                            0x08004e40   Section        0  diskio.o(i.get_fattime)
    i.get_ldnumber                           0x08004e44   Section        0  ff.o(i.get_ldnumber)
    get_ldnumber                             0x08004e45   Thumb Code    60  ff.o(i.get_ldnumber)
    i.inc_lock                               0x08004e80   Section        0  ff.o(i.inc_lock)
    inc_lock                                 0x08004e81   Thumb Code   154  ff.o(i.inc_lock)
    i.ld_clust                               0x08004f20   Section        0  ff.o(i.ld_clust)
    ld_clust                                 0x08004f21   Thumb Code    20  ff.o(i.ld_clust)
    i.main                                   0x08004f34   Section        0  main.o(i.main)
    i.malloc                                 0x08004fc8   Section        0  malloc.o(i.malloc)
    i.mem_cpy                                0x08005034   Section        0  ff.o(i.mem_cpy)
    mem_cpy                                  0x08005035   Thumb Code    18  ff.o(i.mem_cpy)
    i.mem_set                                0x08005046   Section        0  ff.o(i.mem_set)
    mem_set                                  0x08005047   Thumb Code    14  ff.o(i.mem_set)
    i.move_window                            0x08005054   Section        0  ff.o(i.move_window)
    move_window                              0x08005055   Thumb Code    50  ff.o(i.move_window)
    i.put_fat                                0x08005088   Section        0  ff.o(i.put_fat)
    i.remove_chain                           0x08005186   Section        0  ff.o(i.remove_chain)
    remove_chain                             0x08005187   Thumb Code   110  ff.o(i.remove_chain)
    i.st_clust                               0x080051f4   Section        0  ff.o(i.st_clust)
    st_clust                                 0x080051f5   Thumb Code    16  ff.o(i.st_clust)
    i.sum_sfn                                0x08005204   Section        0  ff.o(i.sum_sfn)
    sum_sfn                                  0x08005205   Thumb Code    26  ff.o(i.sum_sfn)
    i.sync_window                            0x0800521e   Section        0  ff.o(i.sync_window)
    sync_window                              0x0800521f   Thumb Code    90  ff.o(i.sync_window)
    i.validate                               0x08005278   Section        0  ff.o(i.validate)
    validate                                 0x08005279   Thumb Code    48  ff.o(i.validate)
    .constdata                               0x080052a8   Section       16  stm32f4xx_hal_rcc.o(.constdata)
    .constdata                               0x080052b8   Section      186  ff.o(.constdata)
    ExCvt                                    0x080052b8   Data         128  ff.o(.constdata)
    LfnOfs                                   0x08005338   Data          13  ff.o(.constdata)
    vst                                      0x08005346   Data          22  ff.o(.constdata)
    cst                                      0x0800535c   Data          22  ff.o(.constdata)
    .constdata                               0x08005372   Section     1216  unicode.o(.constdata)
    Tbl                                      0x08005372   Data         256  unicode.o(.constdata)
    tbl_lower                                0x08005472   Data         480  unicode.o(.constdata)
    tbl_upper                                0x08005652   Data         480  unicode.o(.constdata)
    .data                                    0x20000000   Section       16  usbd_cdc_if.o(.data)
    .data                                    0x20000010   Section       12  usbd_cdc_if.o(.data)
    .data                                    0x2000001c   Section       28  usbd_desc.o(.data)
    .data                                    0x20000038   Section       22  usbd_desc.o(.data)
    .data                                    0x2000004e   Section        5  fatfs.o(.data)
    .data                                    0x20000054   Section        4  stm32f4xx_hal.o(.data)
    uwTick                                   0x20000054   Data           4  stm32f4xx_hal.o(.data)
    .data                                    0x20000058   Section        4  system_stm32f4xx.o(.data)
    .data                                    0x2000005c   Section      219  usbd_cdc.o(.data)
    ifalt                                    0x2000005c   Data           1  usbd_cdc.o(.data)
    USBD_CDC_DeviceQualifierDesc             0x20000060   Data          10  usbd_cdc.o(.data)
    .data                                    0x20000138   Section       56  usbd_cdc.o(.data)
    .data                                    0x20000170   Section        1  usbd_ctlreq.o(.data)
    cfgidx                                   0x20000170   Data           1  usbd_ctlreq.o(.data)
    .data                                    0x20000174   Section        8  ff.o(.data)
    Fsid                                     0x20000174   Data           2  ff.o(.data)
    FatFs                                    0x20000178   Data           4  ff.o(.data)
    .data                                    0x2000017c   Section        1  sd_diskio.o(.data)
    Stat                                     0x2000017c   Data           1  sd_diskio.o(.data)
    .data                                    0x20000180   Section       20  sd_diskio.o(.data)
    .data                                    0x20000194   Section        4  mvars.o(.data)
    .data                                    0x20000198   Section        4  mvars.o(.data)
    .bss                                     0x2000019c   Section       96  main.o(.bss)
    .bss                                     0x20000200   Section       88  main.o(.bss)
    .bss                                     0x20000258   Section     1024  usbd_cdc_if.o(.bss)
    buff_RX                                  0x20000258   Data         512  usbd_cdc_if.o(.bss)
    buff_TX                                  0x20000458   Data         512  usbd_cdc_if.o(.bss)
    .bss                                     0x20000658   Section      548  usb_device.o(.bss)
    .bss                                     0x2000087c   Section      948  usbd_conf.o(.bss)
    .bss                                     0x20000c30   Section      512  usbd_desc.o(.bss)
    .bss                                     0x20000e30   Section      560  fatfs.o(.bss)
    .bss                                     0x20001060   Section       24  ff.o(.bss)
    Files                                    0x20001060   Data          24  ff.o(.bss)
    .bss                                     0x20001078   Section       12  ff_gen_drv.o(.bss)
    HEAP                                     0x20001088   Section     2048  startup_stm32f429xx.o(HEAP)
    STACK                                    0x20001888   Section     1024  startup_stm32f429xx.o(STACK)

    Global Symbols

    Symbol Name                              Value     Ov Type        Size  Object(Section)

    BuildAttributes$$THM_ISAv4$E$P$D$K$B$S$7EM$VFPi3$EXTD16$VFPS$VFMA$PE$A:L22UL41UL21$X:L11$S22US41US21$IEEE1$IW$USESV6$~STKCKD$USESV7$~SHL$OSPACE$EBA8$MICROLIB$REQ8$PRES8$EABIv2 0x00000000   Number         0  anon$$obj.o ABSOLUTE
    __ARM_use_no_argv                        0x00000000   Number         0  main.o ABSOLUTE
    __cpp_initialize__aeabi_                  - Undefined Weak Reference
    __cxa_finalize                            - Undefined Weak Reference
    _clock_init                               - Undefined Weak Reference
    _microlib_exit                            - Undefined Weak Reference
    __Vectors_Size                           0x000001ac   Number         0  startup_stm32f429xx.o ABSOLUTE
    __Vectors                                0x08000000   Data           4  startup_stm32f429xx.o(RESET)
    __Vectors_End                            0x080001ac   Data           0  startup_stm32f429xx.o(RESET)
    __main                                   0x080001ad   Thumb Code     0  entry.o(.ARM.Collect$$$$00000000)
    _main_stk                                0x080001ad   Thumb Code     0  entry2.o(.ARM.Collect$$$$00000001)
    _main_scatterload                        0x080001b1   Thumb Code     0  entry5.o(.ARM.Collect$$$$00000004)
    __main_after_scatterload                 0x080001b5   Thumb Code     0  entry5.o(.ARM.Collect$$$$00000004)
    _main_clock                              0x080001b5   Thumb Code     0  entry7b.o(.ARM.Collect$$$$00000008)
    _main_cpp_init                           0x080001b5   Thumb Code     0  entry8b.o(.ARM.Collect$$$$0000000A)
    _main_init                               0x080001b5   Thumb Code     0  entry9a.o(.ARM.Collect$$$$0000000B)
    __rt_final_cpp                           0x080001bd   Thumb Code     0  entry10a.o(.ARM.Collect$$$$0000000D)
    __rt_final_exit                          0x080001bd   Thumb Code     0  entry11a.o(.ARM.Collect$$$$0000000F)
    Reset_Handler                            0x080001c1   Thumb Code     8  startup_stm32f429xx.o(.text)
    NMI_Handler                              0x080001c9   Thumb Code     2  startup_stm32f429xx.o(.text)
    HardFault_Handler                        0x080001cb   Thumb Code     2  startup_stm32f429xx.o(.text)
    MemManage_Handler                        0x080001cd   Thumb Code     2  startup_stm32f429xx.o(.text)
    BusFault_Handler                         0x080001cf   Thumb Code     2  startup_stm32f429xx.o(.text)
    UsageFault_Handler                       0x080001d1   Thumb Code     2  startup_stm32f429xx.o(.text)
    SVC_Handler                              0x080001d3   Thumb Code     2  startup_stm32f429xx.o(.text)
    DebugMon_Handler                         0x080001d5   Thumb Code     2  startup_stm32f429xx.o(.text)
    PendSV_Handler                           0x080001d7   Thumb Code     2  startup_stm32f429xx.o(.text)
    ADC_IRQHandler                           0x080001db   Thumb Code     0  startup_stm32f429xx.o(.text)
    CAN1_RX0_IRQHandler                      0x080001db   Thumb Code     0  startup_stm32f429xx.o(.text)
    CAN1_RX1_IRQHandler                      0x080001db   Thumb Code     0  startup_stm32f429xx.o(.text)
    CAN1_SCE_IRQHandler                      0x080001db   Thumb Code     0  startup_stm32f429xx.o(.text)
    CAN1_TX_IRQHandler                       0x080001db   Thumb Code     0  startup_stm32f429xx.o(.text)
    CAN2_RX0_IRQHandler                      0x080001db   Thumb Code     0  startup_stm32f429xx.o(.text)
    CAN2_RX1_IRQHandler                      0x080001db   Thumb Code     0  startup_stm32f429xx.o(.text)
    CAN2_SCE_IRQHandler                      0x080001db   Thumb Code     0  startup_stm32f429xx.o(.text)
    CAN2_TX_IRQHandler                       0x080001db   Thumb Code     0  startup_stm32f429xx.o(.text)
    DCMI_IRQHandler                          0x080001db   Thumb Code     0  startup_stm32f429xx.o(.text)
    DMA1_Stream0_IRQHandler                  0x080001db   Thumb Code     0  startup_stm32f429xx.o(.text)
    DMA1_Stream1_IRQHandler                  0x080001db   Thumb Code     0  startup_stm32f429xx.o(.text)
    DMA1_Stream2_IRQHandler                  0x080001db   Thumb Code     0  startup_stm32f429xx.o(.text)
    DMA1_Stream3_IRQHandler                  0x080001db   Thumb Code     0  startup_stm32f429xx.o(.text)
    DMA1_Stream4_IRQHandler                  0x080001db   Thumb Code     0  startup_stm32f429xx.o(.text)
    DMA1_Stream5_IRQHandler                  0x080001db   Thumb Code     0  startup_stm32f429xx.o(.text)
    DMA1_Stream6_IRQHandler                  0x080001db   Thumb Code     0  startup_stm32f429xx.o(.text)
    DMA1_Stream7_IRQHandler                  0x080001db   Thumb Code     0  startup_stm32f429xx.o(.text)
    DMA2D_IRQHandler                         0x080001db   Thumb Code     0  startup_stm32f429xx.o(.text)
    DMA2_Stream0_IRQHandler                  0x080001db   Thumb Code     0  startup_stm32f429xx.o(.text)
    DMA2_Stream1_IRQHandler                  0x080001db   Thumb Code     0  startup_stm32f429xx.o(.text)
    DMA2_Stream2_IRQHandler                  0x080001db   Thumb Code     0  startup_stm32f429xx.o(.text)
    DMA2_Stream3_IRQHandler                  0x080001db   Thumb Code     0  startup_stm32f429xx.o(.text)
    DMA2_Stream4_IRQHandler                  0x080001db   Thumb Code     0  startup_stm32f429xx.o(.text)
    DMA2_Stream5_IRQHandler                  0x080001db   Thumb Code     0  startup_stm32f429xx.o(.text)
    DMA2_Stream6_IRQHandler                  0x080001db   Thumb Code     0  startup_stm32f429xx.o(.text)
    DMA2_Stream7_IRQHandler                  0x080001db   Thumb Code     0  startup_stm32f429xx.o(.text)
    ETH_IRQHandler                           0x080001db   Thumb Code     0  startup_stm32f429xx.o(.text)
    ETH_WKUP_IRQHandler                      0x080001db   Thumb Code     0  startup_stm32f429xx.o(.text)
    EXTI0_IRQHandler                         0x080001db   Thumb Code     0  startup_stm32f429xx.o(.text)
    EXTI15_10_IRQHandler                     0x080001db   Thumb Code     0  startup_stm32f429xx.o(.text)
    EXTI1_IRQHandler                         0x080001db   Thumb Code     0  startup_stm32f429xx.o(.text)
    EXTI2_IRQHandler                         0x080001db   Thumb Code     0  startup_stm32f429xx.o(.text)
    EXTI3_IRQHandler                         0x080001db   Thumb Code     0  startup_stm32f429xx.o(.text)
    EXTI4_IRQHandler                         0x080001db   Thumb Code     0  startup_stm32f429xx.o(.text)
    EXTI9_5_IRQHandler                       0x080001db   Thumb Code     0  startup_stm32f429xx.o(.text)
    FLASH_IRQHandler                         0x080001db   Thumb Code     0  startup_stm32f429xx.o(.text)
    FMC_IRQHandler                           0x080001db   Thumb Code     0  startup_stm32f429xx.o(.text)
    FPU_IRQHandler                           0x080001db   Thumb Code     0  startup_stm32f429xx.o(.text)
    HASH_RNG_IRQHandler                      0x080001db   Thumb Code     0  startup_stm32f429xx.o(.text)
    I2C1_ER_IRQHandler                       0x080001db   Thumb Code     0  startup_stm32f429xx.o(.text)
    I2C1_EV_IRQHandler                       0x080001db   Thumb Code     0  startup_stm32f429xx.o(.text)
    I2C2_ER_IRQHandler                       0x080001db   Thumb Code     0  startup_stm32f429xx.o(.text)
    I2C2_EV_IRQHandler                       0x080001db   Thumb Code     0  startup_stm32f429xx.o(.text)
    I2C3_ER_IRQHandler                       0x080001db   Thumb Code     0  startup_stm32f429xx.o(.text)
    I2C3_EV_IRQHandler                       0x080001db   Thumb Code     0  startup_stm32f429xx.o(.text)
    LTDC_ER_IRQHandler                       0x080001db   Thumb Code     0  startup_stm32f429xx.o(.text)
    LTDC_IRQHandler                          0x080001db   Thumb Code     0  startup_stm32f429xx.o(.text)
    OTG_FS_WKUP_IRQHandler                   0x080001db   Thumb Code     0  startup_stm32f429xx.o(.text)
    OTG_HS_EP1_IN_IRQHandler                 0x080001db   Thumb Code     0  startup_stm32f429xx.o(.text)
    OTG_HS_EP1_OUT_IRQHandler                0x080001db   Thumb Code     0  startup_stm32f429xx.o(.text)
    OTG_HS_IRQHandler                        0x080001db   Thumb Code     0  startup_stm32f429xx.o(.text)
    OTG_HS_WKUP_IRQHandler                   0x080001db   Thumb Code     0  startup_stm32f429xx.o(.text)
    PVD_IRQHandler                           0x080001db   Thumb Code     0  startup_stm32f429xx.o(.text)
    RCC_IRQHandler                           0x080001db   Thumb Code     0  startup_stm32f429xx.o(.text)
    RTC_Alarm_IRQHandler                     0x080001db   Thumb Code     0  startup_stm32f429xx.o(.text)
    RTC_WKUP_IRQHandler                      0x080001db   Thumb Code     0  startup_stm32f429xx.o(.text)
    SAI1_IRQHandler                          0x080001db   Thumb Code     0  startup_stm32f429xx.o(.text)
    SDIO_IRQHandler                          0x080001db   Thumb Code     0  startup_stm32f429xx.o(.text)
    SPI1_IRQHandler                          0x080001db   Thumb Code     0  startup_stm32f429xx.o(.text)
    SPI2_IRQHandler                          0x080001db   Thumb Code     0  startup_stm32f429xx.o(.text)
    SPI3_IRQHandler                          0x080001db   Thumb Code     0  startup_stm32f429xx.o(.text)
    SPI4_IRQHandler                          0x080001db   Thumb Code     0  startup_stm32f429xx.o(.text)
    SPI5_IRQHandler                          0x080001db   Thumb Code     0  startup_stm32f429xx.o(.text)
    SPI6_IRQHandler                          0x080001db   Thumb Code     0  startup_stm32f429xx.o(.text)
    TAMP_STAMP_IRQHandler                    0x080001db   Thumb Code     0  startup_stm32f429xx.o(.text)
    TIM1_BRK_TIM9_IRQHandler                 0x080001db   Thumb Code     0  startup_stm32f429xx.o(.text)
    TIM1_CC_IRQHandler                       0x080001db   Thumb Code     0  startup_stm32f429xx.o(.text)
    TIM1_TRG_COM_TIM11_IRQHandler            0x080001db   Thumb Code     0  startup_stm32f429xx.o(.text)
    TIM1_UP_TIM10_IRQHandler                 0x080001db   Thumb Code     0  startup_stm32f429xx.o(.text)
    TIM2_IRQHandler                          0x080001db   Thumb Code     0  startup_stm32f429xx.o(.text)
    TIM3_IRQHandler                          0x080001db   Thumb Code     0  startup_stm32f429xx.o(.text)
    TIM4_IRQHandler                          0x080001db   Thumb Code     0  startup_stm32f429xx.o(.text)
    TIM5_IRQHandler                          0x080001db   Thumb Code     0  startup_stm32f429xx.o(.text)
    TIM6_DAC_IRQHandler                      0x080001db   Thumb Code     0  startup_stm32f429xx.o(.text)
    TIM7_IRQHandler                          0x080001db   Thumb Code     0  startup_stm32f429xx.o(.text)
    TIM8_BRK_TIM12_IRQHandler                0x080001db   Thumb Code     0  startup_stm32f429xx.o(.text)
    TIM8_CC_IRQHandler                       0x080001db   Thumb Code     0  startup_stm32f429xx.o(.text)
    TIM8_TRG_COM_TIM14_IRQHandler            0x080001db   Thumb Code     0  startup_stm32f429xx.o(.text)
    TIM8_UP_TIM13_IRQHandler                 0x080001db   Thumb Code     0  startup_stm32f429xx.o(.text)
    UART4_IRQHandler                         0x080001db   Thumb Code     0  startup_stm32f429xx.o(.text)
    UART5_IRQHandler                         0x080001db   Thumb Code     0  startup_stm32f429xx.o(.text)
    UART7_IRQHandler                         0x080001db   Thumb Code     0  startup_stm32f429xx.o(.text)
    UART8_IRQHandler                         0x080001db   Thumb Code     0  startup_stm32f429xx.o(.text)
    USART1_IRQHandler                        0x080001db   Thumb Code     0  startup_stm32f429xx.o(.text)
    USART2_IRQHandler                        0x080001db   Thumb Code     0  startup_stm32f429xx.o(.text)
    USART3_IRQHandler                        0x080001db   Thumb Code     0  startup_stm32f429xx.o(.text)
    USART6_IRQHandler                        0x080001db   Thumb Code     0  startup_stm32f429xx.o(.text)
    WWDG_IRQHandler                          0x080001db   Thumb Code     0  startup_stm32f429xx.o(.text)
    __aeabi_memcpy                           0x080001e5   Thumb Code    36  memcpya.o(.text)
    __aeabi_memcpy4                          0x080001e5   Thumb Code     0  memcpya.o(.text)
    __aeabi_memcpy8                          0x080001e5   Thumb Code     0  memcpya.o(.text)
    __scatterload                            0x08000209   Thumb Code    28  init.o(.text)
    __scatterload_rt2                        0x08000209   Thumb Code     0  init.o(.text)
    __decompress                             0x0800022d   Thumb Code     0  __dczerorl2.o(.text)
    __decompress1                            0x0800022d   Thumb Code    86  __dczerorl2.o(.text)
    BSP_SD_GetCardInfo                       0x08000285   Thumb Code     8  bsp_driver_sd.o(i.BSP_SD_GetCardInfo)
    BSP_SD_GetStatus                         0x08000291   Thumb Code     6  bsp_driver_sd.o(i.BSP_SD_GetStatus)
    BSP_SD_Init                              0x0800029d   Thumb Code    50  bsp_driver_sd.o(i.BSP_SD_Init)
    BSP_SD_ReadBlocks                        0x080002d9   Thumb Code    26  bsp_driver_sd.o(i.BSP_SD_ReadBlocks)
    BSP_SD_WriteBlocks                       0x080002f9   Thumb Code    26  bsp_driver_sd.o(i.BSP_SD_WriteBlocks)
    FATFS_LinkDriver                         0x08000391   Thumb Code    52  ff_gen_drv.o(i.FATFS_LinkDriver)
    HAL_Delay                                0x080003c9   Thumb Code    22  stm32f4xx_hal.o(i.HAL_Delay)
    HAL_GPIO_Init                            0x080003e1   Thumb Code   408  stm32f4xx_hal_gpio.o(i.HAL_GPIO_Init)
    HAL_GetTick                              0x080005ad   Thumb Code     6  stm32f4xx_hal.o(i.HAL_GetTick)
    HAL_IncTick                              0x080005b9   Thumb Code    10  stm32f4xx_hal.o(i.HAL_IncTick)
    HAL_Init                                 0x080005c9   Thumb Code    48  stm32f4xx_hal.o(i.HAL_Init)
    HAL_InitTick                             0x080005fd   Thumb Code    34  stm32f4xx_hal.o(i.HAL_InitTick)
    HAL_MspInit                              0x0800061f   Thumb Code    22  stm32f4xx_hal_msp.o(i.HAL_MspInit)
    HAL_NVIC_EnableIRQ                       0x08000635   Thumb Code    22  stm32f4xx_hal_cortex.o(i.HAL_NVIC_EnableIRQ)
    HAL_NVIC_SetPriority                     0x0800064d   Thumb Code    60  stm32f4xx_hal_cortex.o(i.HAL_NVIC_SetPriority)
    HAL_NVIC_SetPriorityGrouping             0x0800068d   Thumb Code    26  stm32f4xx_hal_cortex.o(i.HAL_NVIC_SetPriorityGrouping)
    HAL_PCDEx_SetRxFiFo                      0x080006b1   Thumb Code     8  stm32f4xx_hal_pcd_ex.o(i.HAL_PCDEx_SetRxFiFo)
    HAL_PCDEx_SetTxFiFo                      0x080006b9   Thumb Code    68  stm32f4xx_hal_pcd_ex.o(i.HAL_PCDEx_SetTxFiFo)
    HAL_PCD_ConnectCallback                  0x080006fd   Thumb Code     8  usbd_conf.o(i.HAL_PCD_ConnectCallback)
    HAL_PCD_DataInStageCallback              0x08000705   Thumb Code    18  usbd_conf.o(i.HAL_PCD_DataInStageCallback)
    HAL_PCD_DataOutStageCallback             0x08000717   Thumb Code    20  usbd_conf.o(i.HAL_PCD_DataOutStageCallback)
    HAL_PCD_DisconnectCallback               0x0800072b   Thumb Code     8  usbd_conf.o(i.HAL_PCD_DisconnectCallback)
    HAL_PCD_EP_Close                         0x08000733   Thumb Code    68  stm32f4xx_hal_pcd.o(i.HAL_PCD_EP_Close)
    HAL_PCD_EP_ClrStall                      0x08000777   Thumb Code    80  stm32f4xx_hal_pcd.o(i.HAL_PCD_EP_ClrStall)
    HAL_PCD_EP_GetRxCount                    0x080007c7   Thumb Code    20  stm32f4xx_hal_pcd.o(i.HAL_PCD_EP_GetRxCount)
    HAL_PCD_EP_Open                          0x080007db   Thumb Code    84  stm32f4xx_hal_pcd.o(i.HAL_PCD_EP_Open)
    HAL_PCD_EP_Receive                       0x08000831   Thumb Code    94  stm32f4xx_hal_pcd.o(i.HAL_PCD_EP_Receive)
    HAL_PCD_EP_SetStall                      0x0800088f   Thumb Code    96  stm32f4xx_hal_pcd.o(i.HAL_PCD_EP_SetStall)
    HAL_PCD_EP_Transmit                      0x080008ef   Thumb Code    86  stm32f4xx_hal_pcd.o(i.HAL_PCD_EP_Transmit)
    HAL_PCD_IRQHandler                       0x08000945   Thumb Code   996  stm32f4xx_hal_pcd.o(i.HAL_PCD_IRQHandler)
    HAL_PCD_ISOINIncompleteCallback          0x08000d29   Thumb Code     8  usbd_conf.o(i.HAL_PCD_ISOINIncompleteCallback)
    HAL_PCD_ISOOUTIncompleteCallback         0x08000d31   Thumb Code     8  usbd_conf.o(i.HAL_PCD_ISOOUTIncompleteCallback)
    HAL_PCD_Init                             0x08000d39   Thumb Code   190  stm32f4xx_hal_pcd.o(i.HAL_PCD_Init)
    HAL_PCD_MspInit                          0x08000df9   Thumb Code   112  usbd_conf.o(i.HAL_PCD_MspInit)
    HAL_PCD_ResetCallback                    0x08000e71   Thumb Code    32  usbd_conf.o(i.HAL_PCD_ResetCallback)
    HAL_PCD_ResumeCallback                   0x08000e91   Thumb Code     8  usbd_conf.o(i.HAL_PCD_ResumeCallback)
    HAL_PCD_SOFCallback                      0x08000e99   Thumb Code     8  usbd_conf.o(i.HAL_PCD_SOFCallback)
    HAL_PCD_SetAddress                       0x08000ea1   Thumb Code    36  stm32f4xx_hal_pcd.o(i.HAL_PCD_SetAddress)
    HAL_PCD_SetupStageCallback               0x08000ec5   Thumb Code    14  usbd_conf.o(i.HAL_PCD_SetupStageCallback)
    HAL_PCD_Start                            0x08000ed3   Thumb Code    42  stm32f4xx_hal_pcd.o(i.HAL_PCD_Start)
    HAL_PCD_SuspendCallback                  0x08000efd   Thumb Code    44  usbd_conf.o(i.HAL_PCD_SuspendCallback)
    HAL_RCC_ClockConfig                      0x08000f2d   Thumb Code   514  stm32f4xx_hal_rcc.o(i.HAL_RCC_ClockConfig)
    HAL_RCC_GetHCLKFreq                      0x08001139   Thumb Code    38  stm32f4xx_hal_rcc.o(i.HAL_RCC_GetHCLKFreq)
    HAL_RCC_GetSysClockFreq                  0x0800116d   Thumb Code   104  stm32f4xx_hal_rcc.o(i.HAL_RCC_GetSysClockFreq)
    HAL_RCC_OscConfig                        0x080011dd   Thumb Code   806  stm32f4xx_hal_rcc.o(i.HAL_RCC_OscConfig)
    HAL_SD_GetStatus                         0x08001519   Thumb Code    78  stm32f4xx_hal_sd.o(i.HAL_SD_GetStatus)
    HAL_SD_Get_CardInfo                      0x08001567   Thumb Code   696  stm32f4xx_hal_sd.o(i.HAL_SD_Get_CardInfo)
    HAL_SD_Init                              0x0800181f   Thumb Code   160  stm32f4xx_hal_sd.o(i.HAL_SD_Init)
    HAL_SD_MspInit                           0x080018c1   Thumb Code    72  stm32f4xx_hal_msp.o(i.HAL_SD_MspInit)
    HAL_SD_ReadBlocks                        0x08001919   Thumb Code   380  stm32f4xx_hal_sd.o(i.HAL_SD_ReadBlocks)
    HAL_SD_StopTransfer                      0x08001a95   Thumb Code    44  stm32f4xx_hal_sd.o(i.HAL_SD_StopTransfer)
    HAL_SD_WideBusOperation_Config           0x08001ac1   Thumb Code    94  stm32f4xx_hal_sd.o(i.HAL_SD_WideBusOperation_Config)
    HAL_SD_WriteBlocks                       0x08001b21   Thumb Code   472  stm32f4xx_hal_sd.o(i.HAL_SD_WriteBlocks)
    HAL_SYSTICK_CLKSourceConfig              0x08001cf9   Thumb Code    24  stm32f4xx_hal_cortex.o(i.HAL_SYSTICK_CLKSourceConfig)
    HAL_SYSTICK_Callback                     0x08001d11   Thumb Code     2  stm32f4xx_hal_cortex.o(i.HAL_SYSTICK_Callback)
    HAL_SYSTICK_Config                       0x08001d13   Thumb Code    40  stm32f4xx_hal_cortex.o(i.HAL_SYSTICK_Config)
    HAL_SYSTICK_IRQHandler                   0x08001d3b   Thumb Code     8  stm32f4xx_hal_cortex.o(i.HAL_SYSTICK_IRQHandler)
    MX_FATFS_Init                            0x08001d45   Thumb Code    30  fatfs.o(i.MX_FATFS_Init)
    MX_USB_DEVICE_Init                       0x08001de9   Thumb Code    38  usb_device.o(i.MX_USB_DEVICE_Init)
    OTG_FS_IRQHandler                        0x08001e41   Thumb Code     6  stm32f4xx_it.o(i.OTG_FS_IRQHandler)
    SDIO_DataConfig                          0x08001ee3   Thumb Code    36  stm32f4xx_ll_sdmmc.o(i.SDIO_DataConfig)
    SDIO_GetCommandResponse                  0x08001f07   Thumb Code     6  stm32f4xx_ll_sdmmc.o(i.SDIO_GetCommandResponse)
    SDIO_GetPowerState                       0x08001f0d   Thumb Code     8  stm32f4xx_ll_sdmmc.o(i.SDIO_GetPowerState)
    SDIO_GetResponse                         0x08001f15   Thumb Code    12  stm32f4xx_ll_sdmmc.o(i.SDIO_GetResponse)
    SDIO_Init                                0x08001f25   Thumb Code    36  stm32f4xx_ll_sdmmc.o(i.SDIO_Init)
    SDIO_PowerState_ON                       0x08001f49   Thumb Code     8  stm32f4xx_ll_sdmmc.o(i.SDIO_PowerState_ON)
    SDIO_ReadFIFO                            0x08001f51   Thumb Code     6  stm32f4xx_ll_sdmmc.o(i.SDIO_ReadFIFO)
    SDIO_SendCommand                         0x08001f57   Thumb Code    32  stm32f4xx_ll_sdmmc.o(i.SDIO_SendCommand)
    SDIO_WriteFIFO                           0x08001f77   Thumb Code    10  stm32f4xx_ll_sdmmc.o(i.SDIO_WriteFIFO)
    SD_initialize                            0x080026cd   Thumb Code    26  sd_diskio.o(i.SD_initialize)
    SD_ioctl                                 0x080026ed   Thumb Code    76  sd_diskio.o(i.SD_ioctl)
    SD_read                                  0x0800273d   Thumb Code    28  sd_diskio.o(i.SD_read)
    SD_status                                0x08002759   Thumb Code    26  sd_diskio.o(i.SD_status)
    SD_write                                 0x08002779   Thumb Code    28  sd_diskio.o(i.SD_write)
    SysTick_Handler                          0x08002795   Thumb Code    14  stm32f4xx_it.o(i.SysTick_Handler)
    SystemClock_Config                       0x080027a5   Thumb Code   128  main.o(i.SystemClock_Config)
    SystemInit                               0x0800282d   Thumb Code    66  system_stm32f4xx.o(i.SystemInit)
    USBD_CDC_GetDeviceQualifierDescriptor    0x08002925   Thumb Code     8  usbd_cdc.o(i.USBD_CDC_GetDeviceQualifierDescriptor)
    USBD_CDC_ReceivePacket                   0x080029dd   Thumb Code    40  usbd_cdc.o(i.USBD_CDC_ReceivePacket)
    USBD_CDC_RegisterInterface               0x08002a05   Thumb Code    16  usbd_cdc.o(i.USBD_CDC_RegisterInterface)
    USBD_CDC_SetRxBuffer                     0x08002a15   Thumb Code    12  usbd_cdc.o(i.USBD_CDC_SetRxBuffer)
    USBD_CDC_SetTxBuffer                     0x08002a21   Thumb Code    16  usbd_cdc.o(i.USBD_CDC_SetTxBuffer)
    USBD_CDC_TransmitPacket                  0x08002aa1   Thumb Code    48  usbd_cdc.o(i.USBD_CDC_TransmitPacket)
    USBD_ClrClassConfig                      0x08002ad1   Thumb Code    14  usbd_core.o(i.USBD_ClrClassConfig)
    USBD_CtlContinueRx                       0x08002adf   Thumb Code    16  usbd_ioreq.o(i.USBD_CtlContinueRx)
    USBD_CtlContinueSendData                 0x08002aef   Thumb Code    16  usbd_ioreq.o(i.USBD_CtlContinueSendData)
    USBD_CtlError                            0x08002aff   Thumb Code    22  usbd_ctlreq.o(i.USBD_CtlError)
    USBD_CtlPrepareRx                        0x08002b15   Thumb Code    30  usbd_ioreq.o(i.USBD_CtlPrepareRx)
    USBD_CtlReceiveStatus                    0x08002b33   Thumb Code    22  usbd_ioreq.o(i.USBD_CtlReceiveStatus)
    USBD_CtlSendData                         0x08002b49   Thumb Code    26  usbd_ioreq.o(i.USBD_CtlSendData)
    USBD_CtlSendStatus                       0x08002b63   Thumb Code    22  usbd_ioreq.o(i.USBD_CtlSendStatus)
    USBD_FS_ConfigStrDescriptor              0x08002b79   Thumb Code    16  usbd_desc.o(i.USBD_FS_ConfigStrDescriptor)
    USBD_FS_DeviceDescriptor                 0x08002b99   Thumb Code     8  usbd_desc.o(i.USBD_FS_DeviceDescriptor)
    USBD_FS_InterfaceStrDescriptor           0x08002ba5   Thumb Code    16  usbd_desc.o(i.USBD_FS_InterfaceStrDescriptor)
    USBD_FS_LangIDStrDescriptor              0x08002bc9   Thumb Code     8  usbd_desc.o(i.USBD_FS_LangIDStrDescriptor)
    USBD_FS_ManufacturerStrDescriptor        0x08002bd5   Thumb Code    16  usbd_desc.o(i.USBD_FS_ManufacturerStrDescriptor)
    USBD_FS_ProductStrDescriptor             0x08002bf1   Thumb Code    16  usbd_desc.o(i.USBD_FS_ProductStrDescriptor)
    USBD_FS_SerialStrDescriptor              0x08002c0d   Thumb Code    16  usbd_desc.o(i.USBD_FS_SerialStrDescriptor)
    USBD_GetString                           0x08002d11   Thumb Code    70  usbd_ctlreq.o(i.USBD_GetString)
    USBD_Init                                0x08002d57   Thumb Code    42  usbd_core.o(i.USBD_Init)
    USBD_LL_ClearStallEP                     0x08002d81   Thumb Code    14  usbd_conf.o(i.USBD_LL_ClearStallEP)
    USBD_LL_CloseEP                          0x08002d8f   Thumb Code    14  usbd_conf.o(i.USBD_LL_CloseEP)
    USBD_LL_DataInStage                      0x08002d9d   Thumb Code   170  usbd_core.o(i.USBD_LL_DataInStage)
    USBD_LL_DataOutStage                     0x08002e47   Thumb Code   106  usbd_core.o(i.USBD_LL_DataOutStage)
    USBD_LL_DevConnected                     0x08002eb1   Thumb Code     4  usbd_core.o(i.USBD_LL_DevConnected)
    USBD_LL_DevDisconnected                  0x08002eb5   Thumb Code    22  usbd_core.o(i.USBD_LL_DevDisconnected)
    USBD_LL_GetRxDataSize                    0x08002ecb   Thumb Code     8  usbd_conf.o(i.USBD_LL_GetRxDataSize)
    USBD_LL_Init                             0x08002ed5   Thumb Code    88  usbd_conf.o(i.USBD_LL_Init)
    USBD_LL_IsStallEP                        0x08002f31   Thumb Code    32  usbd_conf.o(i.USBD_LL_IsStallEP)
    USBD_LL_IsoINIncomplete                  0x08002f51   Thumb Code     4  usbd_core.o(i.USBD_LL_IsoINIncomplete)
    USBD_LL_IsoOUTIncomplete                 0x08002f55   Thumb Code     4  usbd_core.o(i.USBD_LL_IsoOUTIncomplete)
    USBD_LL_OpenEP                           0x08002f59   Thumb Code    20  usbd_conf.o(i.USBD_LL_OpenEP)
    USBD_LL_PrepareReceive                   0x08002f6d   Thumb Code    14  usbd_conf.o(i.USBD_LL_PrepareReceive)
    USBD_LL_Reset                            0x08002f7b   Thumb Code    62  usbd_core.o(i.USBD_LL_Reset)
    USBD_LL_Resume                           0x08002fb9   Thumb Code    12  usbd_core.o(i.USBD_LL_Resume)
    USBD_LL_SOF                              0x08002fc5   Thumb Code    24  usbd_core.o(i.USBD_LL_SOF)
    USBD_LL_SetSpeed                         0x08002fdd   Thumb Code     6  usbd_core.o(i.USBD_LL_SetSpeed)
    USBD_LL_SetUSBAddress                    0x08002fe3   Thumb Code    14  usbd_conf.o(i.USBD_LL_SetUSBAddress)
    USBD_LL_SetupStage                       0x08002ff1   Thumb Code    90  usbd_core.o(i.USBD_LL_SetupStage)
    USBD_LL_StallEP                          0x0800304b   Thumb Code    14  usbd_conf.o(i.USBD_LL_StallEP)
    USBD_LL_Start                            0x08003059   Thumb Code    14  usbd_conf.o(i.USBD_LL_Start)
    USBD_LL_Suspend                          0x08003067   Thumb Code    18  usbd_core.o(i.USBD_LL_Suspend)
    USBD_LL_Transmit                         0x08003079   Thumb Code    14  usbd_conf.o(i.USBD_LL_Transmit)
    USBD_ParseSetupRequest                   0x08003087   Thumb Code    40  usbd_ctlreq.o(i.USBD_ParseSetupRequest)
    USBD_RegisterClass                       0x080030af   Thumb Code    16  usbd_core.o(i.USBD_RegisterClass)
    USBD_SetClassConfig                      0x080030bf   Thumb Code    22  usbd_core.o(i.USBD_SetClassConfig)
    USBD_Start                               0x08003149   Thumb Code    10  usbd_core.o(i.USBD_Start)
    USBD_StdDevReq                           0x08003153   Thumb Code   242  usbd_ctlreq.o(i.USBD_StdDevReq)
    USBD_StdEPReq                            0x08003245   Thumb Code   220  usbd_ctlreq.o(i.USBD_StdEPReq)
    USBD_StdItfReq                           0x08003321   Thumb Code    52  usbd_ctlreq.o(i.USBD_StdItfReq)
    USB_ActivateEndpoint                     0x08003355   Thumb Code   122  stm32f4xx_ll_usb.o(i.USB_ActivateEndpoint)
    USB_ActivateSetup                        0x080033d5   Thumb Code    52  stm32f4xx_ll_usb.o(i.USB_ActivateSetup)
    USB_CoreInit                             0x08003409   Thumb Code   104  stm32f4xx_ll_usb.o(i.USB_CoreInit)
    USB_DeactivateEndpoint                   0x080034ad   Thumb Code   110  stm32f4xx_ll_usb.o(i.USB_DeactivateEndpoint)
    USB_DevConnect                           0x0800351b   Thumb Code    24  stm32f4xx_ll_usb.o(i.USB_DevConnect)
    USB_DevDisconnect                        0x08003533   Thumb Code    24  stm32f4xx_ll_usb.o(i.USB_DevDisconnect)
    USB_DevInit                              0x0800354d   Thumb Code   306  stm32f4xx_ll_usb.o(i.USB_DevInit)
    USB_DisableGlobalInt                     0x08003691   Thumb Code    12  stm32f4xx_ll_usb.o(i.USB_DisableGlobalInt)
    USB_EP0StartXfer                         0x0800369d   Thumb Code   316  stm32f4xx_ll_usb.o(i.USB_EP0StartXfer)
    USB_EP0_OutStart                         0x080037dd   Thumb Code    62  stm32f4xx_ll_usb.o(i.USB_EP0_OutStart)
    USB_EPClearStall                         0x0800381b   Thumb Code   100  stm32f4xx_ll_usb.o(i.USB_EPClearStall)
    USB_EPSetStall                           0x0800387f   Thumb Code    94  stm32f4xx_ll_usb.o(i.USB_EPSetStall)
    USB_EPStartXfer                          0x080038dd   Thumb Code   534  stm32f4xx_ll_usb.o(i.USB_EPStartXfer)
    USB_EnableGlobalInt                      0x08003af9   Thumb Code    12  stm32f4xx_ll_usb.o(i.USB_EnableGlobalInt)
    USB_FlushRxFifo                          0x08003b05   Thumb Code    28  stm32f4xx_ll_usb.o(i.USB_FlushRxFifo)
    USB_FlushTxFifo                          0x08003b25   Thumb Code    32  stm32f4xx_ll_usb.o(i.USB_FlushTxFifo)
    USB_GetDevSpeed                          0x08003b49   Thumb Code    60  stm32f4xx_ll_usb.o(i.USB_GetDevSpeed)
    USB_GetMode                              0x08003b85   Thumb Code     8  stm32f4xx_ll_usb.o(i.USB_GetMode)
    USB_ReadDevAllInEpInterrupt              0x08003b8d   Thumb Code    14  stm32f4xx_ll_usb.o(i.USB_ReadDevAllInEpInterrupt)
    USB_ReadDevAllOutEpInterrupt             0x08003b9b   Thumb Code    14  stm32f4xx_ll_usb.o(i.USB_ReadDevAllOutEpInterrupt)
    USB_ReadDevInEPInterrupt                 0x08003ba9   Thumb Code    30  stm32f4xx_ll_usb.o(i.USB_ReadDevInEPInterrupt)
    USB_ReadDevOutEPInterrupt                0x08003bc7   Thumb Code    16  stm32f4xx_ll_usb.o(i.USB_ReadDevOutEPInterrupt)
    USB_ReadInterrupts                       0x08003bd7   Thumb Code     8  stm32f4xx_ll_usb.o(i.USB_ReadInterrupts)
    USB_ReadPacket                           0x08003bdf   Thumb Code    32  stm32f4xx_ll_usb.o(i.USB_ReadPacket)
    USB_SetCurrentMode                       0x08003bff   Thumb Code    44  stm32f4xx_ll_usb.o(i.USB_SetCurrentMode)
    USB_SetDevAddress                        0x08003c2b   Thumb Code    34  stm32f4xx_ll_usb.o(i.USB_SetDevAddress)
    USB_WritePacket                          0x08003c4d   Thumb Code    40  stm32f4xx_ll_usb.o(i.USB_WritePacket)
    __scatterload_copy                       0x08003c75   Thumb Code    14  handlers.o(i.__scatterload_copy)
    __scatterload_null                       0x08003c83   Thumb Code     2  handlers.o(i.__scatterload_null)
    __scatterload_zeroinit                   0x08003c85   Thumb Code    14  handlers.o(i.__scatterload_zeroinit)
    clust2sect                               0x08003dbf   Thumb Code    30  ff.o(i.clust2sect)
    disk_initialize                          0x0800455d   Thumb Code    30  diskio.o(i.disk_initialize)
    disk_read                                0x08004581   Thumb Code    28  diskio.o(i.disk_read)
    disk_status                              0x080045a1   Thumb Code    12  diskio.o(i.disk_status)
    disk_write                               0x080045b1   Thumb Code    28  diskio.o(i.disk_write)
    f_mount                                  0x080045d1   Thumb Code    88  ff.o(i.f_mount)
    f_open                                   0x0800462d   Thumb Code   460  ff.o(i.f_open)
    f_read                                   0x080047fd   Thumb Code   396  ff.o(i.f_read)
    ff_convert                               0x08004989   Thumb Code    52  unicode.o(i.ff_convert)
    ff_memalloc                              0x080049c1   Thumb Code     4  syscall.o(i.ff_memalloc)
    ff_memfree                               0x080049c5   Thumb Code     4  syscall.o(i.ff_memfree)
    ff_wtoupper                              0x080049c9   Thumb Code    28  unicode.o(i.ff_wtoupper)
    free                                     0x08004cb9   Thumb Code    76  malloc.o(i.free)
    get_fat                                  0x08004d89   Thumb Code   184  ff.o(i.get_fat)
    get_fattime                              0x08004e41   Thumb Code     4  diskio.o(i.get_fattime)
    main                                     0x08004f35   Thumb Code   100  main.o(i.main)
    malloc                                   0x08004fc9   Thumb Code    92  malloc.o(i.malloc)
    put_fat                                  0x08005089   Thumb Code   254  ff.o(i.put_fat)
    APBAHBPrescTable                         0x080052a8   Data          16  stm32f4xx_hal_rcc.o(.constdata)
    Region$$Table$$Base                      0x08005834   Number         0  anon$$obj.o(Region$$Table)
    Region$$Table$$Limit                     0x08005854   Number         0  anon$$obj.o(Region$$Table)
    USBD_Interface_fops_FS                   0x20000000   Data          16  usbd_cdc_if.o(.data)
    UserRxBufferFS                           0x20000010   Data           4  usbd_cdc_if.o(.data)
    UserTxBufferFS                           0x20000014   Data           4  usbd_cdc_if.o(.data)
    hUsbDevice_0                             0x20000018   Data           4  usbd_cdc_if.o(.data)
    FS_Desc                                  0x2000001c   Data          28  usbd_desc.o(.data)
    USBD_LangIDDesc                          0x20000038   Data           4  usbd_desc.o(.data)
    USBD_FS_DeviceDesc                       0x2000003c   Data          18  usbd_desc.o(.data)
    retSD                                    0x2000004e   Data           1  fatfs.o(.data)
    SD_Path                                  0x2000004f   Data           4  fatfs.o(.data)
    SystemCoreClock                          0x20000058   Data           4  system_stm32f4xx.o(.data)
    USBD_CDC_CfgHSDesc                       0x2000006c   Data          67  usbd_cdc.o(.data)
    USBD_CDC_CfgFSDesc                       0x200000b0   Data          67  usbd_cdc.o(.data)
    USBD_CDC_OtherSpeedCfgDesc               0x200000f4   Data          67  usbd_cdc.o(.data)
    USBD_CDC                                 0x20000138   Data          56  usbd_cdc.o(.data)
    SD_Driver                                0x20000180   Data          20  sd_diskio.o(.data)
    __microlib_freelist                      0x20000194   Data           4  mvars.o(.data)
    __microlib_freelist_initialised          0x20000198   Data           4  mvars.o(.data)
    hsd                                      0x2000019c   Data          96  main.o(.bss)
    SDCardInfo                               0x20000200   Data          88  main.o(.bss)
    hUsbDeviceFS                             0x20000658   Data         548  usb_device.o(.bss)
    hpcd_USB_OTG_FS                          0x2000087c   Data         948  usbd_conf.o(.bss)
    USBD_StrDesc                             0x20000c30   Data         512  usbd_desc.o(.bss)
    SDFatFs                                  0x20000e30   Data         560  fatfs.o(.bss)
    disk                                     0x20001078   Data          12  ff_gen_drv.o(.bss)
    __heap_base                              0x20001088   Data           0  startup_stm32f429xx.o(HEAP)
    __heap_limit                             0x20001888   Data           0  startup_stm32f429xx.o(HEAP)
    __initial_sp                             0x20001c88   Data           0  startup_stm32f429xx.o(STACK)



==============================================================================

Memory Map of the image

  Image Entry point : 0x080001ad

  Load Region LR_IROM1 (Base: 0x08000000, Size: 0x000059f0, Max: 0x00100000, ABSOLUTE, COMPRESSED[0x00005920])

    Execution Region ER_IROM1 (Base: 0x08000000, Size: 0x00005854, Max: 0x00100000, ABSOLUTE)

    Base Addr    Size         Type   Attr      Idx    E Section Name        Object

    0x08000000   0x000001ac   Data   RO            3    RESET               startup_stm32f429xx.o
    0x080001ac   0x00000000   Code   RO         3953  * .ARM.Collect$$$$00000000  mc_w.l(entry.o)
    0x080001ac   0x00000004   Code   RO         3990    .ARM.Collect$$$$00000001  mc_w.l(entry2.o)
    0x080001b0   0x00000004   Code   RO         3993    .ARM.Collect$$$$00000004  mc_w.l(entry5.o)
    0x080001b4   0x00000000   Code   RO         3995    .ARM.Collect$$$$00000008  mc_w.l(entry7b.o)
    0x080001b4   0x00000000   Code   RO         3997    .ARM.Collect$$$$0000000A  mc_w.l(entry8b.o)
    0x080001b4   0x00000008   Code   RO         3998    .ARM.Collect$$$$0000000B  mc_w.l(entry9a.o)
    0x080001bc   0x00000000   Code   RO         4000    .ARM.Collect$$$$0000000D  mc_w.l(entry10a.o)
    0x080001bc   0x00000000   Code   RO         4002    .ARM.Collect$$$$0000000F  mc_w.l(entry11a.o)
    0x080001bc   0x00000004   Code   RO         3991    .ARM.Collect$$$$00002712  mc_w.l(entry2.o)
    0x080001c0   0x00000024   Code   RO            4    .text               startup_stm32f429xx.o
    0x080001e4   0x00000024   Code   RO         3956    .text               mc_w.l(memcpya.o)
    0x08000208   0x00000024   Code   RO         4006    .text               mc_w.l(init.o)
    0x0800022c   0x00000056   Code   RO         4016    .text               mc_w.l(__dczerorl2.o)
    0x08000282   0x00000002   PAD
    0x08000284   0x0000000c   Code   RO          631    i.BSP_SD_GetCardInfo  bsp_driver_sd.o
    0x08000290   0x0000000c   Code   RO          632    i.BSP_SD_GetStatus  bsp_driver_sd.o
    0x0800029c   0x0000003c   Code   RO          635    i.BSP_SD_Init       bsp_driver_sd.o
    0x080002d8   0x00000020   Code   RO          637    i.BSP_SD_ReadBlocks  bsp_driver_sd.o
    0x080002f8   0x00000020   Code   RO          639    i.BSP_SD_WriteBlocks  bsp_driver_sd.o
    0x08000318   0x00000004   Code   RO          278    i.CDC_Control_FS    usbd_cdc_if.o
    0x0800031c   0x00000004   Code   RO          279    i.CDC_DeInit_FS     usbd_cdc_if.o
    0x08000320   0x00000024   Code   RO          280    i.CDC_Init_FS       usbd_cdc_if.o
    0x08000344   0x0000004c   Code   RO          281    i.CDC_Receive_FS    usbd_cdc_if.o
    0x08000390   0x00000038   Code   RO         3781    i.FATFS_LinkDriver  ff_gen_drv.o
    0x080003c8   0x00000016   Code   RO          772    i.HAL_Delay         stm32f4xx_hal.o
    0x080003de   0x00000002   PAD
    0x080003e0   0x000001cc   Code   RO         1158    i.HAL_GPIO_Init     stm32f4xx_hal_gpio.o
    0x080005ac   0x0000000c   Code   RO          780    i.HAL_GetTick       stm32f4xx_hal.o
    0x080005b8   0x00000010   Code   RO          781    i.HAL_IncTick       stm32f4xx_hal.o
    0x080005c8   0x00000034   Code   RO          782    i.HAL_Init          stm32f4xx_hal.o
    0x080005fc   0x00000022   Code   RO          783    i.HAL_InitTick      stm32f4xx_hal.o
    0x0800061e   0x00000016   Code   RO          242    i.HAL_MspInit       stm32f4xx_hal_msp.o
    0x08000634   0x00000016   Code   RO         1698    i.HAL_NVIC_EnableIRQ  stm32f4xx_hal_cortex.o
    0x0800064a   0x00000002   PAD
    0x0800064c   0x00000040   Code   RO         1704    i.HAL_NVIC_SetPriority  stm32f4xx_hal_cortex.o
    0x0800068c   0x00000024   Code   RO         1705    i.HAL_NVIC_SetPriorityGrouping  stm32f4xx_hal_cortex.o
    0x080006b0   0x00000008   Code   RO         2615    i.HAL_PCDEx_SetRxFiFo  stm32f4xx_hal_pcd_ex.o
    0x080006b8   0x00000044   Code   RO         2616    i.HAL_PCDEx_SetTxFiFo  stm32f4xx_hal_pcd_ex.o
    0x080006fc   0x00000008   Code   RO          369    i.HAL_PCD_ConnectCallback  usbd_conf.o
    0x08000704   0x00000012   Code   RO          370    i.HAL_PCD_DataInStageCallback  usbd_conf.o
    0x08000716   0x00000014   Code   RO          371    i.HAL_PCD_DataOutStageCallback  usbd_conf.o
    0x0800072a   0x00000008   Code   RO          372    i.HAL_PCD_DisconnectCallback  usbd_conf.o
    0x08000732   0x00000044   Code   RO         2409    i.HAL_PCD_EP_Close  stm32f4xx_hal_pcd.o
    0x08000776   0x00000050   Code   RO         2410    i.HAL_PCD_EP_ClrStall  stm32f4xx_hal_pcd.o
    0x080007c6   0x00000014   Code   RO         2412    i.HAL_PCD_EP_GetRxCount  stm32f4xx_hal_pcd.o
    0x080007da   0x00000054   Code   RO         2413    i.HAL_PCD_EP_Open   stm32f4xx_hal_pcd.o
    0x0800082e   0x00000002   PAD
    0x08000830   0x0000005e   Code   RO         2414    i.HAL_PCD_EP_Receive  stm32f4xx_hal_pcd.o
    0x0800088e   0x00000060   Code   RO         2415    i.HAL_PCD_EP_SetStall  stm32f4xx_hal_pcd.o
    0x080008ee   0x00000056   Code   RO         2416    i.HAL_PCD_EP_Transmit  stm32f4xx_hal_pcd.o
    0x08000944   0x000003e4   Code   RO         2418    i.HAL_PCD_IRQHandler  stm32f4xx_hal_pcd.o
    0x08000d28   0x00000008   Code   RO          373    i.HAL_PCD_ISOINIncompleteCallback  usbd_conf.o
    0x08000d30   0x00000008   Code   RO          374    i.HAL_PCD_ISOOUTIncompleteCallback  usbd_conf.o
    0x08000d38   0x000000be   Code   RO         2421    i.HAL_PCD_Init      stm32f4xx_hal_pcd.o
    0x08000df6   0x00000002   PAD
    0x08000df8   0x00000078   Code   RO          376    i.HAL_PCD_MspInit   usbd_conf.o
    0x08000e70   0x00000020   Code   RO          377    i.HAL_PCD_ResetCallback  usbd_conf.o
    0x08000e90   0x00000008   Code   RO          378    i.HAL_PCD_ResumeCallback  usbd_conf.o
    0x08000e98   0x00000008   Code   RO          379    i.HAL_PCD_SOFCallback  usbd_conf.o
    0x08000ea0   0x00000024   Code   RO         2427    i.HAL_PCD_SetAddress  stm32f4xx_hal_pcd.o
    0x08000ec4   0x0000000e   Code   RO          380    i.HAL_PCD_SetupStageCallback  usbd_conf.o
    0x08000ed2   0x0000002a   Code   RO         2429    i.HAL_PCD_Start     stm32f4xx_hal_pcd.o
    0x08000efc   0x00000030   Code   RO          381    i.HAL_PCD_SuspendCallback  usbd_conf.o
    0x08000f2c   0x0000020c   Code   RO         1402    i.HAL_RCC_ClockConfig  stm32f4xx_hal_rcc.o
    0x08001138   0x00000034   Code   RO         1407    i.HAL_RCC_GetHCLKFreq  stm32f4xx_hal_rcc.o
    0x0800116c   0x00000070   Code   RO         1411    i.HAL_RCC_GetSysClockFreq  stm32f4xx_hal_rcc.o
    0x080011dc   0x0000033c   Code   RO         1414    i.HAL_RCC_OscConfig  stm32f4xx_hal_rcc.o
    0x08001518   0x0000004e   Code   RO         2654    i.HAL_SD_GetStatus  stm32f4xx_hal_sd.o
    0x08001566   0x000002b8   Code   RO         2655    i.HAL_SD_Get_CardInfo  stm32f4xx_hal_sd.o
    0x0800181e   0x000000a0   Code   RO         2658    i.HAL_SD_Init       stm32f4xx_hal_sd.o
    0x080018be   0x00000002   PAD
    0x080018c0   0x00000058   Code   RO          244    i.HAL_SD_MspInit    stm32f4xx_hal_msp.o
    0x08001918   0x0000017c   Code   RO         2661    i.HAL_SD_ReadBlocks  stm32f4xx_hal_sd.o
    0x08001a94   0x0000002c   Code   RO         2664    i.HAL_SD_StopTransfer  stm32f4xx_hal_sd.o
    0x08001ac0   0x0000005e   Code   RO         2665    i.HAL_SD_WideBusOperation_Config  stm32f4xx_hal_sd.o
    0x08001b1e   0x00000002   PAD
    0x08001b20   0x000001d8   Code   RO         2666    i.HAL_SD_WriteBlocks  stm32f4xx_hal_sd.o
    0x08001cf8   0x00000018   Code   RO         1707    i.HAL_SYSTICK_CLKSourceConfig  stm32f4xx_hal_cortex.o
    0x08001d10   0x00000002   Code   RO         1708    i.HAL_SYSTICK_Callback  stm32f4xx_hal_cortex.o
    0x08001d12   0x00000028   Code   RO         1709    i.HAL_SYSTICK_Config  stm32f4xx_hal_cortex.o
    0x08001d3a   0x00000008   Code   RO         1710    i.HAL_SYSTICK_IRQHandler  stm32f4xx_hal_cortex.o
    0x08001d42   0x00000002   PAD
    0x08001d44   0x0000002c   Code   RO          734    i.MX_FATFS_Init     fatfs.o
    0x08001d70   0x00000078   Code   RO           13    i.MX_GPIO_Init      main.o
    0x08001de8   0x00000038   Code   RO          331    i.MX_USB_DEVICE_Init  usb_device.o
    0x08001e20   0x00000020   Code   RO         1711    i.NVIC_SetPriority  stm32f4xx_hal_cortex.o
    0x08001e40   0x0000000c   Code   RO          208    i.OTG_FS_IRQHandler  stm32f4xx_it.o
    0x08001e4c   0x00000096   Code   RO         2432    i.PCD_WriteEmptyTxFifo  stm32f4xx_hal_pcd.o
    0x08001ee2   0x00000024   Code   RO         2883    i.SDIO_DataConfig   stm32f4xx_ll_sdmmc.o
    0x08001f06   0x00000006   Code   RO         2884    i.SDIO_GetCommandResponse  stm32f4xx_ll_sdmmc.o
    0x08001f0c   0x00000008   Code   RO         2887    i.SDIO_GetPowerState  stm32f4xx_ll_sdmmc.o
    0x08001f14   0x00000010   Code   RO         2888    i.SDIO_GetResponse  stm32f4xx_ll_sdmmc.o
    0x08001f24   0x00000024   Code   RO         2889    i.SDIO_Init         stm32f4xx_ll_sdmmc.o
    0x08001f48   0x00000008   Code   RO         2891    i.SDIO_PowerState_ON  stm32f4xx_ll_sdmmc.o
    0x08001f50   0x00000006   Code   RO         2892    i.SDIO_ReadFIFO     stm32f4xx_ll_sdmmc.o
    0x08001f56   0x00000020   Code   RO         2893    i.SDIO_SendCommand  stm32f4xx_ll_sdmmc.o
    0x08001f76   0x0000000a   Code   RO         2895    i.SDIO_WriteFIFO    stm32f4xx_ll_sdmmc.o
    0x08001f80   0x000000ec   Code   RO         2670    i.SD_CmdResp1Error  stm32f4xx_hal_sd.o
    0x0800206c   0x0000002e   Code   RO         2671    i.SD_CmdResp2Error  stm32f4xx_hal_sd.o
    0x0800209a   0x00000072   Code   RO         2672    i.SD_CmdResp6Error  stm32f4xx_hal_sd.o
    0x0800210c   0x00000040   Code   RO         2673    i.SD_CmdResp7Error  stm32f4xx_hal_sd.o
    0x0800214c   0x0000010a   Code   RO         2678    i.SD_FindSCR        stm32f4xx_hal_sd.o
    0x08002256   0x000000dc   Code   RO         2679    i.SD_Initialize_Cards  stm32f4xx_hal_sd.o
    0x08002332   0x00000002   PAD
    0x08002334   0x0000013c   Code   RO         2680    i.SD_IsCardProgramming  stm32f4xx_hal_sd.o
    0x08002470   0x00000174   Code   RO         2681    i.SD_PowerON        stm32f4xx_hal_sd.o
    0x080025e4   0x00000072   Code   RO         2682    i.SD_WideBus_Disable  stm32f4xx_hal_sd.o
    0x08002656   0x00000074   Code   RO         2683    i.SD_WideBus_Enable  stm32f4xx_hal_sd.o
    0x080026ca   0x00000002   PAD
    0x080026cc   0x00000020   Code   RO         3897    i.SD_initialize     sd_diskio.o
    0x080026ec   0x00000050   Code   RO         3898    i.SD_ioctl          sd_diskio.o
    0x0800273c   0x0000001c   Code   RO         3899    i.SD_read           sd_diskio.o
    0x08002758   0x00000020   Code   RO         3900    i.SD_status         sd_diskio.o
    0x08002778   0x0000001c   Code   RO         3901    i.SD_write          sd_diskio.o
    0x08002794   0x0000000e   Code   RO          209    i.SysTick_Handler   stm32f4xx_it.o
    0x080027a2   0x00000002   PAD
    0x080027a4   0x00000088   Code   RO           14    i.SystemClock_Config  main.o
    0x0800282c   0x00000054   Code   RO         2980    i.SystemInit        system_stm32f4xx.o
    0x08002880   0x00000014   Code   RO         3154    i.USBD_CDC_DataIn   usbd_cdc.o
    0x08002894   0x0000002e   Code   RO         3155    i.USBD_CDC_DataOut  usbd_cdc.o
    0x080028c2   0x0000003c   Code   RO         3156    i.USBD_CDC_DeInit   usbd_cdc.o
    0x080028fe   0x00000024   Code   RO         3157    i.USBD_CDC_EP0_RxReady  usbd_cdc.o
    0x08002922   0x00000002   PAD
    0x08002924   0x0000000c   Code   RO         3158    i.USBD_CDC_GetDeviceQualifierDescriptor  usbd_cdc.o
    0x08002930   0x0000000c   Code   RO         3159    i.USBD_CDC_GetFSCfgDesc  usbd_cdc.o
    0x0800293c   0x0000000c   Code   RO         3160    i.USBD_CDC_GetHSCfgDesc  usbd_cdc.o
    0x08002948   0x0000000c   Code   RO         3161    i.USBD_CDC_GetOtherSpeedCfgDesc  usbd_cdc.o
    0x08002954   0x00000088   Code   RO         3162    i.USBD_CDC_Init     usbd_cdc.o
    0x080029dc   0x00000028   Code   RO         3163    i.USBD_CDC_ReceivePacket  usbd_cdc.o
    0x08002a04   0x00000010   Code   RO         3164    i.USBD_CDC_RegisterInterface  usbd_cdc.o
    0x08002a14   0x0000000c   Code   RO         3165    i.USBD_CDC_SetRxBuffer  usbd_cdc.o
    0x08002a20   0x00000010   Code   RO         3166    i.USBD_CDC_SetTxBuffer  usbd_cdc.o
    0x08002a30   0x00000070   Code   RO         3167    i.USBD_CDC_Setup    usbd_cdc.o
    0x08002aa0   0x00000030   Code   RO         3168    i.USBD_CDC_TransmitPacket  usbd_cdc.o
    0x08002ad0   0x0000000e   Code   RO         3016    i.USBD_ClrClassConfig  usbd_core.o
    0x08002ade   0x00000010   Code   RO         3260    i.USBD_CtlContinueRx  usbd_ioreq.o
    0x08002aee   0x00000010   Code   RO         3261    i.USBD_CtlContinueSendData  usbd_ioreq.o
    0x08002afe   0x00000016   Code   RO         3320    i.USBD_CtlError     usbd_ctlreq.o
    0x08002b14   0x0000001e   Code   RO         3262    i.USBD_CtlPrepareRx  usbd_ioreq.o
    0x08002b32   0x00000016   Code   RO         3263    i.USBD_CtlReceiveStatus  usbd_ioreq.o
    0x08002b48   0x0000001a   Code   RO         3264    i.USBD_CtlSendData  usbd_ioreq.o
    0x08002b62   0x00000016   Code   RO         3265    i.USBD_CtlSendStatus  usbd_ioreq.o
    0x08002b78   0x00000020   Code   RO          558    i.USBD_FS_ConfigStrDescriptor  usbd_desc.o
    0x08002b98   0x0000000c   Code   RO          559    i.USBD_FS_DeviceDescriptor  usbd_desc.o
    0x08002ba4   0x00000024   Code   RO          560    i.USBD_FS_InterfaceStrDescriptor  usbd_desc.o
    0x08002bc8   0x0000000c   Code   RO          561    i.USBD_FS_LangIDStrDescriptor  usbd_desc.o
    0x08002bd4   0x0000001c   Code   RO          562    i.USBD_FS_ManufacturerStrDescriptor  usbd_desc.o
    0x08002bf0   0x0000001c   Code   RO          563    i.USBD_FS_ProductStrDescriptor  usbd_desc.o
    0x08002c0c   0x00000024   Code   RO          564    i.USBD_FS_SerialStrDescriptor  usbd_desc.o
    0x08002c30   0x000000e0   Code   RO         3321    i.USBD_GetDescriptor  usbd_ctlreq.o
    0x08002d10   0x00000046   Code   RO         3322    i.USBD_GetString    usbd_ctlreq.o
    0x08002d56   0x0000002a   Code   RO         3018    i.USBD_Init         usbd_core.o
    0x08002d80   0x0000000e   Code   RO          382    i.USBD_LL_ClearStallEP  usbd_conf.o
    0x08002d8e   0x0000000e   Code   RO          383    i.USBD_LL_CloseEP   usbd_conf.o
    0x08002d9c   0x000000aa   Code   RO         3019    i.USBD_LL_DataInStage  usbd_core.o
    0x08002e46   0x0000006a   Code   RO         3020    i.USBD_LL_DataOutStage  usbd_core.o
    0x08002eb0   0x00000004   Code   RO         3021    i.USBD_LL_DevConnected  usbd_core.o
    0x08002eb4   0x00000016   Code   RO         3022    i.USBD_LL_DevDisconnected  usbd_core.o
    0x08002eca   0x00000008   Code   RO          387    i.USBD_LL_GetRxDataSize  usbd_conf.o
    0x08002ed2   0x00000002   PAD
    0x08002ed4   0x0000005c   Code   RO          388    i.USBD_LL_Init      usbd_conf.o
    0x08002f30   0x00000020   Code   RO          389    i.USBD_LL_IsStallEP  usbd_conf.o
    0x08002f50   0x00000004   Code   RO         3023    i.USBD_LL_IsoINIncomplete  usbd_core.o
    0x08002f54   0x00000004   Code   RO         3024    i.USBD_LL_IsoOUTIncomplete  usbd_core.o
    0x08002f58   0x00000014   Code   RO          390    i.USBD_LL_OpenEP    usbd_conf.o
    0x08002f6c   0x0000000e   Code   RO          391    i.USBD_LL_PrepareReceive  usbd_conf.o
    0x08002f7a   0x0000003e   Code   RO         3025    i.USBD_LL_Reset     usbd_core.o
    0x08002fb8   0x0000000c   Code   RO         3026    i.USBD_LL_Resume    usbd_core.o
    0x08002fc4   0x00000018   Code   RO         3027    i.USBD_LL_SOF       usbd_core.o
    0x08002fdc   0x00000006   Code   RO         3028    i.USBD_LL_SetSpeed  usbd_core.o
    0x08002fe2   0x0000000e   Code   RO          392    i.USBD_LL_SetUSBAddress  usbd_conf.o
    0x08002ff0   0x0000005a   Code   RO         3029    i.USBD_LL_SetupStage  usbd_core.o
    0x0800304a   0x0000000e   Code   RO          393    i.USBD_LL_StallEP   usbd_conf.o
    0x08003058   0x0000000e   Code   RO          394    i.USBD_LL_Start     usbd_conf.o
    0x08003066   0x00000012   Code   RO         3030    i.USBD_LL_Suspend   usbd_core.o
    0x08003078   0x0000000e   Code   RO          396    i.USBD_LL_Transmit  usbd_conf.o
    0x08003086   0x00000028   Code   RO         3323    i.USBD_ParseSetupRequest  usbd_ctlreq.o
    0x080030ae   0x00000010   Code   RO         3031    i.USBD_RegisterClass  usbd_core.o
    0x080030be   0x00000016   Code   RO         3033    i.USBD_SetClassConfig  usbd_core.o
    0x080030d4   0x00000074   Code   RO         3324    i.USBD_SetConfig    usbd_ctlreq.o
    0x08003148   0x0000000a   Code   RO         3034    i.USBD_Start        usbd_core.o
    0x08003152   0x000000f2   Code   RO         3325    i.USBD_StdDevReq    usbd_ctlreq.o
    0x08003244   0x000000dc   Code   RO         3326    i.USBD_StdEPReq     usbd_ctlreq.o
    0x08003320   0x00000034   Code   RO         3327    i.USBD_StdItfReq    usbd_ctlreq.o
    0x08003354   0x00000080   Code   RO         2118    i.USB_ActivateEndpoint  stm32f4xx_ll_usb.o
    0x080033d4   0x00000034   Code   RO         2119    i.USB_ActivateSetup  stm32f4xx_ll_usb.o
    0x08003408   0x0000006c   Code   RO         2121    i.USB_CoreInit      stm32f4xx_ll_usb.o
    0x08003474   0x00000038   Code   RO         2122    i.USB_CoreReset     stm32f4xx_ll_usb.o
    0x080034ac   0x0000006e   Code   RO         2124    i.USB_DeactivateEndpoint  stm32f4xx_ll_usb.o
    0x0800351a   0x00000018   Code   RO         2125    i.USB_DevConnect    stm32f4xx_ll_usb.o
    0x08003532   0x00000018   Code   RO         2126    i.USB_DevDisconnect  stm32f4xx_ll_usb.o
    0x0800354a   0x00000002   PAD
    0x0800354c   0x00000144   Code   RO         2127    i.USB_DevInit       stm32f4xx_ll_usb.o
    0x08003690   0x0000000c   Code   RO         2128    i.USB_DisableGlobalInt  stm32f4xx_ll_usb.o
    0x0800369c   0x00000140   Code   RO         2131    i.USB_EP0StartXfer  stm32f4xx_ll_usb.o
    0x080037dc   0x0000003e   Code   RO         2132    i.USB_EP0_OutStart  stm32f4xx_ll_usb.o
    0x0800381a   0x00000064   Code   RO         2133    i.USB_EPClearStall  stm32f4xx_ll_usb.o
    0x0800387e   0x0000005e   Code   RO         2134    i.USB_EPSetStall    stm32f4xx_ll_usb.o
    0x080038dc   0x0000021c   Code   RO         2135    i.USB_EPStartXfer   stm32f4xx_ll_usb.o
    0x08003af8   0x0000000c   Code   RO         2136    i.USB_EnableGlobalInt  stm32f4xx_ll_usb.o
    0x08003b04   0x00000020   Code   RO         2137    i.USB_FlushRxFifo   stm32f4xx_ll_usb.o
    0x08003b24   0x00000024   Code   RO         2138    i.USB_FlushTxFifo   stm32f4xx_ll_usb.o
    0x08003b48   0x0000003c   Code   RO         2140    i.USB_GetDevSpeed   stm32f4xx_ll_usb.o
    0x08003b84   0x00000008   Code   RO         2142    i.USB_GetMode       stm32f4xx_ll_usb.o
    0x08003b8c   0x0000000e   Code   RO         2149    i.USB_ReadDevAllInEpInterrupt  stm32f4xx_ll_usb.o
    0x08003b9a   0x0000000e   Code   RO         2150    i.USB_ReadDevAllOutEpInterrupt  stm32f4xx_ll_usb.o
    0x08003ba8   0x0000001e   Code   RO         2151    i.USB_ReadDevInEPInterrupt  stm32f4xx_ll_usb.o
    0x08003bc6   0x00000010   Code   RO         2152    i.USB_ReadDevOutEPInterrupt  stm32f4xx_ll_usb.o
    0x08003bd6   0x00000008   Code   RO         2153    i.USB_ReadInterrupts  stm32f4xx_ll_usb.o
    0x08003bde   0x00000020   Code   RO         2154    i.USB_ReadPacket    stm32f4xx_ll_usb.o
    0x08003bfe   0x0000002c   Code   RO         2156    i.USB_SetCurrentMode  stm32f4xx_ll_usb.o
    0x08003c2a   0x00000022   Code   RO         2157    i.USB_SetDevAddress  stm32f4xx_ll_usb.o
    0x08003c4c   0x00000028   Code   RO         2161    i.USB_WritePacket   stm32f4xx_ll_usb.o
    0x08003c74   0x0000000e   Code   RO         4010    i.__scatterload_copy  mc_w.l(handlers.o)
    0x08003c82   0x00000002   Code   RO         4011    i.__scatterload_null  mc_w.l(handlers.o)
    0x08003c84   0x0000000e   Code   RO         4012    i.__scatterload_zeroinit  mc_w.l(handlers.o)
    0x08003c92   0x00000002   PAD
    0x08003c94   0x00000060   Code   RO         3440    i.check_fs          ff.o
    0x08003cf4   0x00000010   Code   RO         3441    i.chk_chr           ff.o
    0x08003d04   0x0000006c   Code   RO         3442    i.chk_lock          ff.o
    0x08003d70   0x00000024   Code   RO         3443    i.clear_lock        ff.o
    0x08003d94   0x0000002a   Code   RO         3444    i.clmt_clust        ff.o
    0x08003dbe   0x0000001e   Code   RO         3445    i.clust2sect        ff.o
    0x08003ddc   0x000000b0   Code   RO         3446    i.create_chain      ff.o
    0x08003e8c   0x00000204   Code   RO         3447    i.create_name       ff.o
    0x08004090   0x00000144   Code   RO         3449    i.dir_find          ff.o
    0x080041d4   0x0000011e   Code   RO         3450    i.dir_next          ff.o
    0x080042f2   0x00000002   PAD
    0x080042f4   0x000001d0   Code   RO         3452    i.dir_register      ff.o
    0x080044c4   0x00000098   Code   RO         3454    i.dir_sdi           ff.o
    0x0800455c   0x00000024   Code   RO         3385    i.disk_initialize   diskio.o
    0x08004580   0x00000020   Code   RO         3387    i.disk_read         diskio.o
    0x080045a0   0x00000010   Code   RO         3388    i.disk_status       diskio.o
    0x080045b0   0x00000020   Code   RO         3389    i.disk_write        diskio.o
    0x080045d0   0x0000005c   Code   RO         3463    i.f_mount           ff.o
    0x0800462c   0x000001d0   Code   RO         3464    i.f_open            ff.o
    0x080047fc   0x0000018c   Code   RO         3469    i.f_read            ff.o
    0x08004988   0x00000038   Code   RO         3862    i.ff_convert        unicode.o
    0x080049c0   0x00000004   Code   RO         3819    i.ff_memalloc       syscall.o
    0x080049c4   0x00000004   Code   RO         3820    i.ff_memfree        syscall.o
    0x080049c8   0x00000024   Code   RO         3863    i.ff_wtoupper       unicode.o
    0x080049ec   0x00000258   Code   RO         3478    i.find_volume       ff.o
    0x08004c44   0x00000072   Code   RO         3479    i.follow_path       ff.o
    0x08004cb6   0x00000002   PAD
    0x08004cb8   0x00000050   Code   RO         3962    i.free              mc_w.l(malloc.o)
    0x08004d08   0x00000080   Code   RO         3480    i.gen_numname       ff.o
    0x08004d88   0x000000b8   Code   RO         3481    i.get_fat           ff.o
    0x08004e40   0x00000004   Code   RO         3390    i.get_fattime       diskio.o
    0x08004e44   0x0000003c   Code   RO         3483    i.get_ldnumber      ff.o
    0x08004e80   0x000000a0   Code   RO         3484    i.inc_lock          ff.o
    0x08004f20   0x00000014   Code   RO         3485    i.ld_clust          ff.o
    0x08004f34   0x00000094   Code   RO           15    i.main              main.o
    0x08004fc8   0x0000006c   Code   RO         3963    i.malloc            mc_w.l(malloc.o)
    0x08005034   0x00000012   Code   RO         3486    i.mem_cpy           ff.o
    0x08005046   0x0000000e   Code   RO         3487    i.mem_set           ff.o
    0x08005054   0x00000032   Code   RO         3488    i.move_window       ff.o
    0x08005086   0x00000002   PAD
    0x08005088   0x000000fe   Code   RO         3489    i.put_fat           ff.o
    0x08005186   0x0000006e   Code   RO         3491    i.remove_chain      ff.o
    0x080051f4   0x00000010   Code   RO         3492    i.st_clust          ff.o
    0x08005204   0x0000001a   Code   RO         3493    i.sum_sfn           ff.o
    0x0800521e   0x0000005a   Code   RO         3495    i.sync_window       ff.o
    0x08005278   0x00000030   Code   RO         3496    i.validate          ff.o
    0x080052a8   0x00000010   Data   RO         1415    .constdata          stm32f4xx_hal_rcc.o
    0x080052b8   0x000000ba   Data   RO         3498    .constdata          ff.o
    0x08005372   0x000004c0   Data   RO         3864    .constdata          unicode.o
    0x08005832   0x00000002   PAD
    0x08005834   0x00000020   Data   RO         4008    Region$$Table       anon$$obj.o


    Execution Region RW_IRAM1 (Base: 0x20000000, Size: 0x00001c88, Max: 0x00030000, ABSOLUTE, COMPRESSED[0x000000cc])

    Base Addr    Size         Type   Attr      Idx    E Section Name        Object

    0x20000000   0x00000010   Data   RW          284    .data               usbd_cdc_if.o
    0x20000010   0x0000000c   Data   RW          285    .data               usbd_cdc_if.o
    0x2000001c   0x0000001c   Data   RW          566    .data               usbd_desc.o
    0x20000038   0x00000016   Data   RW          567    .data               usbd_desc.o
    0x2000004e   0x00000005   Data   RW          736    .data               fatfs.o
    0x20000053   0x00000001   PAD
    0x20000054   0x00000004   Data   RW          788    .data               stm32f4xx_hal.o
    0x20000058   0x00000004   Data   RW         2982    .data               system_stm32f4xx.o
    0x2000005c   0x000000db   Data   RW         3169    .data               usbd_cdc.o
    0x20000137   0x00000001   PAD
    0x20000138   0x00000038   Data   RW         3170    .data               usbd_cdc.o
    0x20000170   0x00000001   Data   RW         3328    .data               usbd_ctlreq.o
    0x20000171   0x00000003   PAD
    0x20000174   0x00000008   Data   RW         3499    .data               ff.o
    0x2000017c   0x00000001   Data   RW         3902    .data               sd_diskio.o
    0x2000017d   0x00000003   PAD
    0x20000180   0x00000014   Data   RW         3903    .data               sd_diskio.o
    0x20000194   0x00000004   Data   RW         4004    .data               mc_w.l(mvars.o)
    0x20000198   0x00000004   Data   RW         4005    .data               mc_w.l(mvars.o)
    0x2000019c   0x00000060   Zero   RW           16    .bss                main.o
    0x200001fc   0x00000004   PAD
    0x20000200   0x00000058   Zero   RW           17    .bss                main.o
    0x20000258   0x00000400   Zero   RW          283    .bss                usbd_cdc_if.o
    0x20000658   0x00000224   Zero   RW          332    .bss                usb_device.o
    0x2000087c   0x000003b4   Zero   RW          397    .bss                usbd_conf.o
    0x20000c30   0x00000200   Zero   RW          565    .bss                usbd_desc.o
    0x20000e30   0x00000230   Zero   RW          735    .bss                fatfs.o
    0x20001060   0x00000018   Zero   RW         3497    .bss                ff.o
    0x20001078   0x0000000c   Zero   RW         3783    .bss                ff_gen_drv.o
    0x20001084   0x00000004   PAD
    0x20001088   0x00000800   Zero   RW            2    HEAP                startup_stm32f429xx.o
    0x20001888   0x00000400   Zero   RW            1    STACK               startup_stm32f429xx.o


==============================================================================

Image component sizes


      Code (inc. data)   RO Data    RW Data    ZI Data      Debug   Object Name

       148         32          0          0          0       3266   bsp_driver_sd.o
       120         18          0          0          0       3418   diskio.o
        44         14          0          5        560       1004   fatfs.o
      5090         80        186          8         24      34374   ff.o
        56          4          0          0         12        962   ff_gen_drv.o
       404         64          0          0        184     409240   main.o
       200         16          0         21          0       4052   sd_diskio.o
        36          8        428          0       3072        952   startup_stm32f429xx.o
       136         16          0          4          0       4150   stm32f4xx_hal.o
       228         14          0          0          0      31833   stm32f4xx_hal_cortex.o
       460         52          0          0          0       1868   stm32f4xx_hal_gpio.o
       110         16          0          0          0       1455   stm32f4xx_hal_msp.o
      1942          0          0          0          0      10957   stm32f4xx_hal_pcd.o
        76          0          0          0          0       1800   stm32f4xx_hal_pcd_ex.o
      1516         54         16          0          0       4949   stm32f4xx_hal_rcc.o
      3788         20          0          0          0      21039   stm32f4xx_hal_sd.o
        26          6          0          0          0        954   stm32f4xx_it.o
       158          4          0          0          0       5853   stm32f4xx_ll_sdmmc.o
      2334         52          0          0          0      20160   stm32f4xx_ll_usb.o
         8          0          0          0          0       1583   syscall.o
        84         18          0          4          0       1337   system_stm32f4xx.o
        92         12       1216          0          0       1975   unicode.o
        56         18          0          0        548        720   usb_device.o
       590         22          0        275          0      12866   usbd_cdc.o
       120         20          0         28       1024       2835   usbd_cdc_if.o
       550         16          0          0        948      13246   usbd_conf.o
       626          0          0          0          0      11754   usbd_core.o
       986         30          0          1          0       7896   usbd_ctlreq.o
       184         88          0         50        512       5027   usbd_desc.o
       132          0          0          0          0       4372   usbd_ioreq.o

    ----------------------------------------------------------------------
     20332        694       1880        404       6892     625897   Object Totals
         0          0         32          0          0          0   (incl. Generated)
        32          0          2          8          8          0   (incl. Padding)

    ----------------------------------------------------------------------

      Code (inc. data)   RO Data    RW Data    ZI Data      Debug   Library Member Name

        86          0          0          0          0          0   __dczerorl2.o
         0          0          0          0          0          0   entry.o
         0          0          0          0          0          0   entry10a.o
         0          0          0          0          0          0   entry11a.o
         8          4          0          0          0          0   entry2.o
         4          0          0          0          0          0   entry5.o
         0          0          0          0          0          0   entry7b.o
         0          0          0          0          0          0   entry8b.o
         8          4          0          0          0          0   entry9a.o
        30          0          0          0          0          0   handlers.o
        36          8          0          0          0         68   init.o
       188         20          0          0          0        160   malloc.o
        36          0          0          0          0         68   memcpya.o
         0          0          0          8          0          0   mvars.o

    ----------------------------------------------------------------------
       400         36          0          8          0        296   Library Totals
         4          0          0          0          0          0   (incl. Padding)

    ----------------------------------------------------------------------

      Code (inc. data)   RO Data    RW Data    ZI Data      Debug   Library Name

       396         36          0          8          0        296   mc_w.l

    ----------------------------------------------------------------------
       400         36          0          8          0        296   Library Totals

    ----------------------------------------------------------------------

==============================================================================


      Code (inc. data)   RO Data    RW Data    ZI Data      Debug   

     20732        730       1880        412       6892     604373   Grand Totals
     20732        730       1880        204       6892     604373   ELF Image Totals (compressed)
     20732        730       1880        204          0          0   ROM Totals

==============================================================================

    Total RO  Size (Code + RO Data)                22612 (  22.08kB)
    Total RW  Size (RW Data + ZI Data)              7304 (   7.13kB)
    Total ROM Size (Code + RO Data + RW Data)      22816 (  22.28kB)

==============================================================================

